Component: ARM Compiler 5.06 update 6 (build 750) Tool: armlink [4d35ed]

==============================================================================

Section Cross References

    bai3.o(i.Counter_Inc_Read) refers to stm32f10x_rcc.o(i.RCC_APB1PeriphClockCmd) for RCC_APB1PeriphClockCmd
    bai3.o(i.Counter_Inc_Read) refers to stm32f10x_pwr.o(i.PWR_BackupAccessCmd) for PWR_BackupAccessCmd
    bai3.o(i.Counter_Inc_Read) refers to stm32f10x_bkp.o(i.BKP_ReadBackupRegister) for BKP_ReadBackupRegister
    bai3.o(i.Counter_Inc_Read) refers to stm32f10x_bkp.o(i.BKP_WriteBackupRegister) for BKP_WriteBackupRegister
    bai3.o(i.IO_AllB_ToAnalog) refers to stm32f10x_rcc.o(i.RCC_APB2PeriphClockCmd) for RCC_APB2PeriphClockCmd
    bai3.o(i.IO_AllB_ToAnalog) refers to stm32f10x_gpio.o(i.GPIO_StructInit) for GPIO_StructInit
    bai3.o(i.IO_AllB_ToAnalog) refers to stm32f10x_gpio.o(i.GPIO_Init) for GPIO_Init
    bai3.o(i.MARKER_Init_PC13) refers to stm32f10x_rcc.o(i.RCC_APB2PeriphClockCmd) for RCC_APB2PeriphClockCmd
    bai3.o(i.MARKER_Init_PC13) refers to stm32f10x_gpio.o(i.GPIO_StructInit) for GPIO_StructInit
    bai3.o(i.MARKER_Init_PC13) refers to stm32f10x_gpio.o(i.GPIO_Init) for GPIO_Init
    bai3.o(i.MARKER_Run_OFF) refers to stm32f10x_gpio.o(i.GPIO_SetBits) for GPIO_SetBits
    bai3.o(i.MARKER_Run_ON) refers to stm32f10x_gpio.o(i.GPIO_ResetBits) for GPIO_ResetBits
    bai3.o(i.MARKER_To_Analog) refers to stm32f10x_gpio.o(i.GPIO_StructInit) for GPIO_StructInit
    bai3.o(i.MARKER_To_Analog) refers to stm32f10x_gpio.o(i.GPIO_Init) for GPIO_Init
    bai3.o(i.RTC_Ensure_1Hz_InitOnce) refers to stm32f10x_rcc.o(i.RCC_APB1PeriphClockCmd) for RCC_APB1PeriphClockCmd
    bai3.o(i.RTC_Ensure_1Hz_InitOnce) refers to stm32f10x_pwr.o(i.PWR_BackupAccessCmd) for PWR_BackupAccessCmd
    bai3.o(i.RTC_Ensure_1Hz_InitOnce) refers to stm32f10x_bkp.o(i.BKP_ReadBackupRegister) for BKP_ReadBackupRegister
    bai3.o(i.RTC_Ensure_1Hz_InitOnce) refers to stm32f10x_rcc.o(i.RCC_LSEConfig) for RCC_LSEConfig
    bai3.o(i.RTC_Ensure_1Hz_InitOnce) refers to stm32f10x_rcc.o(i.RCC_GetFlagStatus) for RCC_GetFlagStatus
    bai3.o(i.RTC_Ensure_1Hz_InitOnce) refers to stm32f10x_rcc.o(i.RCC_RTCCLKConfig) for RCC_RTCCLKConfig
    bai3.o(i.RTC_Ensure_1Hz_InitOnce) refers to stm32f10x_rcc.o(i.RCC_LSICmd) for RCC_LSICmd
    bai3.o(i.RTC_Ensure_1Hz_InitOnce) refers to stm32f10x_rcc.o(i.RCC_RTCCLKCmd) for RCC_RTCCLKCmd
    bai3.o(i.RTC_Ensure_1Hz_InitOnce) refers to stm32f10x_rtc.o(i.RTC_WaitForSynchro) for RTC_WaitForSynchro
    bai3.o(i.RTC_Ensure_1Hz_InitOnce) refers to stm32f10x_rtc.o(i.RTC_WaitForLastTask) for RTC_WaitForLastTask
    bai3.o(i.RTC_Ensure_1Hz_InitOnce) refers to stm32f10x_rtc.o(i.RTC_SetPrescaler) for RTC_SetPrescaler
    bai3.o(i.RTC_Ensure_1Hz_InitOnce) refers to stm32f10x_rtc.o(i.RTC_SetCounter) for RTC_SetCounter
    bai3.o(i.RTC_Ensure_1Hz_InitOnce) refers to stm32f10x_bkp.o(i.BKP_WriteBackupRegister) for BKP_WriteBackupRegister
    bai3.o(i.RTC_Ensure_1Hz_InitOnce) refers to stm32f10x_rtc.o(i.RTC_ClearFlag) for RTC_ClearFlag
    bai3.o(i.RTC_Ensure_1Hz_InitOnce) refers to stm32f10x_rcc.o(i.RCC_APB2PeriphClockCmd) for RCC_APB2PeriphClockCmd
    bai3.o(i.RTC_Ensure_1Hz_InitOnce) refers to stm32f10x_exti.o(i.EXTI_ClearITPendingBit) for EXTI_ClearITPendingBit
    bai3.o(i.RTC_Ensure_1Hz_InitOnce) refers to stm32f10x_exti.o(i.EXTI_Init) for EXTI_Init
    bai3.o(i.RTC_Ensure_1Hz_InitOnce) refers to stm32f10x_rtc.o(i.RTC_ITConfig) for RTC_ITConfig
    bai3.o(i.RTC_SetAlarm_In) refers to stm32f10x_rtc.o(i.RTC_GetCounter) for RTC_GetCounter
    bai3.o(i.RTC_SetAlarm_In) refers to stm32f10x_rtc.o(i.RTC_WaitForLastTask) for RTC_WaitForLastTask
    bai3.o(i.RTC_SetAlarm_In) refers to stm32f10x_rtc.o(i.RTC_SetAlarm) for RTC_SetAlarm
    bai3.o(i.Standby_Enter) refers to stm32f10x_pwr.o(i.PWR_ClearFlag) for PWR_ClearFlag
    bai3.o(i.Standby_Enter) refers to stm32f10x_rtc.o(i.RTC_ClearFlag) for RTC_ClearFlag
    bai3.o(i.Standby_Enter) refers to stm32f10x_rtc.o(i.RTC_WaitForLastTask) for RTC_WaitForLastTask
    bai3.o(i.Standby_Enter) refers to stm32f10x_rcc.o(i.RCC_APB2PeriphClockCmd) for RCC_APB2PeriphClockCmd
    bai3.o(i.Standby_Enter) refers to stm32f10x_exti.o(i.EXTI_ClearITPendingBit) for EXTI_ClearITPendingBit
    bai3.o(i.Standby_Enter) refers to stm32f10x_pwr.o(i.PWR_WakeUpPinCmd) for PWR_WakeUpPinCmd
    bai3.o(i.Standby_Enter) refers to stm32f10x_pwr.o(i.PWR_EnterSTANDBYMode) for PWR_EnterSTANDBYMode
    bai3.o(i.UART1_DeInit_LowLeak) refers to stm32f10x_usart.o(i.USART_Cmd) for USART_Cmd
    bai3.o(i.UART1_DeInit_LowLeak) refers to stm32f10x_usart.o(i.USART_DeInit) for USART_DeInit
    bai3.o(i.UART1_DeInit_LowLeak) refers to stm32f10x_gpio.o(i.GPIO_StructInit) for GPIO_StructInit
    bai3.o(i.UART1_DeInit_LowLeak) refers to stm32f10x_gpio.o(i.GPIO_Init) for GPIO_Init
    bai3.o(i.UART1_DeInit_LowLeak) refers to stm32f10x_rcc.o(i.RCC_APB2PeriphClockCmd) for RCC_APB2PeriphClockCmd
[...]
    Removing queue.o(i.xQueueCreateCountingSemaphoreStatic), (34 bytes).
    Removing queue.o(i.xQueueGenericSendFromISR), (134 bytes).
    Removing queue.o(i.xQueueGetMutexHolder), (28 bytes).
    Removing queue.o(i.xQueueGetMutexHolderFromISR), (14 bytes).
    Removing queue.o(i.xQueueGiveFromISR), (120 bytes).
    Removing queue.o(i.xQueueGiveMutexRecursive), (48 bytes).
    Removing queue.o(i.xQueueIsQueueEmptyFromISR), (16 bytes).
    Removing queue.o(i.xQueueIsQueueFullFromISR), (22 bytes).
    Removing queue.o(i.xQueuePeek), (268 bytes).
    Removing queue.o(i.xQueuePeekFromISR), (74 bytes).
    Removing queue.o(i.xQueueReceive), (260 bytes).
    Removing queue.o(i.xQueueReceiveFromISR), (130 bytes).
    Removing queue.o(i.xQueueTakeMutexRecursive), (54 bytes).
    Removing tasks.o(.rev16_text), (4 bytes).
    Removing tasks.o(.revsh_text), (4 bytes).
    Removing tasks.o(.rrx_text), (6 bytes).
    Removing tasks.o(i.eTaskGetState), (124 bytes).
    Removing tasks.o(i.pcTaskGetName), (24 bytes).
    Removing tasks.o(i.prvAddNewTaskToReadyList), (184 bytes).
    Removing tasks.o(i.prvCheckTasksWaitingTermination), (72 bytes).
    Removing tasks.o(i.prvDeleteTCB), (40 bytes).
    Removing tasks.o(i.prvIdleTask), (40 bytes).
    Removing tasks.o(i.prvInitialiseNewTask), (154 bytes).
    Removing tasks.o(i.prvInitialiseTaskLists), (104 bytes).
    Removing tasks.o(i.prvListTasksWithinSingleList), (106 bytes).
    Removing tasks.o(i.prvTaskCheckFreeStackSpace), (22 bytes).
    Removing tasks.o(i.prvTaskIsTaskSuspended), (64 bytes).
    Removing tasks.o(i.ulTaskNotifyTake), (116 bytes).
    Removing tasks.o(i.uxTaskGetNumberOfTasks), (12 bytes).
    Removing tasks.o(i.uxTaskGetStackHighWaterMark), (40 bytes).
    Removing tasks.o(i.uxTaskGetSystemState), (176 bytes).
    Removing tasks.o(i.uxTaskGetTaskNumber), (14 bytes).
    Removing tasks.o(i.uxTaskPriorityGet), (36 bytes).
    Removing tasks.o(i.uxTaskPriorityGetFromISR), (56 bytes).
    Removing tasks.o(i.uxTaskResetEventItemValue), (28 bytes).
    Removing tasks.o(i.vTaskDelay), (52 bytes).
    Removing tasks.o(i.vTaskDelayUntil), (116 bytes).
    Removing tasks.o(i.vTaskDelete), (160 bytes).
    Removing tasks.o(i.vTaskEndScheduler), (36 bytes).
    Removing tasks.o(i.vTaskGetInfo), (132 bytes).
    Removing tasks.o(i.vTaskNotifyGiveFromISR), (176 bytes).
    Removing tasks.o(i.vTaskPlaceOnEventListRestricted), (40 bytes).
    Removing tasks.o(i.vTaskPlaceOnUnorderedEventList), (44 bytes).
    Removing tasks.o(i.vTaskPrioritySet), (224 bytes).
    Removing tasks.o(i.vTaskRemoveFromUnorderedEventList), (96 bytes).
    Removing tasks.o(i.vTaskResume), (120 bytes).
    Removing tasks.o(i.vTaskSetTaskNumber), (8 bytes).
    Removing tasks.o(i.vTaskSetTimeOutState), (36 bytes).
    Removing tasks.o(i.vTaskStartScheduler), (148 bytes).
    Removing tasks.o(i.vTaskSuspend), (160 bytes).
    Removing tasks.o(i.xTaskCreate), (100 bytes).
    Removing tasks.o(i.xTaskCreateStatic), (78 bytes).
    Removing tasks.o(i.xTaskGenericNotify), (196 bytes).
    Removing tasks.o(i.xTaskGenericNotifyFromISR), (252 bytes).
    Removing tasks.o(i.xTaskGetCurrentTaskHandle), (12 bytes).
    Removing tasks.o(i.xTaskGetTickCount), (12 bytes).
    Removing tasks.o(i.xTaskGetTickCountFromISR), (12 bytes).
    Removing tasks.o(i.xTaskNotifyStateClear), (52 bytes).
    Removing tasks.o(i.xTaskNotifyWait), (160 bytes).
    Removing tasks.o(i.xTaskResumeFromISR), (148 bytes).
    Removing timers.o(.rev16_text), (4 bytes).
    Removing timers.o(.revsh_text), (4 bytes).
    Removing timers.o(.rrx_text), (6 bytes).
    Removing timers.o(i.pcTimerGetName), (8 bytes).
    Removing timers.o(i.prvCheckForValidListAndQueue), (92 bytes).
    Removing timers.o(i.prvGetNextExpireTime), (40 bytes).
    Removing timers.o(i.prvInitialiseNewTimer), (58 bytes).
    Removing timers.o(i.prvInsertTimerInActiveList), (88 bytes).
    Removing timers.o(i.prvProcessExpiredTimer), (92 bytes).
    Removing timers.o(i.prvProcessReceivedCommands), (268 bytes).
    Removing timers.o(i.prvProcessTimerOrBlockTask), (116 bytes).
    Removing timers.o(i.prvSampleTimeNow), (44 bytes).
    Removing timers.o(i.prvSwitchTimerLists), (136 bytes).
    Removing timers.o(i.prvTimerTask), (26 bytes).
    Removing timers.o(i.pvTimerGetTimerID), (20 bytes).
    Removing timers.o(i.uxTimerGetTimerNumber), (6 bytes).
    Removing timers.o(i.vTimerSetReloadMode), (46 bytes).
    Removing timers.o(i.vTimerSetTimerID), (20 bytes).
    Removing timers.o(i.vTimerSetTimerNumber), (4 bytes).
    Removing timers.o(i.xTimerCreate), (54 bytes).
    Removing timers.o(i.xTimerCreateStatic), (48 bytes).
    Removing timers.o(i.xTimerCreateTimerTask), (96 bytes).
    Removing timers.o(i.xTimerGenericCommand), (108 bytes).
    Removing timers.o(i.xTimerGetExpiryTime), (8 bytes).
    Removing timers.o(i.xTimerGetPeriod), (8 bytes).
    Removing timers.o(i.xTimerGetTimerDaemonTaskHandle), (12 bytes).
    Removing timers.o(i.xTimerIsTimerActive), (34 bytes).
    Removing timers.o(i.xTimerPendFunctionCall), (52 bytes).
    Removing timers.o(i.xTimerPendFunctionCallFromISR), (52 bytes).
    Removing timers.o(.bss), (200 bytes).
    Removing timers.o(.data), (20 bytes).

373 unused section(s) (total 19363 bytes) removed from the image.

==============================================================================

Image Symbol Table

    Local Symbols

    Symbol Name                              Value     Ov Type        Size  Object(Section)

    ../clib/angel/boardlib.s                 0x00000000   Number         0  boardinit3.o ABSOLUTE
    ../clib/angel/boardlib.s                 0x00000000   Number         0  boardinit1.o ABSOLUTE
    ../clib/angel/boardlib.s                 0x00000000   Number         0  boardshut.o ABSOLUTE
    ../clib/angel/handlers.s                 0x00000000   Number         0  __scatter_zi.o ABSOLUTE
    ../clib/angel/handlers.s                 0x00000000   Number         0  __scatter_copy.o ABSOLUTE
    ../clib/angel/kernel.s                   0x00000000   Number         0  __rtentry.o ABSOLUTE
    ../clib/angel/kernel.s                   0x00000000   Number         0  rtexit2.o ABSOLUTE
    ../clib/angel/kernel.s                   0x00000000   Number         0  rtexit.o ABSOLUTE
    ../clib/angel/kernel.s                   0x00000000   Number         0  __rtentry2.o ABSOLUTE
    ../clib/angel/kernel.s                   0x00000000   Number         0  __rtentry4.o ABSOLUTE
    ../clib/angel/rt.s                       0x00000000   Number         0  rt_raise.o ABSOLUTE
    ../clib/angel/scatter.s                  0x00000000   Number         0  __scatter.o ABSOLUTE
    ../clib/angel/startup.s                  0x00000000   Number         0  __main.o ABSOLUTE
    ../clib/angel/sys.s                      0x00000000   Number         0  sys_stackheap_outer.o ABSOLUTE
    ../clib/angel/sys.s                      0x00000000   Number         0  indicate_semi.o ABSOLUTE
    ../clib/angel/sys.s                      0x00000000   Number         0  use_no_semi.o ABSOLUTE
    ../clib/angel/sys.s                      0x00000000   Number         0  libspace.o ABSOLUTE
    ../clib/angel/sysapp.c                   0x00000000   Number         0  sys_wrch.o ABSOLUTE
    ../clib/angel/sysapp.c                   0x00000000   Number         0  sys_exit.o ABSOLUTE
    ../clib/angel/sysapp.c                   0x00000000   Number         0  sys_command.o ABSOLUTE
    ../clib/armsys.c                         0x00000000   Number         0  no_argv.o ABSOLUTE
    ../clib/armsys.c                         0x00000000   Number         0  _get_argv_nomalloc.o ABSOLUTE
    ../clib/armsys.c                         0x00000000   Number         0  argv_veneer.o ABSOLUTE
    ../clib/armsys.c                         0x00000000   Number         0  argv_veneer.o ABSOLUTE
    ../clib/heapalloc.c                      0x00000000   Number         0  hrguard.o ABSOLUTE
    ../clib/heapaux.c                        0x00000000   Number         0  heapauxi.o ABSOLUTE
    ../clib/libinit.s                        0x00000000   Number         0  libinit.o ABSOLUTE
    ../clib/libinit.s                        0x00000000   Number         0  libshutdown.o ABSOLUTE
    ../clib/libinit.s                        0x00000000   Number         0  libshutdown2.o ABSOLUTE
    ../clib/libinit.s                        0x00000000   Number         0  libinit2.o ABSOLUTE
    ../clib/memcpset.s                       0x00000000   Number         0  aeabi_memset.o ABSOLUTE
    ../clib/memcpset.s                       0x00000000   Number         0  rt_memclr_w.o ABSOLUTE
    ../clib/memcpset.s                       0x00000000   Number         0  rt_memcpy_w.o ABSOLUTE
    ../clib/memcpset.s                       0x00000000   Number         0  rt_memclr.o ABSOLUTE
    ../clib/memcpset.s                       0x00000000   Number         0  rt_memcpy_v6.o ABSOLUTE
    ../clib/signal.c                         0x00000000   Number         0  __raise.o ABSOLUTE
    ../clib/signal.c                         0x00000000   Number         0  defsig_rtmem_inner.o ABSOLUTE
    ../clib/signal.c                         0x00000000   Number         0  defsig_rtmem_formal.o ABSOLUTE
    ../clib/signal.c                         0x00000000   Number         0  defsig_rtmem_outer.o ABSOLUTE
    ../clib/signal.c                         0x00000000   Number         0  defsig_exit.o ABSOLUTE
    ../clib/signal.c                         0x00000000   Number         0  defsig_abrt_inner.o ABSOLUTE
    ../clib/signal.c                         0x00000000   Number         0  defsig_other.o ABSOLUTE
    ../clib/signal.c                         0x00000000   Number         0  defsig_segv_inner.o ABSOLUTE
    ../clib/signal.c                         0x00000000   Number         0  defsig_general.o ABSOLUTE
    ../clib/signal.c                         0x00000000   Number         0  defsig_cppl_inner.o ABSOLUTE
    ../clib/signal.c                         0x00000000   Number         0  defsig_pvfn_inner.o ABSOLUTE
    ../clib/signal.c                         0x00000000   Number         0  defsig_stak_inner.o ABSOLUTE
    ../clib/signal.c                         0x00000000   Number         0  defsig_rtred_inner.o ABSOLUTE
    ../clib/signal.c                         0x00000000   Number         0  defsig_fpe_inner.o ABSOLUTE
    ../clib/signal.s                         0x00000000   Number         0  defsig.o ABSOLUTE
    ../clib/stdlib.c                         0x00000000   Number         0  exit.o ABSOLUTE
    ../fplib/fpinit.s                        0x00000000   Number         0  fpinit.o ABSOLUTE
    ..\\code\\bai3.c                         0x00000000   Number         0  bai3.o ABSOLUTE
    ..\code\bai3.c                           0x00000000   Number         0  bai3.o ABSOLUTE
    C:\Users\Hi\AppData\Local\Arm\Packs\ARM\CMSIS-FreeRTOS\10.2.0\CMSIS\RTOS2\FreeRTOS\Source\ARM\clib_arm.c 0x00000000   Number         0  clib_arm.o ABSOLUTE
    C:\Users\Hi\AppData\Local\Arm\Packs\ARM\CMSIS-FreeRTOS\10.2.0\CMSIS\RTOS2\FreeRTOS\Source\cmsis_os1.c 0x00000000   Number         0  cmsis_os1.o ABSOLUTE
    C:\Users\Hi\AppData\Local\Arm\Packs\ARM\CMSIS-FreeRTOS\10.2.0\CMSIS\RTOS2\FreeRTOS\Source\cmsis_os2.c 0x00000000   Number         0  cmsis_os2.o ABSOLUTE
    C:\Users\Hi\AppData\Local\Arm\Packs\ARM\CMSIS-FreeRTOS\10.2.0\CMSIS\RTOS2\FreeRTOS\Source\freertos_evr.c 0x00000000   Number         0  freertos_evr.o ABSOLUTE
    C:\Users\Hi\AppData\Local\Arm\Packs\ARM\CMSIS-FreeRTOS\10.2.0\CMSIS\RTOS2\FreeRTOS\Source\os_systick.c 0x00000000   Number         0  os_systick.o ABSOLUTE
    C:\Users\Hi\AppData\Local\Arm\Packs\ARM\CMSIS-FreeRTOS\10.2.0\Source\event_groups.c 0x00000000   Number         0  event_groups.o ABSOLUTE
    C:\Users\Hi\AppData\Local\Arm\Packs\ARM\CMSIS-FreeRTOS\10.2.0\Source\list.c 0x00000000   Number         0  list.o ABSOLUTE
    C:\Users\Hi\AppData\Local\Arm\Packs\ARM\CMSIS-FreeRTOS\10.2.0\Source\portable\MemMang\heap_4.c 0x00000000   Number         0  heap_4.o ABSOLUTE
    C:\Users\Hi\AppData\Local\Arm\Packs\ARM\CMSIS-FreeRTOS\10.2.0\Source\portable\RVDS\ARM_CM3\port.c 0x00000000   Number         0  port.o ABSOLUTE
    C:\Users\Hi\AppData\Local\Arm\Packs\ARM\CMSIS-FreeRTOS\10.2.0\Source\queue.c 0x00000000   Number         0  queue.o ABSOLUTE
    C:\Users\Hi\AppData\Local\Arm\Packs\ARM\CMSIS-FreeRTOS\10.2.0\Source\tasks.c 0x00000000   Number         0  tasks.o ABSOLUTE
    C:\Users\Hi\AppData\Local\Arm\Packs\ARM\CMSIS-FreeRTOS\10.2.0\Source\timers.c 0x00000000   Number         0  timers.o ABSOLUTE
    C:\Users\Hi\AppData\Local\Arm\Packs\Keil\STM32F1xx_DFP\2.4.1\Device\StdPeriph_Driver\src\misc.c 0x00000000   Number         0  misc.o ABSOLUTE
    C:\Users\Hi\AppData\Local\Arm\Packs\Keil\STM32F1xx_DFP\2.4.1\Device\StdPeriph_Driver\src\stm32f10x_bkp.c 0x00000000   Number         0  stm32f10x_bkp.o ABSOLUTE
    C:\Users\Hi\AppData\Local\Arm\Packs\Keil\STM32F1xx_DFP\2.4.1\Device\StdPeriph_Driver\src\stm32f10x_exti.c 0x00000000   Number         0  stm32f10x_exti.o ABSOLUTE
    C:\Users\Hi\AppData\Local\Arm\Packs\Keil\STM32F1xx_DFP\2.4.1\Device\StdPeriph_Driver\src\stm32f10x_gpio.c 0x00000000   Number         0  stm32f10x_gpio.o ABSOLUTE
    C:\Users\Hi\AppData\Local\Arm\Packs\Keil\STM32F1xx_DFP\2.4.1\Device\StdPeriph_Driver\src\stm32f10x_pwr.c 0x00000000   Number         0  stm32f10x_pwr.o ABSOLUTE
    C:\Users\Hi\AppData\Local\Arm\Packs\Keil\STM32F1xx_DFP\2.4.1\Device\StdPeriph_Driver\src\stm32f10x_rcc.c 0x00000000   Number         0  stm32f10x_rcc.o ABSOLUTE
    C:\Users\Hi\AppData\Local\Arm\Packs\Keil\STM32F1xx_DFP\2.4.1\Device\StdPeriph_Driver\src\stm32f10x_rtc.c 0x00000000   Number         0  stm32f10x_rtc.o ABSOLUTE
    C:\Users\Hi\AppData\Local\Arm\Packs\Keil\STM32F1xx_DFP\2.4.1\Device\StdPeriph_Driver\src\stm32f10x_usart.c 0x00000000   Number         0  stm32f10x_usart.o ABSOLUTE
    C:\Users\Hi\AppData\Local\Arm\Packs\Keil\STM32F1xx_DFP\2.4.1\RTE_Driver\GPIO_STM32F10x.c 0x00000000   Number         0  gpio_stm32f10x.o ABSOLUTE
    C:\\Users\\Hi\\AppData\\Local\\Arm\\Packs\\ARM\\CMSIS-FreeRTOS\\10.2.0\\CMSIS\\RTOS2\\FreeRTOS\\Source\\ARM\\clib_arm.c 0x00000000   Number         0  clib_arm.o ABSOLUTE
    C:\\Users\\Hi\\AppData\\Local\\Arm\\Packs\\ARM\\CMSIS-FreeRTOS\\10.2.0\\CMSIS\\RTOS2\\FreeRTOS\\Source\\cmsis_os1.c 0x00000000   Number         0  cmsis_os1.o ABSOLUTE
    C:\\Users\\Hi\\AppData\\Local\\Arm\\Packs\\ARM\\CMSIS-FreeRTOS\\10.2.0\\CMSIS\\RTOS2\\FreeRTOS\\Source\\cmsis_os2.c 0x00000000   Number         0  cmsis_os2.o ABSOLUTE
    C:\\Users\\Hi\\AppData\\Local\\Arm\\Packs\\ARM\\CMSIS-FreeRTOS\\10.2.0\\CMSIS\\RTOS2\\FreeRTOS\\Source\\freertos_evr.c 0x00000000   Number         0  freertos_evr.o ABSOLUTE
    C:\\Users\\Hi\\AppData\\Local\\Arm\\Packs\\ARM\\CMSIS-FreeRTOS\\10.2.0\\CMSIS\\RTOS2\\FreeRTOS\\Source\\os_systick.c 0x00000000   Number         0  os_systick.o ABSOLUTE
    C:\\Users\\Hi\\AppData\\Local\\Arm\\Packs\\ARM\\CMSIS-FreeRTOS\\10.2.0\\Source\\event_groups.c 0x00000000   Number         0  event_groups.o ABSOLUTE
    C:\\Users\\Hi\\AppData\\Local\\Arm\\Packs\\ARM\\CMSIS-FreeRTOS\\10.2.0\\Source\\list.c 0x00000000   Number         0  list.o ABSOLUTE
    C:\\Users\\Hi\\AppData\\Local\\Arm\\Packs\\ARM\\CMSIS-FreeRTOS\\10.2.0\\Source\\portable\\MemMang\\heap_4.c 0x00000000   Number         0  heap_4.o ABSOLUTE
    C:\\Users\\Hi\\AppData\\Local\\Arm\\Packs\\ARM\\CMSIS-FreeRTOS\\10.2.0\\Source\\portable\\RVDS\\ARM_CM3\\port.c 0x00000000   Number         0  port.o ABSOLUTE
    C:\\Users\\Hi\\AppData\\Local\\Arm\\Packs\\ARM\\CMSIS-FreeRTOS\\10.2.0\\Source\\queue.c 0x00000000   Number         0  queue.o ABSOLUTE
    C:\\Users\\Hi\\AppData\\Local\\Arm\\Packs\\ARM\\CMSIS-FreeRTOS\\10.2.0\\Source\\tasks.c 0x00000000   Number         0  tasks.o ABSOLUTE
    C:\\Users\\Hi\\AppData\\Local\\Arm\\Packs\\ARM\\CMSIS-FreeRTOS\\10.2.0\\Source\\timers.c 0x00000000   Number         0  timers.o ABSOLUTE
    C:\\Users\\Hi\\AppData\\Local\\Arm\\Packs\\Keil\\STM32F1xx_DFP\\2.4.1\\Device\\StdPeriph_Driver\\src\\misc.c 0x00000000   Number         0  misc.o ABSOLUTE
    C:\\Users\\Hi\\AppData\\Local\\Arm\\Packs\\Keil\\STM32F1xx_DFP\\2.4.1\\Device\\StdPeriph_Driver\\src\\stm32f10x_bkp.c 0x00000000   Number         0  stm32f10x_bkp.o ABSOLUTE
    C:\\Users\\Hi\\AppData\\Local\\Arm\\Packs\\Keil\\STM32F1xx_DFP\\2.4.1\\Device\\StdPeriph_Driver\\src\\stm32f10x_exti.c 0x00000000   Number         0  stm32f10x_exti.o ABSOLUTE
    C:\\Users\\Hi\\AppData\\Local\\Arm\\Packs\\Keil\\STM32F1xx_DFP\\2.4.1\\Device\\StdPeriph_Driver\\src\\stm32f10x_gpio.c 0x00000000   Number         0  stm32f10x_gpio.o ABSOLUTE
    C:\\Users\\Hi\\AppData\\Local\\Arm\\Packs\\Keil\\STM32F1xx_DFP\\2.4.1\\Device\\StdPeriph_Driver\\src\\stm32f10x_pwr.c 0x00000000   Number         0  stm32f10x_pwr.o ABSOLUTE
    C:\\Users\\Hi\\AppData\\Local\\Arm\\Packs\\Keil\\STM32F1xx_DFP\\2.4.1\\Device\\StdPeriph_Driver\\src\\stm32f10x_rcc.c 0x00000000   Number         0  stm32f10x_rcc.o ABSOLUTE
    C:\\Users\\Hi\\AppData\\Local\\Arm\\Packs\\Keil\\STM32F1xx_DFP\\2.4.1\\Device\\StdPeriph_Driver\\src\\stm32f10x_rtc.c 0x00000000   Number         0  stm32f10x_rtc.o ABSOLUTE
    C:\\Users\\Hi\\AppData\\Local\\Arm\\Packs\\Keil\\STM32F1xx_DFP\\2.4.1\\Device\\StdPeriph_Driver\\src\\stm32f10x_usart.c 0x00000000   Number         0  stm32f10x_usart.o ABSOLUTE
    C:\\Users\\Hi\\AppData\\Local\\Arm\\Packs\\Keil\\STM32F1xx_DFP\\2.4.1\\RTE_Driver\\GPIO_STM32F10x.c 0x00000000   Number         0  gpio_stm32f10x.o ABSOLUTE
    RTE\Device\STM32F103C6\startup_stm32f10x_ld.s 0x00000000   Number         0  startup_stm32f10x_ld.o ABSOLUTE
    RTE\Device\STM32F103C6\system_stm32f10x.c 0x00000000   Number         0  system_stm32f10x.o ABSOLUTE
    RTE\\Device\\STM32F103C6\\system_stm32f10x.c 0x00000000   Number         0  system_stm32f10x.o ABSOLUTE
    dc.s                                     0x00000000   Number         0  dc.o ABSOLUTE
    RESET                                    0x08000000   Section      236  startup_stm32f10x_ld.o(RESET)
    !!!main                                  0x080000ec   Section        8  __main.o(!!!main)
    !!!scatter                               0x080000f4   Section       52  __scatter.o(!!!scatter)
    !!handler_copy                           0x08000128   Section       26  __scatter_copy.o(!!handler_copy)
    !!handler_zi                             0x08000144   Section       28  __scatter_zi.o(!!handler_zi)
    .ARM.Collect$$libinit$$00000000          0x08000160   Section        2  libinit.o(.ARM.Collect$$libinit$$00000000)
    .ARM.Collect$$libinit$$00000002          0x08000162   Section        0  libinit2.o(.ARM.Collect$$libinit$$00000002)
    .ARM.Collect$$libinit$$00000004          0x08000162   Section        0  libinit2.o(.ARM.Collect$$libinit$$00000004)
    .ARM.Collect$$libinit$$0000000A          0x08000162   Section        0  libinit2.o(.ARM.Collect$$libinit$$0000000A)
    .ARM.Collect$$libinit$$0000000C          0x08000162   Section        0  libinit2.o(.ARM.Collect$$libinit$$0000000C)
    .ARM.Collect$$libinit$$0000000E          0x08000162   Section        0  libinit2.o(.ARM.Collect$$libinit$$0000000E)
    .ARM.Collect$$libinit$$00000011          0x08000162   Section        0  libinit2.o(.ARM.Collect$$libinit$$00000011)
    .ARM.Collect$$libinit$$00000013          0x08000162   Section        0  libinit2.o(.ARM.Collect$$libinit$$00000013)
    .ARM.Collect$$libinit$$00000015          0x08000162   Section        0  libinit2.o(.ARM.Collect$$libinit$$00000015)
    .ARM.Collect$$libinit$$00000017          0x08000162   Section        0  libinit2.o(.ARM.Collect$$libinit$$00000017)
    .ARM.Collect$$libinit$$00000019          0x08000162   Section        0  libinit2.o(.ARM.Collect$$libinit$$00000019)
    .ARM.Collect$$libinit$$0000001B          0x08000162   Section        0  libinit2.o(.ARM.Collect$$libinit$$0000001B)
    .ARM.Collect$$libinit$$0000001D          0x08000162   Section        0  libinit2.o(.ARM.Collect$$libinit$$0000001D)
    .ARM.Collect$$libinit$$0000001F          0x08000162   Section        0  libinit2.o(.ARM.Collect$$libinit$$0000001F)
    .ARM.Collect$$libinit$$00000021          0x08000162   Section        0  libinit2.o(.ARM.Collect$$libinit$$00000021)
    .ARM.Collect$$libinit$$00000023          0x08000162   Section        0  libinit2.o(.ARM.Collect$$libinit$$00000023)
    .ARM.Collect$$libinit$$00000025          0x08000162   Section        0  libinit2.o(.ARM.Collect$$libinit$$00000025)
    .ARM.Collect$$libinit$$0000002C          0x08000162   Section        0  libinit2.o(.ARM.Collect$$libinit$$0000002C)
    .ARM.Collect$$libinit$$0000002E          0x08000162   Section        0  libinit2.o(.ARM.Collect$$libinit$$0000002E)
    .ARM.Collect$$libinit$$00000030          0x08000162   Section        0  libinit2.o(.ARM.Collect$$libinit$$00000030)
    .ARM.Collect$$libinit$$00000032          0x08000162   Section        0  libinit2.o(.ARM.Collect$$libinit$$00000032)
    .ARM.Collect$$libinit$$00000033          0x08000162   Section        2  libinit2.o(.ARM.Collect$$libinit$$00000033)
    .ARM.Collect$$libshutdown$$00000000      0x08000164   Section        2  libshutdown.o(.ARM.Collect$$libshutdown$$00000000)
    .ARM.Collect$$libshutdown$$00000002      0x08000166   Section        0  libshutdown2.o(.ARM.Collect$$libshutdown$$00000002)
    .ARM.Collect$$libshutdown$$00000004      0x08000166   Section        0  libshutdown2.o(.ARM.Collect$$libshutdown$$00000004)
    .ARM.Collect$$libshutdown$$00000007      0x08000166   Section        0  libshutdown2.o(.ARM.Collect$$libshutdown$$00000007)
    .ARM.Collect$$libshutdown$$0000000A      0x08000166   Section        0  libshutdown2.o(.ARM.Collect$$libshutdown$$0000000A)
    .ARM.Collect$$libshutdown$$0000000C      0x08000166   Section        0  libshutdown2.o(.ARM.Collect$$libshutdown$$0000000C)
    .ARM.Collect$$libshutdown$$0000000F      0x08000166   Section        0  libshutdown2.o(.ARM.Collect$$libshutdown$$0000000F)
    .ARM.Collect$$libshutdown$$00000010      0x08000166   Section        2  libshutdown2.o(.ARM.Collect$$libshutdown$$00000010)
    .ARM.Collect$$rtentry$$00000000          0x08000168   Section        0  __rtentry.o(.ARM.Collect$$rtentry$$00000000)
    .ARM.Collect$$rtentry$$00000002          0x08000168   Section        0  __rtentry2.o(.ARM.Collect$$rtentry$$00000002)
    .ARM.Collect$$rtentry$$00000004          0x08000168   Section        6  __rtentry4.o(.ARM.Collect$$rtentry$$00000004)
    .ARM.Collect$$rtentry$$00000008          0x0800016e   Section        8  __rtentry2.o(.ARM.Collect$$rtentry$$00000008)
    .ARM.Collect$$rtentry$$0000000A          0x08000176   Section        4  __rtentry2.o(.ARM.Collect$$rtentry$$0000000A)
    .ARM.Collect$$rtentry$$0000000C          0x0800017a   Section        0  __rtentry2.o(.ARM.Collect$$rtentry$$0000000C)
    .ARM.Collect$$rtentry$$0000000D          0x0800017a   Section        8  __rtentry2.o(.ARM.Collect$$rtentry$$0000000D)
    .ARM.Collect$$rtexit$$00000000           0x08000182   Section        2  rtexit.o(.ARM.Collect$$rtexit$$00000000)
    .ARM.Collect$$rtexit$$00000002           0x08000184   Section        0  rtexit2.o(.ARM.Collect$$rtexit$$00000002)
    .ARM.Collect$$rtexit$$00000003           0x08000184   Section        4  rtexit2.o(.ARM.Collect$$rtexit$$00000003)
    .ARM.Collect$$rtexit$$00000004           0x08000188   Section        6  rtexit2.o(.ARM.Collect$$rtexit$$00000004)
    .emb_text                                0x08000190   Section      150  port.o(.emb_text)
    .text                                    0x08000228   Section       64  startup_stm32f10x_ld.o(.text)
    .text                                    0x08000268   Section      138  rt_memcpy_v6.o(.text)
    .text                                    0x080002f2   Section        0  heapauxi.o(.text)
    .text                                    0x080002f8   Section      100  rt_memcpy_w.o(.text)
    .text                                    0x0800035c   Section       74  sys_stackheap_outer.o(.text)
    .text                                    0x080003a6   Section        0  exit.o(.text)
    .text                                    0x080003b8   Section        8  libspace.o(.text)
    .text                                    0x080003c0   Section        0  sys_exit.o(.text)
    .text                                    0x080003cc   Section        2  use_no_semi.o(.text)
    .text                                    0x080003ce   Section        0  indicate_semi.o(.text)
    i.BKP_ReadBackupRegister                 0x080003d0   Section        0  stm32f10x_bkp.o(i.BKP_ReadBackupRegister)
    i.BKP_WriteBackupRegister                0x080003ec   Section        0  stm32f10x_bkp.o(i.BKP_WriteBackupRegister)
    i.Counter_Inc_Read                       0x08000408   Section        0  bai3.o(i.Counter_Inc_Read)
    Counter_Inc_Read                         0x08000409   Thumb Code    42  bai3.o(i.Counter_Inc_Read)
    i.EXTI_ClearITPendingBit                 0x08000434   Section        0  stm32f10x_exti.o(i.EXTI_ClearITPendingBit)
    i.EXTI_Init                              0x08000440   Section        0  stm32f10x_exti.o(i.EXTI_Init)
    i.GPIO_Init                              0x080004d4   Section        0  stm32f10x_gpio.o(i.GPIO_Init)
    i.GPIO_ResetBits                         0x080005ea   Section        0  stm32f10x_gpio.o(i.GPIO_ResetBits)
    i.GPIO_SetBits                           0x080005ee   Section        0  stm32f10x_gpio.o(i.GPIO_SetBits)
    i.GPIO_StructInit                        0x080005f2   Section        0  stm32f10x_gpio.o(i.GPIO_StructInit)
    i.IO_AllB_ToAnalog                       0x08000604   Section        0  bai3.o(i.IO_AllB_ToAnalog)
    IO_AllB_ToAnalog                         0x08000605   Thumb Code    54  bai3.o(i.IO_AllB_ToAnalog)
    i.MARKER_Init_PC13                       0x08000640   Section        0  bai3.o(i.MARKER_Init_PC13)
    MARKER_Init_PC13                         0x08000641   Thumb Code    46  bai3.o(i.MARKER_Init_PC13)
    i.MARKER_Run_OFF                         0x08000674   Section        0  bai3.o(i.MARKER_Run_OFF)
    MARKER_Run_OFF                           0x08000675   Thumb Code    14  bai3.o(i.MARKER_Run_OFF)
    i.MARKER_Run_ON                          0x08000688   Section        0  bai3.o(i.MARKER_Run_ON)
    MARKER_Run_ON                            0x08000689   Thumb Code    14  bai3.o(i.MARKER_Run_ON)
    i.MARKER_To_Analog                       0x0800069c   Section        0  bai3.o(i.MARKER_To_Analog)
    MARKER_To_Analog                         0x0800069d   Thumb Code    38  bai3.o(i.MARKER_To_Analog)
    i.PWR_BackupAccessCmd                    0x080006c8   Section        0  stm32f10x_pwr.o(i.PWR_BackupAccessCmd)
    i.PWR_ClearFlag                          0x080006d4   Section        0  stm32f10x_pwr.o(i.PWR_ClearFlag)
    i.PWR_EnterSTANDBYMode                   0x080006e8   Section        0  stm32f10x_pwr.o(i.PWR_EnterSTANDBYMode)
    i.PWR_GetFlagStatus                      0x08000710   Section        0  stm32f10x_pwr.o(i.PWR_GetFlagStatus)
    i.PWR_WakeUpPinCmd                       0x08000728   Section        0  stm32f10x_pwr.o(i.PWR_WakeUpPinCmd)
    i.RCC_APB1PeriphClockCmd                 0x08000734   Section        0  stm32f10x_rcc.o(i.RCC_APB1PeriphClockCmd)
    i.RCC_APB1PeriphResetCmd                 0x08000754   Section        0  stm32f10x_rcc.o(i.RCC_APB1PeriphResetCmd)
    i.RCC_APB2PeriphClockCmd                 0x08000774   Section        0  stm32f10x_rcc.o(i.RCC_APB2PeriphClockCmd)
    i.RCC_APB2PeriphResetCmd                 0x08000794   Section        0  stm32f10x_rcc.o(i.RCC_APB2PeriphResetCmd)
    i.RCC_GetClocksFreq                      0x080007b4   Section        0  stm32f10x_rcc.o(i.RCC_GetClocksFreq)
    i.RCC_GetFlagStatus                      0x08000888   Section        0  stm32f10x_rcc.o(i.RCC_GetFlagStatus)
    i.RCC_LSEConfig                          0x080008c4   Section        0  stm32f10x_rcc.o(i.RCC_LSEConfig)
    i.RCC_LSICmd                             0x080008f8   Section        0  stm32f10x_rcc.o(i.RCC_LSICmd)
    i.RCC_RTCCLKCmd                          0x08000904   Section        0  stm32f10x_rcc.o(i.RCC_RTCCLKCmd)
    i.RCC_RTCCLKConfig                       0x08000910   Section        0  stm32f10x_rcc.o(i.RCC_RTCCLKConfig)
    i.RTC_ClearFlag                          0x08000920   Section        0  stm32f10x_rtc.o(i.RTC_ClearFlag)
    i.RTC_Ensure_1Hz_InitOnce                0x08000930   Section        0  bai3.o(i.RTC_Ensure_1Hz_InitOnce)
    RTC_Ensure_1Hz_InitOnce                  0x08000931   Thumb Code   284  bai3.o(i.RTC_Ensure_1Hz_InitOnce)
    i.RTC_EnterConfigMode                    0x08000a4c   Section        0  stm32f10x_rtc.o(i.RTC_EnterConfigMode)
    i.RTC_ExitConfigMode                     0x08000a60   Section        0  stm32f10x_rtc.o(i.RTC_ExitConfigMode)
    i.RTC_GetCounter                         0x08000a74   Section        0  stm32f10x_rtc.o(i.RTC_GetCounter)
    i.RTC_ITConfig                           0x08000aa0   Section        0  stm32f10x_rtc.o(i.RTC_ITConfig)
    i.RTC_SetAlarm                           0x08000ac0   Section        0  stm32f10x_rtc.o(i.RTC_SetAlarm)
    i.RTC_SetAlarm_In                        0x08000adc   Section        0  bai3.o(i.RTC_SetAlarm_In)
    RTC_SetAlarm_In                          0x08000add   Thumb Code    26  bai3.o(i.RTC_SetAlarm_In)
    i.RTC_SetCounter                         0x08000af8   Section        0  stm32f10x_rtc.o(i.RTC_SetCounter)
    i.RTC_SetPrescaler                       0x08000b14   Section        0  stm32f10x_rtc.o(i.RTC_SetPrescaler)
    i.RTC_WaitForLastTask                    0x08000b34   Section        0  stm32f10x_rtc.o(i.RTC_WaitForLastTask)
    i.RTC_WaitForSynchro                     0x08000b48   Section        0  stm32f10x_rtc.o(i.RTC_WaitForSynchro)
    i.SetSysClock                            0x08000b6c   Section        0  system_stm32f10x.o(i.SetSysClock)
    SetSysClock                              0x08000b6d   Thumb Code     8  system_stm32f10x.o(i.SetSysClock)
    i.SetSysClockTo72                        0x08000b74   Section        0  system_stm32f10x.o(i.SetSysClockTo72)
    SetSysClockTo72                          0x08000b75   Thumb Code   214  system_stm32f10x.o(i.SetSysClockTo72)
    i.Standby_Enter                          0x08000c54   Section        0  bai3.o(i.Standby_Enter)
    Standby_Enter                            0x08000c55   Thumb Code    56  bai3.o(i.Standby_Enter)
    i.SysTick_Handler                        0x08000c8c   Section        0  cmsis_os2.o(i.SysTick_Handler)
    i.SystemInit                             0x08000ca4   Section        0  system_stm32f10x.o(i.SystemInit)
    i.UART1_DeInit_LowLeak                   0x08000d04   Section        0  bai3.o(i.UART1_DeInit_LowLeak)
    UART1_DeInit_LowLeak                     0x08000d05   Thumb Code    84  bai3.o(i.UART1_DeInit_LowLeak)
    i.UART1_Init_9600                        0x08000d60   Section        0  bai3.o(i.UART1_Init_9600)
    UART1_Init_9600                          0x08000d61   Thumb Code   108  bai3.o(i.UART1_Init_9600)
    i.UART1_SendChar                         0x08000dd4   Section        0  bai3.o(i.UART1_SendChar)
    UART1_SendChar                           0x08000dd5   Thumb Code    54  bai3.o(i.UART1_SendChar)
    i.UART1_SendDec                          0x08000e10   Section        0  bai3.o(i.UART1_SendDec)
    UART1_SendDec                            0x08000e11   Thumb Code    72  bai3.o(i.UART1_SendDec)
    i.UART1_SendString                       0x08000e58   Section        0  bai3.o(i.UART1_SendString)
    UART1_SendString                         0x08000e59   Thumb Code    22  bai3.o(i.UART1_SendString)
    i.USART_Cmd                              0x08000e6e   Section        0  stm32f10x_usart.o(i.USART_Cmd)
    i.USART_DeInit                           0x08000e88   Section        0  stm32f10x_usart.o(i.USART_DeInit)
    i.USART_GetFlagStatus                    0x08000f24   Section        0  stm32f10x_usart.o(i.USART_GetFlagStatus)
    i.USART_Init                             0x08000f40   Section        0  stm32f10x_usart.o(i.USART_Init)
    i.USART_SendData                         0x08001018   Section        0  stm32f10x_usart.o(i.USART_SendData)
    i.USART_StructInit                       0x08001020   Section        0  stm32f10x_usart.o(i.USART_StructInit)
    i._mutex_acquire                         0x08001038   Section        0  clib_arm.o(i._mutex_acquire)
    __tagsym$$used                           0x08001039   Number         0  clib_arm.o(i._mutex_acquire)
    i._mutex_free                            0x08001050   Section        0  clib_arm.o(i._mutex_free)
    __tagsym$$used                           0x08001051   Number         0  clib_arm.o(i._mutex_free)
    i._mutex_initialize                      0x08001084   Section        0  clib_arm.o(i._mutex_initialize)
    __tagsym$$used                           0x08001085   Number         0  clib_arm.o(i._mutex_initialize)
    i._mutex_release                         0x080010e4   Section        0  clib_arm.o(i._mutex_release)
    __tagsym$$used                           0x080010e5   Number         0  clib_arm.o(i._mutex_release)
    i._platform_post_stackheap_init          0x080010fc   Section        0  clib_arm.o(i._platform_post_stackheap_init)
    i.main                                   0x08001100   Section        0  bai3.o(i.main)
    i.os_kernel_is_active                    0x08001228   Section        0  clib_arm.o(i.os_kernel_is_active)
    os_kernel_is_active                      0x08001229   Thumb Code    32  clib_arm.o(i.os_kernel_is_active)
    i.prvAddCurrentTaskToDelayedList         0x0800124c   Section        0  tasks.o(i.prvAddCurrentTaskToDelayedList)
    prvAddCurrentTaskToDelayedList           0x0800124d   Thumb Code   100  tasks.o(i.prvAddCurrentTaskToDelayedList)
    i.prvCopyDataToQueue                     0x080012c8   Section        0  queue.o(i.prvCopyDataToQueue)
    prvCopyDataToQueue                       0x080012c9   Thumb Code   126  queue.o(i.prvCopyDataToQueue)
    i.prvGetDisinheritPriorityAfterTimeout   0x08001346   Section        0  queue.o(i.prvGetDisinheritPriorityAfterTimeout)
    prvGetDisinheritPriorityAfterTimeout     0x08001347   Thumb Code    20  queue.o(i.prvGetDisinheritPriorityAfterTimeout)
    i.prvHeapInit                            0x0800135c   Section        0  heap_4.o(i.prvHeapInit)
    prvHeapInit                              0x0800135d   Thumb Code    98  heap_4.o(i.prvHeapInit)
    i.prvInitialiseMutex                     0x080013d8   Section        0  queue.o(i.prvInitialiseMutex)
    prvInitialiseMutex                       0x080013d9   Thumb Code    30  queue.o(i.prvInitialiseMutex)
    i.prvInitialiseNewQueue                  0x080013f6   Section        0  queue.o(i.prvInitialiseNewQueue)
    prvInitialiseNewQueue                    0x080013f7   Thumb Code    42  queue.o(i.prvInitialiseNewQueue)
    i.prvInsertBlockIntoFreeList             0x08001420   Section        0  heap_4.o(i.prvInsertBlockIntoFreeList)
    prvInsertBlockIntoFreeList               0x08001421   Thumb Code    96  heap_4.o(i.prvInsertBlockIntoFreeList)
    i.prvIsQueueEmpty                        0x08001488   Section        0  queue.o(i.prvIsQueueEmpty)
    prvIsQueueEmpty                          0x08001489   Thumb Code    26  queue.o(i.prvIsQueueEmpty)
    i.prvIsQueueFull                         0x080014a2   Section        0  queue.o(i.prvIsQueueFull)
    prvIsQueueFull                           0x080014a3   Thumb Code    30  queue.o(i.prvIsQueueFull)
    i.prvResetNextTaskUnblockTime            0x080014c0   Section        0  tasks.o(i.prvResetNextTaskUnblockTime)
    prvResetNextTaskUnblockTime              0x080014c1   Thumb Code    42  tasks.o(i.prvResetNextTaskUnblockTime)
    i.prvUnlockQueue                         0x080014f4   Section        0  queue.o(i.prvUnlockQueue)
    prvUnlockQueue                           0x080014f5   Thumb Code   126  queue.o(i.prvUnlockQueue)
    i.pvPortMalloc                           0x08001574   Section        0  heap_4.o(i.pvPortMalloc)
    i.pvTaskIncrementMutexHeldCount          0x08001644   Section        0  tasks.o(i.pvTaskIncrementMutexHeldCount)
    i.uart_delay_flush_ms                    0x08001664   Section        0  bai3.o(i.uart_delay_flush_ms)
    uart_delay_flush_ms                      0x08001665   Thumb Code    36  bai3.o(i.uart_delay_flush_ms)
    i.uxListRemove                           0x08001688   Section        0  list.o(i.uxListRemove)
    i.vApplicationStackOverflowHook          0x080016b0   Section        0  cmsis_os2.o(i.vApplicationStackOverflowHook)
    i.vListInitialise                        0x080016b2   Section        0  list.o(i.vListInitialise)
    i.vListInsert                            0x080016cc   Section        0  list.o(i.vListInsert)
    i.vListInsertEnd                         0x08001700   Section        0  list.o(i.vListInsertEnd)
    i.vPortEnterCritical                     0x08001718   Section        0  port.o(i.vPortEnterCritical)
    i.vPortExitCritical                      0x0800173c   Section        0  port.o(i.vPortExitCritical)
    i.vPortFree                              0x0800175c   Section        0  heap_4.o(i.vPortFree)
    i.vQueueDelete                           0x080017a4   Section        0  queue.o(i.vQueueDelete)
    i.vTaskInternalSetTimeOutState           0x080017b8   Section        0  tasks.o(i.vTaskInternalSetTimeOutState)
    i.vTaskMissedYield                       0x080017d0   Section        0  tasks.o(i.vTaskMissedYield)
    i.vTaskPlaceOnEventList                  0x080017dc   Section        0  tasks.o(i.vTaskPlaceOnEventList)
    i.vTaskPriorityDisinheritAfterTimeout    0x080017fc   Section        0  tasks.o(i.vTaskPriorityDisinheritAfterTimeout)
    i.vTaskSuspendAll                        0x08001888   Section        0  tasks.o(i.vTaskSuspendAll)
    i.vTaskSwitchContext                     0x08001898   Section        0  tasks.o(i.vTaskSwitchContext)
    i.xPortSysTickHandler                    0x08001948   Section        0  port.o(i.xPortSysTickHandler)
    i.xQueueCreateMutex                      0x0800197c   Section        0  queue.o(i.xQueueCreateMutex)
    i.xQueueCreateMutexStatic                0x0800199e   Section        0  queue.o(i.xQueueCreateMutexStatic)
    i.xQueueGenericCreate                    0x080019c8   Section        0  queue.o(i.xQueueGenericCreate)
    i.xQueueGenericCreateStatic              0x08001a08   Section        0  queue.o(i.xQueueGenericCreateStatic)
    i.xQueueGenericReset                     0x08001a38   Section        0  queue.o(i.xQueueGenericReset)
    i.xQueueGenericSend                      0x08001ab8   Section        0  queue.o(i.xQueueGenericSend)
    i.xQueueSemaphoreTake                    0x08001bd0   Section        0  queue.o(i.xQueueSemaphoreTake)
    i.xTaskCheckForTimeOut                   0x08001d00   Section        0  tasks.o(i.xTaskCheckForTimeOut)
    i.xTaskGetSchedulerState                 0x08001d5c   Section        0  tasks.o(i.xTaskGetSchedulerState)
    i.xTaskIncrementTick                     0x08001d7c   Section        0  tasks.o(i.xTaskIncrementTick)
    i.xTaskPriorityDisinherit                0x08001e94   Section        0  tasks.o(i.xTaskPriorityDisinherit)
    i.xTaskPriorityInherit                   0x08001ef4   Section        0  tasks.o(i.xTaskPriorityInherit)
    i.xTaskRemoveFromEventList               0x08001f98   Section        0  tasks.o(i.xTaskRemoveFromEventList)
    i.xTaskResumeAll                         0x08002018   Section        0  tasks.o(i.xTaskResumeAll)
    .data                                    0x20000000   Section        1  clib_arm.o(.data)
    os_kernel_active                         0x20000000   Data           1  clib_arm.o(.data)
    .data                                    0x20000001   Section       20  stm32f10x_rcc.o(.data)
    APBAHBPrescTable                         0x20000001   Data          16  stm32f10x_rcc.o(.data)
    ADCPrescTable                            0x20000011   Data           4  stm32f10x_rcc.o(.data)
    .data                                    0x20000018   Section       24  heap_4.o(.data)
    xStart                                   0x20000018   Data           8  heap_4.o(.data)
    pxEnd                                    0x20000020   Data           4  heap_4.o(.data)
    xFreeBytesRemaining                      0x20000024   Data           4  heap_4.o(.data)
    xMinimumEverFreeBytesRemaining           0x20000028   Data           4  heap_4.o(.data)
    xBlockAllocatedBit                       0x2000002c   Data           4  heap_4.o(.data)
    .data                                    0x20000030   Section        4  port.o(.data)
    uxCriticalNesting                        0x20000030   Data           4  port.o(.data)
    .data                                    0x20000034   Section       60  tasks.o(.data)
    pxDelayedTaskList                        0x20000038   Data           4  tasks.o(.data)
    pxOverflowDelayedTaskList                0x2000003c   Data           4  tasks.o(.data)
    uxDeletedTasksWaitingCleanUp             0x20000040   Data           4  tasks.o(.data)
    uxCurrentNumberOfTasks                   0x20000044   Data           4  tasks.o(.data)
    xTickCount                               0x20000048   Data           4  tasks.o(.data)
    uxTopReadyPriority                       0x2000004c   Data           4  tasks.o(.data)
    xSchedulerRunning                        0x20000050   Data           4  tasks.o(.data)
    uxPendedTicks                            0x20000054   Data           4  tasks.o(.data)
    xYieldPending                            0x20000058   Data           4  tasks.o(.data)
    xNumOfOverflows                          0x2000005c   Data           4  tasks.o(.data)
    uxTaskNumber                             0x20000060   Data           4  tasks.o(.data)
    xNextTaskUnblockTime                     0x20000064   Data           4  tasks.o(.data)
    xIdleTaskHandle                          0x20000068   Data           4  tasks.o(.data)
    uxSchedulerSuspended                     0x2000006c   Data           4  tasks.o(.data)
    .bss                                     0x20000070   Section      916  clib_arm.o(.bss)
    os_libspace                              0x20000070   Data         480  clib_arm.o(.bss)
    os_libspace_id                           0x20000250   Data          16  clib_arm.o(.bss)
    clib_mutex_cb                            0x20000260   Data         400  clib_arm.o(.bss)
    clib_mutex_id                            0x200003f0   Data          20  clib_arm.o(.bss)
    .bss                                     0x20000404   Section     8192  heap_4.o(.bss)
    ucHeap                                   0x20000404   Data        8192  heap_4.o(.bss)
    .bss                                     0x20002404   Section     1220  tasks.o(.bss)
    pxReadyTasksLists                        0x20002404   Data        1120  tasks.o(.bss)
    xDelayedTaskList1                        0x20002864   Data          20  tasks.o(.bss)
    xDelayedTaskList2                        0x20002878   Data          20  tasks.o(.bss)
    xPendingReadyList                        0x2000288c   Data          20  tasks.o(.bss)
    xTasksWaitingTermination                 0x200028a0   Data          20  tasks.o(.bss)
    xSuspendedTaskList                       0x200028b4   Data          20  tasks.o(.bss)
    .bss                                     0x200028c8   Section       96  libspace.o(.bss)
    HEAP                                     0x20002928   Section      512  startup_stm32f10x_ld.o(HEAP)
    Heap_Mem                                 0x20002928   Data         512  startup_stm32f10x_ld.o(HEAP)
    STACK                                    0x20002b28   Section     1024  startup_stm32f10x_ld.o(STACK)
    Stack_Mem                                0x20002b28   Data        1024  startup_stm32f10x_ld.o(STACK)
    __initial_sp                             0x20002f28   Data           0  startup_stm32f10x_ld.o(STACK)

    Global Symbols

    Symbol Name                              Value     Ov Type        Size  Object(Section)

    BuildAttributes$$THM_ISAv4$P$D$K$B$S$PE$A:L22UL41UL21$X:L11$S22US41US21$IEEE1$IW$USESV6$~STKCKD$USESV7$~SHL$OSPACE$ROPI$EBA8$UX$STANDARDLIB$REQ8$PRES8$EABIv2 0x00000000   Number         0  anon$$obj.o ABSOLUTE
    __ARM_use_no_argv                        0x00000000   Number         0  bai3.o ABSOLUTE
    __ARM_exceptions_init                     - Undefined Weak Reference
    __alloca_initialize                       - Undefined Weak Reference
    __arm_preinit_                            - Undefined Weak Reference
    __cpp_initialize__aeabi_                  - Undefined Weak Reference
    __cxa_finalize                            - Undefined Weak Reference
    __rt_locale                               - Undefined Weak Reference
    __sigvec_lookup                           - Undefined Weak Reference
    _atexit_init                              - Undefined Weak Reference
    _call_atexit_fns                          - Undefined Weak Reference
    _clock_init                               - Undefined Weak Reference
    _fp_trap_init                             - Undefined Weak Reference
    _fp_trap_shutdown                         - Undefined Weak Reference
    _get_lc_collate                           - Undefined Weak Reference
    _get_lc_ctype                             - Undefined Weak Reference
    _get_lc_monetary                          - Undefined Weak Reference
    _get_lc_numeric                           - Undefined Weak Reference
    _get_lc_time                              - Undefined Weak Reference
    _getenv_init                              - Undefined Weak Reference
    _handle_redirection                       - Undefined Weak Reference
    _init_alloc                               - Undefined Weak Reference
    _init_user_alloc                          - Undefined Weak Reference
    _initio                                   - Undefined Weak Reference
    _rand_init                                - Undefined Weak Reference
    _signal_finish                            - Undefined Weak Reference
    _signal_init                              - Undefined Weak Reference
    _terminate_alloc                          - Undefined Weak Reference
    _terminate_user_alloc                     - Undefined Weak Reference
    _terminateio                              - Undefined Weak Reference
    __Vectors_Size                           0x000000ec   Number         0  startup_stm32f10x_ld.o ABSOLUTE
    __Vectors                                0x08000000   Data           4  startup_stm32f10x_ld.o(RESET)
    __Vectors_End                            0x080000ec   Data           0  startup_stm32f10x_ld.o(RESET)
    __main                                   0x080000ed   Thumb Code     8  __main.o(!!!main)
    __scatterload                            0x080000f5   Thumb Code     0  __scatter.o(!!!scatter)
    __scatterload_rt2                        0x080000f5   Thumb Code    44  __scatter.o(!!!scatter)
    __scatterload_rt2_thumb_only             0x080000f5   Thumb Code     0  __scatter.o(!!!scatter)
    __scatterload_null                       0x08000103   Thumb Code     0  __scatter.o(!!!scatter)
    __scatterload_copy                       0x08000129   Thumb Code    26  __scatter_copy.o(!!handler_copy)
    __scatterload_zeroinit                   0x08000145   Thumb Code    28  __scatter_zi.o(!!handler_zi)
    __rt_lib_init                            0x08000161   Thumb Code     0  libinit.o(.ARM.Collect$$libinit$$00000000)
    __rt_lib_init_alloca_1                   0x08000163   Thumb Code     0  libinit2.o(.ARM.Collect$$libinit$$0000002E)
    __rt_lib_init_argv_1                     0x08000163   Thumb Code     0  libinit2.o(.ARM.Collect$$libinit$$0000002C)
    __rt_lib_init_atexit_1                   0x08000163   Thumb Code     0  libinit2.o(.ARM.Collect$$libinit$$0000001B)
    __rt_lib_init_clock_1                    0x08000163   Thumb Code     0  libinit2.o(.ARM.Collect$$libinit$$00000021)
    __rt_lib_init_cpp_1                      0x08000163   Thumb Code     0  libinit2.o(.ARM.Collect$$libinit$$00000032)
    __rt_lib_init_exceptions_1               0x08000163   Thumb Code     0  libinit2.o(.ARM.Collect$$libinit$$00000030)
    __rt_lib_init_fp_1                       0x08000163   Thumb Code     0  libinit2.o(.ARM.Collect$$libinit$$00000002)
    __rt_lib_init_fp_trap_1                  0x08000163   Thumb Code     0  libinit2.o(.ARM.Collect$$libinit$$0000001F)
    __rt_lib_init_getenv_1                   0x08000163   Thumb Code     0  libinit2.o(.ARM.Collect$$libinit$$00000023)
    __rt_lib_init_heap_1                     0x08000163   Thumb Code     0  libinit2.o(.ARM.Collect$$libinit$$0000000A)
    __rt_lib_init_lc_collate_1               0x08000163   Thumb Code     0  libinit2.o(.ARM.Collect$$libinit$$00000011)
    __rt_lib_init_lc_ctype_1                 0x08000163   Thumb Code     0  libinit2.o(.ARM.Collect$$libinit$$00000013)
    __rt_lib_init_lc_monetary_1              0x08000163   Thumb Code     0  libinit2.o(.ARM.Collect$$libinit$$00000015)
    __rt_lib_init_lc_numeric_1               0x08000163   Thumb Code     0  libinit2.o(.ARM.Collect$$libinit$$00000017)
    __rt_lib_init_lc_time_1                  0x08000163   Thumb Code     0  libinit2.o(.ARM.Collect$$libinit$$00000019)
    __rt_lib_init_preinit_1                  0x08000163   Thumb Code     0  libinit2.o(.ARM.Collect$$libinit$$00000004)
    __rt_lib_init_rand_1                     0x08000163   Thumb Code     0  libinit2.o(.ARM.Collect$$libinit$$0000000E)
    __rt_lib_init_return                     0x08000163   Thumb Code     0  libinit2.o(.ARM.Collect$$libinit$$00000033)
    __rt_lib_init_signal_1                   0x08000163   Thumb Code     0  libinit2.o(.ARM.Collect$$libinit$$0000001D)
    __rt_lib_init_stdio_1                    0x08000163   Thumb Code     0  libinit2.o(.ARM.Collect$$libinit$$00000025)
    __rt_lib_init_user_alloc_1               0x08000163   Thumb Code     0  libinit2.o(.ARM.Collect$$libinit$$0000000C)
    __rt_lib_shutdown                        0x08000165   Thumb Code     0  libshutdown.o(.ARM.Collect$$libshutdown$$00000000)
    __rt_lib_shutdown_cpp_1                  0x08000167   Thumb Code     0  libshutdown2.o(.ARM.Collect$$libshutdown$$00000002)
    __rt_lib_shutdown_fp_trap_1              0x08000167   Thumb Code     0  libshutdown2.o(.ARM.Collect$$libshutdown$$00000007)
    __rt_lib_shutdown_heap_1                 0x08000167   Thumb Code     0  libshutdown2.o(.ARM.Collect$$libshutdown$$0000000F)
    __rt_lib_shutdown_return                 0x08000167   Thumb Code     0  libshutdown2.o(.ARM.Collect$$libshutdown$$00000010)
    __rt_lib_shutdown_signal_1               0x08000167   Thumb Code     0  libshutdown2.o(.ARM.Collect$$libshutdown$$0000000A)
    __rt_lib_shutdown_stdio_1                0x08000167   Thumb Code     0  libshutdown2.o(.ARM.Collect$$libshutdown$$00000004)
    __rt_lib_shutdown_user_alloc_1           0x08000167   Thumb Code     0  libshutdown2.o(.ARM.Collect$$libshutdown$$0000000C)
    __rt_entry                               0x08000169   Thumb Code     0  __rtentry.o(.ARM.Collect$$rtentry$$00000000)
    __rt_entry_presh_1                       0x08000169   Thumb Code     0  __rtentry2.o(.ARM.Collect$$rtentry$$00000002)
    __rt_entry_sh                            0x08000169   Thumb Code     0  __rtentry4.o(.ARM.Collect$$rtentry$$00000004)
    __rt_entry_postsh_1                      0x0800016f   Thumb Code     0  __rtentry2.o(.ARM.Collect$$rtentry$$00000008)
    __rt_entry_li                            0x08000177   Thumb Code     0  __rtentry2.o(.ARM.Collect$$rtentry$$0000000A)
    __rt_entry_main                          0x0800017b   Thumb Code     0  __rtentry2.o(.ARM.Collect$$rtentry$$0000000D)
    __rt_entry_postli_1                      0x0800017b   Thumb Code     0  __rtentry2.o(.ARM.Collect$$rtentry$$0000000C)
    __rt_exit                                0x08000183   Thumb Code     0  rtexit.o(.ARM.Collect$$rtexit$$00000000)
    __rt_exit_ls                             0x08000185   Thumb Code     0  rtexit2.o(.ARM.Collect$$rtexit$$00000003)
    __rt_exit_prels_1                        0x08000185   Thumb Code     0  rtexit2.o(.ARM.Collect$$rtexit$$00000002)
    __rt_exit_exit                           0x08000189   Thumb Code     0  rtexit2.o(.ARM.Collect$$rtexit$$00000004)
    SVC_Handler                              0x08000191   Thumb Code    32  port.o(.emb_text)
    __asm___6_port_c_39a90d8d__prvStartFirstTask 0x080001b5   Thumb Code    28  port.o(.emb_text)
    PendSV_Handler                           0x080001d5   Thumb Code    72  port.o(.emb_text)
    vPortGetIPSR                             0x08000221   Thumb Code     6  port.o(.emb_text)
    Reset_Handler                            0x08000229   Thumb Code     8  startup_stm32f10x_ld.o(.text)
    NMI_Handler                              0x08000231   Thumb Code     2  startup_stm32f10x_ld.o(.text)
    HardFault_Handler                        0x08000233   Thumb Code     2  startup_stm32f10x_ld.o(.text)
    MemManage_Handler                        0x08000235   Thumb Code     2  startup_stm32f10x_ld.o(.text)
    BusFault_Handler                         0x08000237   Thumb Code     2  startup_stm32f10x_ld.o(.text)
    UsageFault_Handler                       0x08000239   Thumb Code     2  startup_stm32f10x_ld.o(.text)
    DebugMon_Handler                         0x0800023d   Thumb Code     2  startup_stm32f10x_ld.o(.text)
    ADC1_2_IRQHandler                        0x08000243   Thumb Code     0  startup_stm32f10x_ld.o(.text)
    CAN1_RX1_IRQHandler                      0x08000243   Thumb Code     0  startup_stm32f10x_ld.o(.text)
    CAN1_SCE_IRQHandler                      0x08000243   Thumb Code     0  startup_stm32f10x_ld.o(.text)
    DMA1_Channel1_IRQHandler                 0x08000243   Thumb Code     0  startup_stm32f10x_ld.o(.text)
    DMA1_Channel2_IRQHandler                 0x08000243   Thumb Code     0  startup_stm32f10x_ld.o(.text)
    DMA1_Channel3_IRQHandler                 0x08000243   Thumb Code     0  startup_stm32f10x_ld.o(.text)
    DMA1_Channel4_IRQHandler                 0x08000243   Thumb Code     0  startup_stm32f10x_ld.o(.text)
    DMA1_Channel5_IRQHandler                 0x08000243   Thumb Code     0  startup_stm32f10x_ld.o(.text)
    DMA1_Channel6_IRQHandler                 0x08000243   Thumb Code     0  startup_stm32f10x_ld.o(.text)
    DMA1_Channel7_IRQHandler                 0x08000243   Thumb Code     0  startup_stm32f10x_ld.o(.text)
    EXTI0_IRQHandler                         0x08000243   Thumb Code     0  startup_stm32f10x_ld.o(.text)
    EXTI15_10_IRQHandler                     0x08000243   Thumb Code     0  startup_stm32f10x_ld.o(.text)
    EXTI1_IRQHandler                         0x08000243   Thumb Code     0  startup_stm32f10x_ld.o(.text)
    EXTI2_IRQHandler                         0x08000243   Thumb Code     0  startup_stm32f10x_ld.o(.text)
    EXTI3_IRQHandler                         0x08000243   Thumb Code     0  startup_stm32f10x_ld.o(.text)
    EXTI4_IRQHandler                         0x08000243   Thumb Code     0  startup_stm32f10x_ld.o(.text)
    EXTI9_5_IRQHandler                       0x08000243   Thumb Code     0  startup_stm32f10x_ld.o(.text)
    FLASH_IRQHandler                         0x08000243   Thumb Code     0  startup_stm32f10x_ld.o(.text)
    I2C1_ER_IRQHandler                       0x08000243   Thumb Code     0  startup_stm32f10x_ld.o(.text)
    I2C1_EV_IRQHandler                       0x08000243   Thumb Code     0  startup_stm32f10x_ld.o(.text)
    PVD_IRQHandler                           0x08000243   Thumb Code     0  startup_stm32f10x_ld.o(.text)
    RCC_IRQHandler                           0x08000243   Thumb Code     0  startup_stm32f10x_ld.o(.text)
    RTCAlarm_IRQHandler                      0x08000243   Thumb Code     0  startup_stm32f10x_ld.o(.text)
    RTC_IRQHandler                           0x08000243   Thumb Code     0  startup_stm32f10x_ld.o(.text)
    SPI1_IRQHandler                          0x08000243   Thumb Code     0  startup_stm32f10x_ld.o(.text)
    TAMPER_IRQHandler                        0x08000243   Thumb Code     0  startup_stm32f10x_ld.o(.text)
    TIM1_BRK_IRQHandler                      0x08000243   Thumb Code     0  startup_stm32f10x_ld.o(.text)
    TIM1_CC_IRQHandler                       0x08000243   Thumb Code     0  startup_stm32f10x_ld.o(.text)
    TIM1_TRG_COM_IRQHandler                  0x08000243   Thumb Code     0  startup_stm32f10x_ld.o(.text)
    TIM1_UP_IRQHandler                       0x08000243   Thumb Code     0  startup_stm32f10x_ld.o(.text)
    TIM2_IRQHandler                          0x08000243   Thumb Code     0  startup_stm32f10x_ld.o(.text)
    TIM3_IRQHandler                          0x08000243   Thumb Code     0  startup_stm32f10x_ld.o(.text)
    USART1_IRQHandler                        0x08000243   Thumb Code     0  startup_stm32f10x_ld.o(.text)
    USART2_IRQHandler                        0x08000243   Thumb Code     0  startup_stm32f10x_ld.o(.text)
    USBWakeUp_IRQHandler                     0x08000243   Thumb Code     0  startup_stm32f10x_ld.o(.text)
    USB_HP_CAN1_TX_IRQHandler                0x08000243   Thumb Code     0  startup_stm32f10x_ld.o(.text)
    USB_LP_CAN1_RX0_IRQHandler               0x08000243   Thumb Code     0  startup_stm32f10x_ld.o(.text)
    WWDG_IRQHandler                          0x08000243   Thumb Code     0  startup_stm32f10x_ld.o(.text)
    __user_initial_stackheap                 0x08000245   Thumb Code     0  startup_stm32f10x_ld.o(.text)
    __aeabi_memcpy                           0x08000269   Thumb Code     0  rt_memcpy_v6.o(.text)
    __rt_memcpy                              0x08000269   Thumb Code   138  rt_memcpy_v6.o(.text)
    _memcpy_lastbytes                        0x080002cf   Thumb Code     0  rt_memcpy_v6.o(.text)
    __use_two_region_memory                  0x080002f3   Thumb Code     2  heapauxi.o(.text)
    __rt_heap_escrow$2region                 0x080002f5   Thumb Code     2  heapauxi.o(.text)
    __rt_heap_expand$2region                 0x080002f7   Thumb Code     2  heapauxi.o(.text)
    __aeabi_memcpy4                          0x080002f9   Thumb Code     0  rt_memcpy_w.o(.text)
    __aeabi_memcpy8                          0x080002f9   Thumb Code     0  rt_memcpy_w.o(.text)
    __rt_memcpy_w                            0x080002f9   Thumb Code   100  rt_memcpy_w.o(.text)
    _memcpy_lastbytes_aligned                0x08000341   Thumb Code     0  rt_memcpy_w.o(.text)
    __user_setup_stackheap                   0x0800035d   Thumb Code    74  sys_stackheap_outer.o(.text)
    exit                                     0x080003a7   Thumb Code    18  exit.o(.text)
    __user_libspace                          0x080003b9   Thumb Code     8  libspace.o(.text)
    __user_perproc_libspace                  0x080003b9   Thumb Code     0  libspace.o(.text)
    _sys_exit                                0x080003c1   Thumb Code     8  sys_exit.o(.text)
    __I$use$semihosting                      0x080003cd   Thumb Code     0  use_no_semi.o(.text)
    __use_no_semihosting_swi                 0x080003cd   Thumb Code     2  use_no_semi.o(.text)
    __semihosting_library_function           0x080003cf   Thumb Code     0  indicate_semi.o(.text)
    BKP_ReadBackupRegister                   0x080003d1   Thumb Code    24  stm32f10x_bkp.o(i.BKP_ReadBackupRegister)
    BKP_WriteBackupRegister                  0x080003ed   Thumb Code    22  stm32f10x_bkp.o(i.BKP_WriteBackupRegister)
    EXTI_ClearITPendingBit                   0x08000435   Thumb Code     6  stm32f10x_exti.o(i.EXTI_ClearITPendingBit)
    EXTI_Init                                0x08000441   Thumb Code   142  stm32f10x_exti.o(i.EXTI_Init)
    GPIO_Init                                0x080004d5   Thumb Code   278  stm32f10x_gpio.o(i.GPIO_Init)
    GPIO_ResetBits                           0x080005eb   Thumb Code     4  stm32f10x_gpio.o(i.GPIO_ResetBits)
    GPIO_SetBits                             0x080005ef   Thumb Code     4  stm32f10x_gpio.o(i.GPIO_SetBits)
    GPIO_StructInit                          0x080005f3   Thumb Code    16  stm32f10x_gpio.o(i.GPIO_StructInit)
    PWR_BackupAccessCmd                      0x080006c9   Thumb Code     6  stm32f10x_pwr.o(i.PWR_BackupAccessCmd)
    PWR_ClearFlag                            0x080006d5   Thumb Code    14  stm32f10x_pwr.o(i.PWR_ClearFlag)
    PWR_EnterSTANDBYMode                     0x080006e9   Thumb Code    32  stm32f10x_pwr.o(i.PWR_EnterSTANDBYMode)
    PWR_GetFlagStatus                        0x08000711   Thumb Code    20  stm32f10x_pwr.o(i.PWR_GetFlagStatus)
    PWR_WakeUpPinCmd                         0x08000729   Thumb Code     6  stm32f10x_pwr.o(i.PWR_WakeUpPinCmd)
    RCC_APB1PeriphClockCmd                   0x08000735   Thumb Code    26  stm32f10x_rcc.o(i.RCC_APB1PeriphClockCmd)
    RCC_APB1PeriphResetCmd                   0x08000755   Thumb Code    26  stm32f10x_rcc.o(i.RCC_APB1PeriphResetCmd)
    RCC_APB2PeriphClockCmd                   0x08000775   Thumb Code    26  stm32f10x_rcc.o(i.RCC_APB2PeriphClockCmd)
    RCC_APB2PeriphResetCmd                   0x08000795   Thumb Code    26  stm32f10x_rcc.o(i.RCC_APB2PeriphResetCmd)
    RCC_GetClocksFreq                        0x080007b5   Thumb Code   192  stm32f10x_rcc.o(i.RCC_GetClocksFreq)
    RCC_GetFlagStatus                        0x08000889   Thumb Code    56  stm32f10x_rcc.o(i.RCC_GetFlagStatus)
    RCC_LSEConfig                            0x080008c5   Thumb Code    46  stm32f10x_rcc.o(i.RCC_LSEConfig)
    RCC_LSICmd                               0x080008f9   Thumb Code     6  stm32f10x_rcc.o(i.RCC_LSICmd)
    RCC_RTCCLKCmd                            0x08000905   Thumb Code     6  stm32f10x_rcc.o(i.RCC_RTCCLKCmd)
    RCC_RTCCLKConfig                         0x08000911   Thumb Code    12  stm32f10x_rcc.o(i.RCC_RTCCLKConfig)
    RTC_ClearFlag                            0x08000921   Thumb Code    12  stm32f10x_rtc.o(i.RTC_ClearFlag)
    RTC_EnterConfigMode                      0x08000a4d   Thumb Code    14  stm32f10x_rtc.o(i.RTC_EnterConfigMode)
    RTC_ExitConfigMode                       0x08000a61   Thumb Code    16  stm32f10x_rtc.o(i.RTC_ExitConfigMode)
    RTC_GetCounter                           0x08000a75   Thumb Code    38  stm32f10x_rtc.o(i.RTC_GetCounter)
    RTC_ITConfig                             0x08000aa1   Thumb Code    26  stm32f10x_rtc.o(i.RTC_ITConfig)
    RTC_SetAlarm                             0x08000ac1   Thumb Code    24  stm32f10x_rtc.o(i.RTC_SetAlarm)
    RTC_SetCounter                           0x08000af9   Thumb Code    24  stm32f10x_rtc.o(i.RTC_SetCounter)
    RTC_SetPrescaler                         0x08000b15   Thumb Code    26  stm32f10x_rtc.o(i.RTC_SetPrescaler)
    RTC_WaitForLastTask                      0x08000b35   Thumb Code    16  stm32f10x_rtc.o(i.RTC_WaitForLastTask)
    RTC_WaitForSynchro                       0x08000b49   Thumb Code    30  stm32f10x_rtc.o(i.RTC_WaitForSynchro)
    SysTick_Handler                          0x08000c8d   Thumb Code    22  cmsis_os2.o(i.SysTick_Handler)
    SystemInit                               0x08000ca5   Thumb Code    78  system_stm32f10x.o(i.SystemInit)
    USART_Cmd                                0x08000e6f   Thumb Code    24  stm32f10x_usart.o(i.USART_Cmd)
    USART_DeInit                             0x08000e89   Thumb Code   134  stm32f10x_usart.o(i.USART_DeInit)
    USART_GetFlagStatus                      0x08000f25   Thumb Code    26  stm32f10x_usart.o(i.USART_GetFlagStatus)
    USART_Init                               0x08000f41   Thumb Code   210  stm32f10x_usart.o(i.USART_Init)
    USART_SendData                           0x08001019   Thumb Code     8  stm32f10x_usart.o(i.USART_SendData)
    USART_StructInit                         0x08001021   Thumb Code    24  stm32f10x_usart.o(i.USART_StructInit)
    _mutex_acquire                           0x08001039   Thumb Code    22  clib_arm.o(i._mutex_acquire)
    _mutex_free                              0x08001051   Thumb Code    46  clib_arm.o(i._mutex_free)
    _mutex_initialize                        0x08001085   Thumb Code    86  clib_arm.o(i._mutex_initialize)
    _mutex_release                           0x080010e5   Thumb Code    24  clib_arm.o(i._mutex_release)
    _platform_post_stackheap_init            0x080010fd   Thumb Code     2  clib_arm.o(i._platform_post_stackheap_init)
    main                                     0x08001101   Thumb Code   186  bai3.o(i.main)
    pvPortMalloc                             0x08001575   Thumb Code   188  heap_4.o(i.pvPortMalloc)
    pvTaskIncrementMutexHeldCount            0x08001645   Thumb Code    26  tasks.o(i.pvTaskIncrementMutexHeldCount)
    uxListRemove                             0x08001689   Thumb Code    40  list.o(i.uxListRemove)
    vApplicationStackOverflowHook            0x080016b1   Thumb Code     2  cmsis_os2.o(i.vApplicationStackOverflowHook)
    vListInitialise                          0x080016b3   Thumb Code    26  list.o(i.vListInitialise)
    vListInsert                              0x080016cd   Thumb Code    52  list.o(i.vListInsert)
    vListInsertEnd                           0x08001701   Thumb Code    24  list.o(i.vListInsertEnd)
    vPortEnterCritical                       0x08001719   Thumb Code    30  port.o(i.vPortEnterCritical)
    vPortExitCritical                        0x0800173d   Thumb Code    28  port.o(i.vPortExitCritical)
    vPortFree                                0x0800175d   Thumb Code    64  heap_4.o(i.vPortFree)
    vQueueDelete                             0x080017a5   Thumb Code    20  queue.o(i.vQueueDelete)
    vTaskInternalSetTimeOutState             0x080017b9   Thumb Code    14  tasks.o(i.vTaskInternalSetTimeOutState)
    vTaskMissedYield                         0x080017d1   Thumb Code     8  tasks.o(i.vTaskMissedYield)
    vTaskPlaceOnEventList                    0x080017dd   Thumb Code    28  tasks.o(i.vTaskPlaceOnEventList)
    vTaskPriorityDisinheritAfterTimeout      0x080017fd   Thumb Code   130  tasks.o(i.vTaskPriorityDisinheritAfterTimeout)
    vTaskSuspendAll                          0x08001889   Thumb Code    12  tasks.o(i.vTaskSuspendAll)
    vTaskSwitchContext                       0x08001899   Thumb Code   154  tasks.o(i.vTaskSwitchContext)
    xPortSysTickHandler                      0x08001949   Thumb Code    46  port.o(i.xPortSysTickHandler)
    xQueueCreateMutex                        0x0800197d   Thumb Code    34  queue.o(i.xQueueCreateMutex)
    xQueueCreateMutexStatic                  0x0800199f   Thumb Code    42  queue.o(i.xQueueCreateMutexStatic)
    xQueueGenericCreate                      0x080019c9   Thumb Code    64  queue.o(i.xQueueGenericCreate)
    xQueueGenericCreateStatic                0x08001a09   Thumb Code    46  queue.o(i.xQueueGenericCreateStatic)
    xQueueGenericReset                       0x08001a39   Thumb Code   122  queue.o(i.xQueueGenericReset)
    xQueueGenericSend                        0x08001ab9   Thumb Code   276  queue.o(i.xQueueGenericSend)
    xQueueSemaphoreTake                      0x08001bd1   Thumb Code   300  queue.o(i.xQueueSemaphoreTake)
    xTaskCheckForTimeOut                     0x08001d01   Thumb Code    84  tasks.o(i.xTaskCheckForTimeOut)
    xTaskGetSchedulerState                   0x08001d5d   Thumb Code    24  tasks.o(i.xTaskGetSchedulerState)
    xTaskIncrementTick                       0x08001d7d   Thumb Code   236  tasks.o(i.xTaskIncrementTick)
    xTaskPriorityDisinherit                  0x08001e95   Thumb Code    86  tasks.o(i.xTaskPriorityDisinherit)
    xTaskPriorityInherit                     0x08001ef5   Thumb Code   150  tasks.o(i.xTaskPriorityInherit)
    xTaskRemoveFromEventList                 0x08001f99   Thumb Code   102  tasks.o(i.xTaskRemoveFromEventList)
    xTaskResumeAll                           0x08002019   Thumb Code   194  tasks.o(i.xTaskResumeAll)
    Region$$Table$$Base                      0x08002100   Number         0  anon$$obj.o(Region$$Table)
    Region$$Table$$Limit                     0x08002120   Number         0  anon$$obj.o(Region$$Table)
    pxCurrentTCB                             0x20000034   Data           4  tasks.o(.data)
    __libspace_start                         0x200028c8   Data          96  libspace.o(.bss)
    __temporary_stack_top$libspace           0x20002928   Data           0  libspace.o(.bss)



==============================================================================

Memory Map of the image

  Image Entry point : 0x08000229

  Load Region LR_1 (Base: 0x08000000, Size: 0x00002190, Max: 0xffffffff, ABSOLUTE)

    Execution Region ER_RO (Exec base: 0x08000000, Load base: 0x08000000, Size: 0x00002120, Max: 0xffffffff, ABSOLUTE)

    Exec Addr    Load Addr    Size         Type   Attr      Idx    E Section Name        Object

    0x08000000   0x08000000   0x000000ec   Data   RO         1532    RESET               startup_stm32f10x_ld.o
    0x080000ec   0x080000ec   0x00000008   Code   RO         3056  * !!!main             c_w.l(__main.o)
    0x080000f4   0x080000f4   0x00000034   Code   RO         3217    !!!scatter          c_w.l(__scatter.o)
    0x08000128   0x08000128   0x0000001a   Code   RO         3219    !!handler_copy      c_w.l(__scatter_copy.o)
    0x08000142   0x08000142   0x00000002   PAD
    0x08000144   0x08000144   0x0000001c   Code   RO         3221    !!handler_zi        c_w.l(__scatter_zi.o)
    0x08000160   0x08000160   0x00000002   Code   RO         3087    .ARM.Collect$$libinit$$00000000  c_w.l(libinit.o)
    0x08000162   0x08000162   0x00000000   Code   RO         3094    .ARM.Collect$$libinit$$00000002  c_w.l(libinit2.o)
    0x08000162   0x08000162   0x00000000   Code   RO         3096    .ARM.Collect$$libinit$$00000004  c_w.l(libinit2.o)
    0x08000162   0x08000162   0x00000000   Code   RO         3099    .ARM.Collect$$libinit$$0000000A  c_w.l(libinit2.o)
    0x08000162   0x08000162   0x00000000   Code   RO         3101    .ARM.Collect$$libinit$$0000000C  c_w.l(libinit2.o)
    0x08000162   0x08000162   0x00000000   Code   RO         3103    .ARM.Collect$$libinit$$0000000E  c_w.l(libinit2.o)
    0x08000162   0x08000162   0x00000000   Code   RO         3106    .ARM.Collect$$libinit$$00000011  c_w.l(libinit2.o)
    0x08000162   0x08000162   0x00000000   Code   RO         3108    .ARM.Collect$$libinit$$00000013  c_w.l(libinit2.o)
    0x08000162   0x08000162   0x00000000   Code   RO         3110    .ARM.Collect$$libinit$$00000015  c_w.l(libinit2.o)
    0x08000162   0x08000162   0x00000000   Code   RO         3112    .ARM.Collect$$libinit$$00000017  c_w.l(libinit2.o)
    0x08000162   0x08000162   0x00000000   Code   RO         3114    .ARM.Collect$$libinit$$00000019  c_w.l(libinit2.o)
    0x08000162   0x08000162   0x00000000   Code   RO         3116    .ARM.Collect$$libinit$$0000001B  c_w.l(libinit2.o)
    0x08000162   0x08000162   0x00000000   Code   RO         3118    .ARM.Collect$$libinit$$0000001D  c_w.l(libinit2.o)
    0x08000162   0x08000162   0x00000000   Code   RO         3120    .ARM.Collect$$libinit$$0000001F  c_w.l(libinit2.o)
    0x08000162   0x08000162   0x00000000   Code   RO         3122    .ARM.Collect$$libinit$$00000021  c_w.l(libinit2.o)
    0x08000162   0x08000162   0x00000000   Code   RO         3124    .ARM.Collect$$libinit$$00000023  c_w.l(libinit2.o)
    0x08000162   0x08000162   0x00000000   Code   RO         3126    .ARM.Collect$$libinit$$00000025  c_w.l(libinit2.o)
    0x08000162   0x08000162   0x00000000   Code   RO         3130    .ARM.Collect$$libinit$$0000002C  c_w.l(libinit2.o)
    0x08000162   0x08000162   0x00000000   Code   RO         3132    .ARM.Collect$$libinit$$0000002E  c_w.l(libinit2.o)
    0x08000162   0x08000162   0x00000000   Code   RO         3134    .ARM.Collect$$libinit$$00000030  c_w.l(libinit2.o)
    0x08000162   0x08000162   0x00000000   Code   RO         3136    .ARM.Collect$$libinit$$00000032  c_w.l(libinit2.o)
    0x08000162   0x08000162   0x00000002   Code   RO         3137    .ARM.Collect$$libinit$$00000033  c_w.l(libinit2.o)
    0x08000164   0x08000164   0x00000002   Code   RO         3157    .ARM.Collect$$libshutdown$$00000000  c_w.l(libshutdown.o)
    0x08000166   0x08000166   0x00000000   Code   RO         3170    .ARM.Collect$$libshutdown$$00000002  c_w.l(libshutdown2.o)
    0x08000166   0x08000166   0x00000000   Code   RO         3172    .ARM.Collect$$libshutdown$$00000004  c_w.l(libshutdown2.o)
    0x08000166   0x08000166   0x00000000   Code   RO         3175    .ARM.Collect$$libshutdown$$00000007  c_w.l(libshutdown2.o)
    0x08000166   0x08000166   0x00000000   Code   RO         3178    .ARM.Collect$$libshutdown$$0000000A  c_w.l(libshutdown2.o)
    0x08000166   0x08000166   0x00000000   Code   RO         3180    .ARM.Collect$$libshutdown$$0000000C  c_w.l(libshutdown2.o)
    0x08000166   0x08000166   0x00000000   Code   RO         3183    .ARM.Collect$$libshutdown$$0000000F  c_w.l(libshutdown2.o)
    0x08000166   0x08000166   0x00000002   Code   RO         3184    .ARM.Collect$$libshutdown$$00000010  c_w.l(libshutdown2.o)
    0x08000168   0x08000168   0x00000000   Code   RO         3058    .ARM.Collect$$rtentry$$00000000  c_w.l(__rtentry.o)
    0x08000168   0x08000168   0x00000000   Code   RO         3064    .ARM.Collect$$rtentry$$00000002  c_w.l(__rtentry2.o)
    0x08000168   0x08000168   0x00000006   Code   RO         3076    .ARM.Collect$$rtentry$$00000004  c_w.l(__rtentry4.o)
    0x0800016e   0x0800016e   0x00000008   Code   RO         3065    .ARM.Collect$$rtentry$$00000008  c_w.l(__rtentry2.o)
    0x08000176   0x08000176   0x00000004   Code   RO         3067    .ARM.Collect$$rtentry$$0000000A  c_w.l(__rtentry2.o)
    0x0800017a   0x0800017a   0x00000000   Code   RO         3069    .ARM.Collect$$rtentry$$0000000C  c_w.l(__rtentry2.o)
    0x0800017a   0x0800017a   0x00000008   Code   RO         3070    .ARM.Collect$$rtentry$$0000000D  c_w.l(__rtentry2.o)
    0x08000182   0x08000182   0x00000002   Code   RO         3091    .ARM.Collect$$rtexit$$00000000  c_w.l(rtexit.o)
    0x08000184   0x08000184   0x00000000   Code   RO         3139    .ARM.Collect$$rtexit$$00000002  c_w.l(rtexit2.o)
    0x08000184   0x08000184   0x00000004   Code   RO         3140    .ARM.Collect$$rtexit$$00000003  c_w.l(rtexit2.o)
    0x08000188   0x08000188   0x00000006   Code   RO         3141    .ARM.Collect$$rtexit$$00000004  c_w.l(rtexit2.o)
    0x0800018e   0x0800018e   0x00000002   PAD
    0x08000190   0x08000190   0x00000096   Code   RO         2177    .emb_text           port.o
    0x08000226   0x08000226   0x00000002   PAD
    0x08000228   0x08000228   0x00000040   Code   RO         1533  * .text               startup_stm32f10x_ld.o
    0x08000268   0x08000268   0x0000008a   Code   RO         3050    .text               c_w.l(rt_memcpy_v6.o)
    0x080002f2   0x080002f2   0x00000006   Code   RO         3054    .text               c_w.l(heapauxi.o)
    0x080002f8   0x080002f8   0x00000064   Code   RO         3059    .text               c_w.l(rt_memcpy_w.o)
    0x0800035c   0x0800035c   0x0000004a   Code   RO         3080    .text               c_w.l(sys_stackheap_outer.o)
    0x080003a6   0x080003a6   0x00000012   Code   RO         3082    .text               c_w.l(exit.o)
    0x080003b8   0x080003b8   0x00000008   Code   RO         3088    .text               c_w.l(libspace.o)
    0x080003c0   0x080003c0   0x0000000c   Code   RO         3149    .text               c_w.l(sys_exit.o)
    0x080003cc   0x080003cc   0x00000002   Code   RO         3160    .text               c_w.l(use_no_semi.o)
    0x080003ce   0x080003ce   0x00000000   Code   RO         3162    .text               c_w.l(indicate_semi.o)
    0x080003ce   0x080003ce   0x00000002   PAD
    0x080003d0   0x080003d0   0x0000001c   Code   RO         1695    i.BKP_ReadBackupRegister  stm32f10x_bkp.o
    0x080003ec   0x080003ec   0x0000001c   Code   RO         1699    i.BKP_WriteBackupRegister  stm32f10x_bkp.o
    0x08000408   0x08000408   0x0000002a   Code   RO            4    i.Counter_Inc_Read  bai3.o
    0x08000432   0x08000432   0x00000002   PAD
    0x08000434   0x08000434   0x0000000c   Code   RO         1779    i.EXTI_ClearITPendingBit  stm32f10x_exti.o
    0x08000440   0x08000440   0x00000094   Code   RO         1784    i.EXTI_Init         stm32f10x_exti.o
    0x080004d4   0x080004d4   0x00000116   Code   RO          961    i.GPIO_Init         stm32f10x_gpio.o
    0x080005ea   0x080005ea   0x00000004   Code   RO          968    i.GPIO_ResetBits    stm32f10x_gpio.o
    0x080005ee   0x080005ee   0x00000004   Code   RO          969    i.GPIO_SetBits      stm32f10x_gpio.o
    0x080005f2   0x080005f2   0x00000010   Code   RO          970    i.GPIO_StructInit   stm32f10x_gpio.o
    0x08000602   0x08000602   0x00000002   PAD
    0x08000604   0x08000604   0x0000003c   Code   RO            5    i.IO_AllB_ToAnalog  bai3.o
    0x08000640   0x08000640   0x00000034   Code   RO            6    i.MARKER_Init_PC13  bai3.o
    0x08000674   0x08000674   0x00000014   Code   RO            7    i.MARKER_Run_OFF    bai3.o
    0x08000688   0x08000688   0x00000014   Code   RO            8    i.MARKER_Run_ON     bai3.o
    0x0800069c   0x0800069c   0x0000002c   Code   RO            9    i.MARKER_To_Analog  bai3.o
    0x080006c8   0x080006c8   0x0000000c   Code   RO         1844    i.PWR_BackupAccessCmd  stm32f10x_pwr.o
    0x080006d4   0x080006d4   0x00000014   Code   RO         1845    i.PWR_ClearFlag     stm32f10x_pwr.o
    0x080006e8   0x080006e8   0x00000028   Code   RO         1847    i.PWR_EnterSTANDBYMode  stm32f10x_pwr.o
    0x08000710   0x08000710   0x00000018   Code   RO         1849    i.PWR_GetFlagStatus  stm32f10x_pwr.o
    0x08000728   0x08000728   0x0000000c   Code   RO         1852    i.PWR_WakeUpPinCmd  stm32f10x_pwr.o
    0x08000734   0x08000734   0x00000020   Code   RO         1083    i.RCC_APB1PeriphClockCmd  stm32f10x_rcc.o
    0x08000754   0x08000754   0x00000020   Code   RO         1084    i.RCC_APB1PeriphResetCmd  stm32f10x_rcc.o
    0x08000774   0x08000774   0x00000020   Code   RO         1085    i.RCC_APB2PeriphClockCmd  stm32f10x_rcc.o
    0x08000794   0x08000794   0x00000020   Code   RO         1086    i.RCC_APB2PeriphResetCmd  stm32f10x_rcc.o
    0x080007b4   0x080007b4   0x000000d4   Code   RO         1093    i.RCC_GetClocksFreq  stm32f10x_rcc.o
    0x08000888   0x08000888   0x0000003c   Code   RO         1094    i.RCC_GetFlagStatus  stm32f10x_rcc.o
    0x080008c4   0x080008c4   0x00000034   Code   RO         1101    i.RCC_LSEConfig     stm32f10x_rcc.o
    0x080008f8   0x080008f8   0x0000000c   Code   RO         1102    i.RCC_LSICmd        stm32f10x_rcc.o
    0x08000904   0x08000904   0x0000000c   Code   RO         1108    i.RCC_RTCCLKCmd     stm32f10x_rcc.o
    0x08000910   0x08000910   0x00000010   Code   RO         1109    i.RCC_RTCCLKConfig  stm32f10x_rcc.o
    0x08000920   0x08000920   0x00000010   Code   RO         1586    i.RTC_ClearFlag     stm32f10x_rtc.o
    0x08000930   0x08000930   0x0000011c   Code   RO           10    i.RTC_Ensure_1Hz_InitOnce  bai3.o
    0x08000a4c   0x08000a4c   0x00000014   Code   RO         1588    i.RTC_EnterConfigMode  stm32f10x_rtc.o
    0x08000a60   0x08000a60   0x00000014   Code   RO         1589    i.RTC_ExitConfigMode  stm32f10x_rtc.o
    0x08000a74   0x08000a74   0x0000002c   Code   RO         1590    i.RTC_GetCounter    stm32f10x_rtc.o
    0x08000aa0   0x08000aa0   0x00000020   Code   RO         1594    i.RTC_ITConfig      stm32f10x_rtc.o
    0x08000ac0   0x08000ac0   0x0000001c   Code   RO         1595    i.RTC_SetAlarm      stm32f10x_rtc.o
    0x08000adc   0x08000adc   0x0000001a   Code   RO           11    i.RTC_SetAlarm_In   bai3.o
    0x08000af6   0x08000af6   0x00000002   PAD
    0x08000af8   0x08000af8   0x0000001c   Code   RO         1596    i.RTC_SetCounter    stm32f10x_rtc.o
    0x08000b14   0x08000b14   0x00000020   Code   RO         1597    i.RTC_SetPrescaler  stm32f10x_rtc.o
    0x08000b34   0x08000b34   0x00000014   Code   RO         1598    i.RTC_WaitForLastTask  stm32f10x_rtc.o
    0x08000b48   0x08000b48   0x00000024   Code   RO         1599    i.RTC_WaitForSynchro  stm32f10x_rtc.o
    0x08000b6c   0x08000b6c   0x00000008   Code   RO         1540    i.SetSysClock       system_stm32f10x.o
    0x08000b74   0x08000b74   0x000000e0   Code   RO         1541    i.SetSysClockTo72   system_stm32f10x.o
    0x08000c54   0x08000c54   0x00000038   Code   RO           12    i.Standby_Enter     bai3.o
    0x08000c8c   0x08000c8c   0x00000016   Code   RO          365    i.SysTick_Handler   cmsis_os2.o
    0x08000ca2   0x08000ca2   0x00000002   PAD
    0x08000ca4   0x08000ca4   0x00000060   Code   RO         1543    i.SystemInit        system_stm32f10x.o
    0x08000d04   0x08000d04   0x0000005c   Code   RO           13    i.UART1_DeInit_LowLeak  bai3.o
    0x08000d60   0x08000d60   0x00000074   Code   RO           14    i.UART1_Init_9600   bai3.o
    0x08000dd4   0x08000dd4   0x0000003c   Code   RO           15    i.UART1_SendChar    bai3.o
    0x08000e10   0x08000e10   0x00000048   Code   RO           16    i.UART1_SendDec     bai3.o
    0x08000e58   0x08000e58   0x00000016   Code   RO           17    i.UART1_SendString  bai3.o
    0x08000e6e   0x08000e6e   0x00000018   Code   RO         1297    i.USART_Cmd         stm32f10x_usart.o
    0x08000e86   0x08000e86   0x00000002   PAD
    0x08000e88   0x08000e88   0x0000009c   Code   RO         1299    i.USART_DeInit      stm32f10x_usart.o
    0x08000f24   0x08000f24   0x0000001a   Code   RO         1300    i.USART_GetFlagStatus  stm32f10x_usart.o
    0x08000f3e   0x08000f3e   0x00000002   PAD
    0x08000f40   0x08000f40   0x000000d8   Code   RO         1304    i.USART_Init        stm32f10x_usart.o
    0x08001018   0x08001018   0x00000008   Code   RO         1314    i.USART_SendData    stm32f10x_usart.o
    0x08001020   0x08001020   0x00000018   Code   RO         1320    i.USART_StructInit  stm32f10x_usart.o
    0x08001038   0x08001038   0x00000016   Code   RO          160    i._mutex_acquire    clib_arm.o
    0x0800104e   0x0800104e   0x00000002   PAD
    0x08001050   0x08001050   0x00000034   Code   RO          161    i._mutex_free       clib_arm.o
    0x08001084   0x08001084   0x00000060   Code   RO          162    i._mutex_initialize  clib_arm.o
    0x080010e4   0x080010e4   0x00000018   Code   RO          163    i._mutex_release    clib_arm.o
    0x080010fc   0x080010fc   0x00000002   Code   RO          164    i._platform_post_stackheap_init  clib_arm.o
    0x080010fe   0x080010fe   0x00000002   PAD
    0x08001100   0x08001100   0x00000128   Code   RO           18    i.main              bai3.o
    0x08001228   0x08001228   0x00000024   Code   RO          165    i.os_kernel_is_active  clib_arm.o
    0x0800124c   0x0800124c   0x0000007c   Code   RO         2497    i.prvAddCurrentTaskToDelayedList  tasks.o
    0x080012c8   0x080012c8   0x0000007e   Code   RO         2261    i.prvCopyDataToQueue  queue.o
    0x08001346   0x08001346   0x00000014   Code   RO         2262    i.prvGetDisinheritPriorityAfterTimeout  queue.o
    0x0800135a   0x0800135a   0x00000002   PAD
    0x0800135c   0x0800135c   0x0000007c   Code   RO         2116    i.prvHeapInit       heap_4.o
    0x080013d8   0x080013d8   0x0000001e   Code   RO         2263    i.prvInitialiseMutex  queue.o
    0x080013f6   0x080013f6   0x0000002a   Code   RO         2264    i.prvInitialiseNewQueue  queue.o
    0x08001420   0x08001420   0x00000068   Code   RO         2117    i.prvInsertBlockIntoFreeList  heap_4.o
    0x08001488   0x08001488   0x0000001a   Code   RO         2265    i.prvIsQueueEmpty   queue.o
    0x080014a2   0x080014a2   0x0000001e   Code   RO         2266    i.prvIsQueueFull    queue.o
    0x080014c0   0x080014c0   0x00000034   Code   RO         2505    i.prvResetNextTaskUnblockTime  tasks.o
    0x080014f4   0x080014f4   0x0000007e   Code   RO         2267    i.prvUnlockQueue    queue.o
    0x08001572   0x08001572   0x00000002   PAD
    0x08001574   0x08001574   0x000000d0   Code   RO         2118    i.pvPortMalloc      heap_4.o
    0x08001644   0x08001644   0x00000020   Code   RO         2508    i.pvTaskIncrementMutexHeldCount  tasks.o
    0x08001664   0x08001664   0x00000024   Code   RO           19    i.uart_delay_flush_ms  bai3.o
    0x08001688   0x08001688   0x00000028   Code   RO         2065    i.uxListRemove      list.o
    0x080016b0   0x080016b0   0x00000002   Code   RO          434    i.vApplicationStackOverflowHook  cmsis_os2.o
    0x080016b2   0x080016b2   0x0000001a   Code   RO         2066    i.vListInitialise   list.o
    0x080016cc   0x080016cc   0x00000034   Code   RO         2068    i.vListInsert       list.o
    0x08001700   0x08001700   0x00000018   Code   RO         2069    i.vListInsertEnd    list.o
    0x08001718   0x08001718   0x00000024   Code   RO         2181    i.vPortEnterCritical  port.o
    0x0800173c   0x0800173c   0x00000020   Code   RO         2182    i.vPortExitCritical  port.o
    0x0800175c   0x0800175c   0x00000048   Code   RO         2119    i.vPortFree         heap_4.o
    0x080017a4   0x080017a4   0x00000014   Code   RO         2273    i.vQueueDelete      queue.o
    0x080017b8   0x080017b8   0x00000018   Code   RO         2522    i.vTaskInternalSetTimeOutState  tasks.o
    0x080017d0   0x080017d0   0x0000000c   Code   RO         2523    i.vTaskMissedYield  tasks.o
    0x080017dc   0x080017dc   0x00000020   Code   RO         2525    i.vTaskPlaceOnEventList  tasks.o
    0x080017fc   0x080017fc   0x0000008c   Code   RO         2528    i.vTaskPriorityDisinheritAfterTimeout  tasks.o
    0x08001888   0x08001888   0x00000010   Code   RO         2536    i.vTaskSuspendAll   tasks.o
    0x08001898   0x08001898   0x000000b0   Code   RO         2537    i.vTaskSwitchContext  tasks.o
    0x08001948   0x08001948   0x00000034   Code   RO         2185    i.xPortSysTickHandler  port.o
    0x0800197c   0x0800197c   0x00000022   Code   RO         2278    i.xQueueCreateMutex  queue.o
    0x0800199e   0x0800199e   0x0000002a   Code   RO         2279    i.xQueueCreateMutexStatic  queue.o
    0x080019c8   0x080019c8   0x00000040   Code   RO         2280    i.xQueueGenericCreate  queue.o
    0x08001a08   0x08001a08   0x0000002e   Code   RO         2281    i.xQueueGenericCreateStatic  queue.o
    0x08001a36   0x08001a36   0x00000002   PAD
    0x08001a38   0x08001a38   0x00000080   Code   RO         2282    i.xQueueGenericReset  queue.o
    0x08001ab8   0x08001ab8   0x00000118   Code   RO         2283    i.xQueueGenericSend  queue.o
    0x08001bd0   0x08001bd0   0x00000130   Code   RO         2295    i.xQueueSemaphoreTake  queue.o
    0x08001d00   0x08001d00   0x0000005c   Code   RO         2538    i.xTaskCheckForTimeOut  tasks.o
    0x08001d5c   0x08001d5c   0x00000020   Code   RO         2544    i.xTaskGetSchedulerState  tasks.o
    0x08001d7c   0x08001d7c   0x00000118   Code   RO         2547    i.xTaskIncrementTick  tasks.o
    0x08001e94   0x08001e94   0x00000060   Code   RO         2550    i.xTaskPriorityDisinherit  tasks.o
    0x08001ef4   0x08001ef4   0x000000a4   Code   RO         2551    i.xTaskPriorityInherit  tasks.o
    0x08001f98   0x08001f98   0x00000080   Code   RO         2552    i.xTaskRemoveFromEventList  tasks.o
    0x08002018   0x08002018   0x000000e8   Code   RO         2553    i.xTaskResumeAll    tasks.o
    0x08002100   0x08002100   0x00000020   Data   RO         3215    Region$$Table       anon$$obj.o


    Execution Region ER_RW (Exec base: 0x20000000, Load base: 0x08002120, Size: 0x00000070, Max: 0xffffffff, ABSOLUTE)

    Exec Addr    Load Addr    Size         Type   Attr      Idx    E Section Name        Object

    0x20000000   0x08002120   0x00000001   Data   RW          167    .data               clib_arm.o
    0x20000001   0x08002121   0x00000014   Data   RW         1113    .data               stm32f10x_rcc.o
    0x20000015   0x08002135   0x00000003   PAD
    0x20000018   0x08002138   0x00000018   Data   RW         2124    .data               heap_4.o
    0x20000030   0x08002150   0x00000004   Data   RW         2186    .data               port.o
    0x20000034   0x08002154   0x0000003c   Data   RW         2556    .data               tasks.o


    Execution Region ER_ZI (Exec base: 0x20000070, Load base: 0x08002190, Size: 0x00002eb8, Max: 0xffffffff, ABSOLUTE)

    Exec Addr    Load Addr    Size         Type   Attr      Idx    E Section Name        Object

    0x20000070        -       0x00000394   Zero   RW          166    .bss                clib_arm.o
    0x20000404        -       0x00002000   Zero   RW         2123    .bss                heap_4.o
    0x20002404        -       0x000004c4   Zero   RW         2555    .bss                tasks.o
    0x200028c8        -       0x00000060   Zero   RW         3089    .bss                c_w.l(libspace.o)
    0x20002928        -       0x00000200   Zero   RW         1531    HEAP                startup_stm32f10x_ld.o
    0x20002b28        -       0x00000400   Zero   RW         1530    STACK               startup_stm32f10x_ld.o


==============================================================================

Image component sizes


      Code (inc. data)   RO Data    RW Data    ZI Data      Debug   Object Name

      1298        162          0          0          0     241263   bai3.o
       232         20          0          1        916      29716   clib_arm.o
        24          0          0          0          0       9066   cmsis_os2.o
         0          0          0          0          0      10316   event_groups.o
       508         62          0         24       8192       4207   heap_4.o
       142          0          0          0          0       2988   list.o
       270         28          0          4          0       4963   port.o
      1318         14          0          0          0      15802   queue.o
        64         26        236          0       1536        780   startup_stm32f10x_ld.o
        56         10          0          0          0       2595   stm32f10x_bkp.o
       160         12          0          0          0       1885   stm32f10x_exti.o
       302          0          0          0          0       4066   stm32f10x_gpio.o
       108         30          0          0          0       2916   stm32f10x_pwr.o
       492         70          0         20          0       9208   stm32f10x_rcc.o
       276         50          0          0          0       5921   stm32f10x_rtc.o
       454         28          0          0          0       5810   stm32f10x_usart.o
       328         28          0          0          0       1965   system_stm32f10x.o
      1632        242          0         60       1220      31580   tasks.o

    ----------------------------------------------------------------------
      7688        782        268        112      11864     385047   Object Totals
         0          0         32          0          0          0   (incl. Generated)
        24          0          0          3          0          0   (incl. Padding)

    ----------------------------------------------------------------------

      Code (inc. data)   RO Data    RW Data    ZI Data      Debug   Library Member Name

         8          0          0          0          0         68   __main.o
         0          0          0          0          0          0   __rtentry.o
        20          0          0          0          0          0   __rtentry2.o
         6          0          0          0          0          0   __rtentry4.o
        52          8          0          0          0          0   __scatter.o
        26          0          0          0          0          0   __scatter_copy.o
        28          0          0          0          0          0   __scatter_zi.o
        18          0          0          0          0         80   exit.o
         6          0          0          0          0        152   heapauxi.o
         0          0          0          0          0          0   indicate_semi.o
         2          0          0          0          0          0   libinit.o
         2          0          0          0          0          0   libinit2.o
         2          0          0          0          0          0   libshutdown.o
         2          0          0          0          0          0   libshutdown2.o
         8          4          0          0         96         68   libspace.o
       138          0          0          0          0         68   rt_memcpy_v6.o
       100          0          0          0          0         80   rt_memcpy_w.o
         2          0          0          0          0          0   rtexit.o
        10          0          0          0          0          0   rtexit2.o
        12          4          0          0          0         68   sys_exit.o
        74          0          0          0          0         80   sys_stackheap_outer.o
         2          0          0          0          0         68   use_no_semi.o

    ----------------------------------------------------------------------
       524         16          0          0         96        732   Library Totals
         6          0          0          0          0          0   (incl. Padding)

    ----------------------------------------------------------------------

      Code (inc. data)   RO Data    RW Data    ZI Data      Debug   Library Name

       518         16          0          0         96        732   c_w.l

    ----------------------------------------------------------------------
       524         16          0          0         96        732   Library Totals

    ----------------------------------------------------------------------

==============================================================================


      Code (inc. data)   RO Data    RW Data    ZI Data      Debug   

      8212        798        268        112      11960     380107   Grand Totals
      8212        798        268        112      11960     380107   ELF Image Totals
      8212        798        268        112          0          0   ROM Totals

==============================================================================

    Total RO  Size (Code + RO Data)                 8480 (   8.28kB)
    Total RW  Size (RW Data + ZI Data)             12072 (  11.79kB)
    Total ROM Size (Code + RO Data + RW Data)       8592 (   8.39kB)

==============================================================================

