<html>
<body>
<pre>
<h1>µVision Build Log</h1>
<h2>Tool Versions:</h2>
IDE-Version: µVision V5.29.0.0
Copyright (C) 2019 ARM Ltd and ARM Germany GmbH. All rights reserved.
License Information: b Hi, h, LIC=----
 
Tool Versions:
Toolchain:       MDK-Lite  Version: 5.29.0.0
Toolchain Path:  C:\Keil_v5\ARM\ARMCC\Bin
C Compiler:      Armcc.exe V5.06 update 6 (build 750)
Assembler:       Armasm.exe V5.06 update 6 (build 750)
Linker/Locator:  ArmLink.exe V5.06 update 6 (build 750)
Library Manager: ArmAr.exe V5.06 update 6 (build 750)
Hex Converter:   FromElf.exe V5.06 update 6 (build 750)
CPU DLL:         SARMCM3.DLL V5.29.0.0
Dialog DLL:      DCM.DLL V1.17.3.0
Target DLL:      UL2CM3.DLL V1.163.0.0
Dialog DLL:      TCM.DLL V1.36.5.0
 
<h2>Project:</h2>
D:\bài3\mck\bai3.uvprojx
Project File Date:  11/02/2025

<h2>Output:</h2>
*** Using Compiler 'V5.06 update 6 (build 750)', folder: 'C:\Keil_v5\ARM\ARMCC\Bin'
Build target 'Target 1'
compiling os_systick.c...
compiling misc.c...
compiling stm32f10x_gpio.c...
compiling cmsis_os1.c...
compiling bai3.c...
compiling clib_arm.c...
compiling cmsis_os2.c...
compiling stm32f10x_rcc.c...
compiling GPIO_STM32F10x.c...
compiling stm32f10x_rtc.c...
compiling stm32f10x_usart.c...
compiling system_stm32f10x.c...
compiling stm32f10x_bkp.c...
compiling stm32f10x_exti.c...
compiling stm32f10x_pwr.c...
compiling port.c...
compiling list.c...
compiling freertos_evr.c...
compiling event_groups.c...
compiling heap_4.c...
compiling queue.c...
compiling timers.c...
compiling tasks.c...
linking...
Program Size: Code=8212 RO-data=268 RW-data=112 ZI-data=11960  
".\Objects\bai3.axf" - 0 Error(s), 0 Warning(s).

<h2>Software Packages used:</h2>

Package Vendor: ARM
                http://www.keil.com/pack/ARM.CMSIS.5.6.0.pack
                ARM.CMSIS.5.6.0
                CMSIS (Cortex Microcontroller Software Interface Standard)
   * Component: RTOS Version: 1.0.0
   * Component: RTOS2 Version: 2.1.3
   * Component: CORE Version: 5.3.0

Package Vendor: ARM
                http://www.keil.com/pack/ARM.CMSIS-FreeRTOS.10.2.0.pack
                ARM.CMSIS-FreeRTOS.10.2.0
                Bundle of FreeRTOS for Cortex-M and Cortex-A
   * Component: Config Variant: CMSIS RTOS2 Version: 10.2.0
   * Component: Core Variant: Cortex-M Version: 10.2.0
   * Component: Event Groups Version: 10.2.0
   * Component: Heap Variant: Heap_4 Version: 10.2.0
   * Component: Timers Version: 10.2.0
   * Component: FreeRTOS Version: 10.2.0
   * Component: FreeRTOS Version: 10.2.0

Package Vendor: Keil
                https://www.keil.com/pack/Keil.STM32F1xx_DFP.2.4.1.pack
                Keil.STM32F1xx_DFP.2.4.1
                STMicroelectronics STM32F1 Series Device Support, Drivers and Examples
   * Component: GPIO Version: 1.3
   * Component: Startup Version: 1.0.0
   * Component: BKP Version: 3.6.0
   * Component: EXTI Version: 3.6.0
   * Component: Framework Version: 3.6.0
   * Component: GPIO Version: 3.6.0
   * Component: PWR Version: 3.6.0
   * Component: RCC Version: 3.6.0
   * Component: RTC Version: 3.6.0
   * Component: USART Version: 3.6.0

<h2>Collection of Component include folders:</h2>
  .\RTE\Device\STM32F103C6
  .\RTE\RTOS
  .\RTE\_Target_1
  C:\Users\Hi\AppData\Local\Arm\Packs\ARM\CMSIS-FreeRTOS\10.2.0\CMSIS\RTOS2\FreeRTOS\Include
  C:\Users\Hi\AppData\Local\Arm\Packs\ARM\CMSIS-FreeRTOS\10.2.0\CMSIS\RTOS2\FreeRTOS\Include1
  C:\Users\Hi\AppData\Local\Arm\Packs\ARM\CMSIS-FreeRTOS\10.2.0\Source\include
  C:\Users\Hi\AppData\Local\Arm\Packs\ARM\CMSIS-FreeRTOS\10.2.0\Source\portable\RVDS\ARM_CM3
  C:\Users\Hi\AppData\Local\Arm\Packs\ARM\CMSIS\5.6.0\CMSIS\Core\Include
  C:\Users\Hi\AppData\Local\Arm\Packs\ARM\CMSIS\5.6.0\CMSIS\RTOS2\Include
  C:\Users\Hi\AppData\Local\Arm\Packs\Keil\STM32F1xx_DFP\2.4.1\Device\Include
  C:\Users\Hi\AppData\Local\Arm\Packs\Keil\STM32F1xx_DFP\2.4.1\Device\StdPeriph_Driver\inc
  C:\Users\Hi\AppData\Local\Arm\Packs\Keil\STM32F1xx_DFP\2.4.1\RTE_Driver

<h2>Collection of Component Files used:</h2>

   * Component: ::CMSIS:RTOS:1.0.0 (API)

   * Component: ::CMSIS:RTOS2:2.1.3 (API)
      Include file:  CMSIS\RTOS2\Include\cmsis_os2.h

   * Component: ARM.FreeRTOS::RTOS:Config:CMSIS RTOS2:10.2.0
      Include file:  CMSIS\RTOS2\FreeRTOS\Config\ARMCM\FreeRTOSConfig.h

   * Component: ARM.FreeRTOS::RTOS:Core:Cortex-M:10.2.0
      Source file:   CMSIS\RTOS2\FreeRTOS\Source\freertos_evr.c
      Include file:  Source\include\semphr.h
      Include file:  Source\include\task.h
      Include file:  Source\include\queue.h
      Source file:   Source\list.c
      Source file:   Source\portable\RVDS\ARM_CM3\port.c
      Source file:   Source\tasks.c
      Source file:   Source\queue.c
      Include file:  Source\include\FreeRTOS.h

   * Component: ARM.FreeRTOS::RTOS:Event Groups:10.2.0
      Include file:  Source\include\event_groups.h
      Source file:   Source\event_groups.c

   * Component: ARM.FreeRTOS::RTOS:Heap:Heap_4:10.2.0
      Source file:   Source\portable\MemMang\heap_4.c

   * Component: ARM.FreeRTOS::RTOS:Timers:10.2.0
      Include file:  Source\include\timers.h
      Source file:   Source\timers.c

   * Component: ARM::CMSIS:CORE:5.3.0

   * Component: ARM::CMSIS:RTOS:FreeRTOS:10.2.0
      Source file:   CMSIS\RTOS2\FreeRTOS\Source\cmsis_os1.c
      Include file:  CMSIS\RTOS2\FreeRTOS\Include1\cmsis_os.h

   * Component: ARM::CMSIS:RTOS2:FreeRTOS:10.2.0
      Source file:   CMSIS\RTOS2\FreeRTOS\Source\cmsis_os2.c
      Source file:   CMSIS\RTOS2\FreeRTOS\Source\os_systick.c
      Source file:   CMSIS\RTOS2\FreeRTOS\Source\ARM\clib_arm.c

   * Component: Keil::Device:GPIO:1.3
      Source file:   RTE_Driver\GPIO_STM32F10x.c
      Include file:  RTE_Driver\GPIO_STM32F10x.h

   * Component: Keil::Device:Startup:1.0.0
      Source file:   Device\Source\ARM\startup_stm32f10x_ld.s
      Include file:  RTE_Driver\Config\RTE_Device.h
      Source file:   Device\Source\ARM\STM32F1xx_OPT.s
      Source file:   Device\Source\system_stm32f10x.c

   * Component: Keil::Device:StdPeriph Drivers:BKP:3.6.0
      Source file:   Device\StdPeriph_Driver\src\stm32f10x_bkp.c
      Include file:  Device\StdPeriph_Driver\inc\stm32f10x_bkp.h

   * Component: Keil::Device:StdPeriph Drivers:EXTI:3.6.0
      Source file:   Device\StdPeriph_Driver\src\stm32f10x_exti.c
      Include file:  Device\StdPeriph_Driver\inc\stm32f10x_exti.h

   * Component: Keil::Device:StdPeriph Drivers:Framework:3.6.0
      Include file:  Device\StdPeriph_Driver\templates\stm32f10x_it.h
      Source file:   Device\StdPeriph_Driver\src\misc.c
      Source file:   Device\StdPeriph_Driver\templates\stm32f10x_conf.h
      Include file:  Device\StdPeriph_Driver\inc\misc.h
      Source file:   Device\StdPeriph_Driver\templates\stm32f10x_it.c

   * Component: Keil::Device:StdPeriph Drivers:GPIO:3.6.0
      Source file:   Device\StdPeriph_Driver\src\stm32f10x_gpio.c
      Include file:  Device\StdPeriph_Driver\inc\stm32f10x_gpio.h

   * Component: Keil::Device:StdPeriph Drivers:PWR:3.6.0
      Include file:  Device\StdPeriph_Driver\inc\stm32f10x_pwr.h
      Source file:   Device\StdPeriph_Driver\src\stm32f10x_pwr.c

   * Component: Keil::Device:StdPeriph Drivers:RCC:3.6.0
      Include file:  Device\StdPeriph_Driver\inc\stm32f10x_rcc.h
      Source file:   Device\StdPeriph_Driver\src\stm32f10x_rcc.c

   * Component: Keil::Device:StdPeriph Drivers:RTC:3.6.0
      Source file:   Device\StdPeriph_Driver\src\stm32f10x_rtc.c
      Include file:  Device\StdPeriph_Driver\inc\stm32f10x_rtc.h

   * Component: Keil::Device:StdPeriph Drivers:USART:3.6.0
      Source file:   Device\StdPeriph_Driver\src\stm32f10x_usart.c
      Include file:  Device\StdPeriph_Driver\inc\stm32f10x_usart.h
Build Time Elapsed:  00:00:04
</pre>
</body>
</html>
