Component: ARM Compiler 5.06 update 6 (build 750) Tool: armlink [4d35ed]

==============================================================================

Section Cross References

    bai4.o(i.Button_Read) refers to stm32f10x_gpio.o(i.GPIO_ReadInputDataBit) for GPIO_ReadInputDataBit
    bai4.o(i.GPIO_Config) refers to stm32f10x_rcc.o(i.RCC_APB2PeriphClockCmd) for RCC_APB2PeriphClockCmd
    bai4.o(i.GPIO_Config) refers to stm32f10x_gpio.o(i.GPIO_Init) for GPIO_Init
    bai4.o(i.Task1) refers to event_groups.o(i.xEventGroupWaitBits) for xEventGroupWaitBits
    bai4.o(i.Task1) refers to tasks.o(i.vTaskDelay) for vTaskDelay
    bai4.o(i.Task1) refers to bai4.o(.data) for xEventGroup
    bai4.o(i.Task2) refers to event_groups.o(i.xEventGroupWaitBits) for xEventGroupWaitBits
    bai4.o(i.Task2) refers to tasks.o(i.vTaskDelay) for vTaskDelay
    bai4.o(i.Task2) refers to bai4.o(.data) for xEventGroup
    bai4.o(i.Task3) refers to event_groups.o(i.xEventGroupWaitBits) for xEventGroupWaitBits
    bai4.o(i.Task3) refers to tasks.o(i.vTaskDelay) for vTaskDelay
    bai4.o(i.Task3) refers to bai4.o(.data) for xEventGroup
    bai4.o(i.Task_Control) refers to bai4.o(i.Button_Read) for Button_Read
    bai4.o(i.Task_Control) refers to event_groups.o(i.xEventGroupClearBits) for xEventGroupClearBits
    bai4.o(i.Task_Control) refers to event_groups.o(i.xEventGroupSetBits) for xEventGroupSetBits
    bai4.o(i.Task_Control) refers to tasks.o(i.vTaskDelay) for vTaskDelay
    bai4.o(i.Task_Control) refers to bai4.o(.data) for xEventGroup
    bai4.o(i.main) refers to system_stm32f10x.o(i.SystemInit) for SystemInit
    bai4.o(i.main) refers to bai4.o(i.GPIO_Config) for GPIO_Config
    bai4.o(i.main) refers to event_groups.o(i.xEventGroupCreate) for xEventGroupCreate
    bai4.o(i.main) refers to tasks.o(i.xTaskCreate) for xTaskCreate
    bai4.o(i.main) refers to tasks.o(i.vTaskStartScheduler) for vTaskStartScheduler
    bai4.o(i.main) refers to bai4.o(.data) for xEventGroup
    bai4.o(i.main) refers to bai4.o(i.Task_Control) for Task_Control
    bai4.o(i.main) refers to bai4.o(i.Task1) for Task1
    bai4.o(i.main) refers to bai4.o(i.Task2) for Task2
    bai4.o(i.main) refers to bai4.o(i.Task3) for Task3
    clib_arm.o(i.__user_perthread_libspace) refers to clib_arm.o(i.os_kernel_is_active) for os_kernel_is_active
    clib_arm.o(i.__user_perthread_libspace) refers to tasks.o(i.xTaskGetCurrentTaskHandle) for xTaskGetCurrentTaskHandle
    clib_arm.o(i.__user_perthread_libspace) refers to clib_arm.o(.bss) for os_libspace
    clib_arm.o(i._mutex_acquire) refers to clib_arm.o(i.os_kernel_is_active) for os_kernel_is_active
    clib_arm.o(i._mutex_acquire) refers to queue.o(i.xQueueSemaphoreTake) for xQueueSemaphoreTake
    clib_arm.o(i._mutex_free) refers to queue.o(i.vQueueDelete) for vQueueDelete
    clib_arm.o(i._mutex_free) refers to clib_arm.o(.bss) for clib_mutex_id
    clib_arm.o(i._mutex_initialize) refers to queue.o(i.xQueueCreateMutexStatic) for xQueueCreateMutexStatic
    clib_arm.o(i._mutex_initialize) refers to clib_arm.o(i.os_kernel_is_active) for os_kernel_is_active
    clib_arm.o(i._mutex_initialize) refers to queue.o(i.xQueueCreateMutex) for xQueueCreateMutex
    clib_arm.o(i._mutex_initialize) refers to clib_arm.o(.bss) for clib_mutex_id
    clib_arm.o(i._mutex_release) refers to clib_arm.o(i.os_kernel_is_active) for os_kernel_is_active
    clib_arm.o(i._mutex_release) refers to queue.o(i.xQueueGenericSend) for xQueueGenericSend
    clib_arm.o(i.os_kernel_is_active) refers to tasks.o(i.xTaskGetSchedulerState) for xTaskGetSchedulerState
    clib_arm.o(i.os_kernel_is_active) refers to clib_arm.o(.data) for os_kernel_active
    cmsis_os1.o(i.osMessageCreate) refers to cmsis_os2.o(i.osMessageQueueNew) for osMessageQueueNew
    cmsis_os1.o(i.osMessageGet) refers to cmsis_os2.o(i.osMessageQueueGet) for osMessageQueueGet
    cmsis_os1.o(i.osMessagePut) refers to cmsis_os2.o(i.osMessageQueuePut) for osMessageQueuePut
    cmsis_os1.o(i.osMutexCreate) refers to cmsis_os2.o(i.osMutexNew) for osMutexNew
    cmsis_os1.o(i.osSemaphoreCreate) refers to cmsis_os2.o(i.osSemaphoreNew) for osSemaphoreNew
    cmsis_os1.o(i.osSemaphoreWait) refers to cmsis_os2.o(i.osSemaphoreAcquire) for osSemaphoreAcquire
    cmsis_os1.o(i.osSemaphoreWait) refers to cmsis_os2.o(i.osSemaphoreGetCount) for osSemaphoreGetCount
    cmsis_os1.o(i.osSignalClear) refers to cmsis_os2.o(i.osThreadGetId) for osThreadGetId
    cmsis_os1.o(i.osSignalClear) refers to cmsis_os2.o(i.osThreadFlagsClear) for osThreadFlagsClear
    cmsis_os1.o(i.osSignalSet) refers to cmsis_os2.o(i.osThreadFlagsSet) for osThreadFlagsSet
    cmsis_os1.o(i.osSignalWait) refers to cmsis_os2.o(i.osThreadFlagsWait) for osThreadFlagsWait
    cmsis_os1.o(i.osThreadCreate) refers to cmsis_os2.o(i.osThreadNew) for osThreadNew
    cmsis_os1.o(i.osTimerCreate) refers to cmsis_os2.o(i.osTimerNew) for osTimerNew
[...]
    Removing heap_4.o(i.xPortGetFreeHeapSize), (12 bytes).
    Removing heap_4.o(i.xPortGetMinimumEverFreeHeapSize), (12 bytes).
    Removing port.o(.rev16_text), (4 bytes).
    Removing port.o(.revsh_text), (4 bytes).
    Removing port.o(.rrx_text), (6 bytes).
    Removing port.o(i.vPortEndScheduler), (2 bytes).
    Removing queue.o(.rev16_text), (4 bytes).
    Removing queue.o(.revsh_text), (4 bytes).
    Removing queue.o(.rrx_text), (6 bytes).
    Removing queue.o(i.ucQueueGetQueueType), (8 bytes).
    Removing queue.o(i.uxQueueGetQueueNumber), (6 bytes).
    Removing queue.o(i.uxQueueMessagesWaiting), (18 bytes).
    Removing queue.o(i.uxQueueMessagesWaitingFromISR), (8 bytes).
    Removing queue.o(i.uxQueueSpacesAvailable), (24 bytes).
    Removing queue.o(i.vQueueSetQueueNumber), (4 bytes).
    Removing queue.o(i.xQueueCreateCountingSemaphore), (26 bytes).
    Removing queue.o(i.xQueueCreateCountingSemaphoreStatic), (34 bytes).
    Removing queue.o(i.xQueueGetMutexHolder), (28 bytes).
    Removing queue.o(i.xQueueGetMutexHolderFromISR), (14 bytes).
    Removing queue.o(i.xQueueGiveFromISR), (120 bytes).
    Removing queue.o(i.xQueueGiveMutexRecursive), (48 bytes).
    Removing queue.o(i.xQueueIsQueueEmptyFromISR), (16 bytes).
    Removing queue.o(i.xQueueIsQueueFullFromISR), (22 bytes).
    Removing queue.o(i.xQueuePeek), (268 bytes).
    Removing queue.o(i.xQueuePeekFromISR), (74 bytes).
    Removing queue.o(i.xQueueReceiveFromISR), (130 bytes).
    Removing queue.o(i.xQueueTakeMutexRecursive), (54 bytes).
    Removing tasks.o(.rev16_text), (4 bytes).
    Removing tasks.o(.revsh_text), (4 bytes).
    Removing tasks.o(.rrx_text), (6 bytes).
    Removing tasks.o(i.eTaskGetState), (124 bytes).
    Removing tasks.o(i.pcTaskGetName), (24 bytes).
    Removing tasks.o(i.prvListTasksWithinSingleList), (106 bytes).
    Removing tasks.o(i.prvTaskCheckFreeStackSpace), (22 bytes).
    Removing tasks.o(i.prvTaskIsTaskSuspended), (64 bytes).
    Removing tasks.o(i.ulTaskNotifyTake), (116 bytes).
    Removing tasks.o(i.uxTaskGetNumberOfTasks), (12 bytes).
    Removing tasks.o(i.uxTaskGetStackHighWaterMark), (40 bytes).
    Removing tasks.o(i.uxTaskGetSystemState), (176 bytes).
    Removing tasks.o(i.uxTaskGetTaskNumber), (14 bytes).
    Removing tasks.o(i.uxTaskPriorityGet), (36 bytes).
    Removing tasks.o(i.uxTaskPriorityGetFromISR), (56 bytes).
    Removing tasks.o(i.vTaskDelayUntil), (116 bytes).
    Removing tasks.o(i.vTaskDelete), (160 bytes).
    Removing tasks.o(i.vTaskEndScheduler), (36 bytes).
    Removing tasks.o(i.vTaskGetInfo), (132 bytes).
    Removing tasks.o(i.vTaskNotifyGiveFromISR), (176 bytes).
    Removing tasks.o(i.vTaskPrioritySet), (224 bytes).
    Removing tasks.o(i.vTaskResume), (120 bytes).
    Removing tasks.o(i.vTaskSetTaskNumber), (8 bytes).
    Removing tasks.o(i.vTaskSetTimeOutState), (36 bytes).
    Removing tasks.o(i.vTaskSuspend), (160 bytes).
    Removing tasks.o(i.xTaskGenericNotify), (196 bytes).
    Removing tasks.o(i.xTaskGenericNotifyFromISR), (252 bytes).
    Removing tasks.o(i.xTaskGetCurrentTaskHandle), (12 bytes).
    Removing tasks.o(i.xTaskGetTickCountFromISR), (12 bytes).
    Removing tasks.o(i.xTaskNotifyStateClear), (52 bytes).
    Removing tasks.o(i.xTaskNotifyWait), (160 bytes).
    Removing tasks.o(i.xTaskResumeFromISR), (148 bytes).
    Removing timers.o(.rev16_text), (4 bytes).
    Removing timers.o(.revsh_text), (4 bytes).
    Removing timers.o(.rrx_text), (6 bytes).
    Removing timers.o(i.pcTimerGetName), (8 bytes).
    Removing timers.o(i.prvInitialiseNewTimer), (58 bytes).
    Removing timers.o(i.pvTimerGetTimerID), (20 bytes).
    Removing timers.o(i.uxTimerGetTimerNumber), (6 bytes).
    Removing timers.o(i.vTimerSetReloadMode), (46 bytes).
    Removing timers.o(i.vTimerSetTimerID), (20 bytes).
    Removing timers.o(i.vTimerSetTimerNumber), (4 bytes).
    Removing timers.o(i.xTimerCreate), (54 bytes).
    Removing timers.o(i.xTimerCreateStatic), (48 bytes).
    Removing timers.o(i.xTimerGetExpiryTime), (8 bytes).
    Removing timers.o(i.xTimerGetPeriod), (8 bytes).
    Removing timers.o(i.xTimerGetTimerDaemonTaskHandle), (12 bytes).
    Removing timers.o(i.xTimerIsTimerActive), (34 bytes).
    Removing timers.o(i.xTimerPendFunctionCall), (52 bytes).
    Removing timers.o(i.xTimerPendFunctionCallFromISR), (52 bytes).

309 unused section(s) (total 14999 bytes) removed from the image.

==============================================================================

Image Symbol Table

    Local Symbols

    Symbol Name                              Value     Ov Type        Size  Object(Section)

    ../clib/angel/boardlib.s                 0x00000000   Number         0  boardinit1.o ABSOLUTE
    ../clib/angel/boardlib.s                 0x00000000   Number         0  boardshut.o ABSOLUTE
    ../clib/angel/boardlib.s                 0x00000000   Number         0  boardinit3.o ABSOLUTE
    ../clib/angel/handlers.s                 0x00000000   Number         0  __scatter_zi.o ABSOLUTE
    ../clib/angel/handlers.s                 0x00000000   Number         0  __scatter_copy.o ABSOLUTE
    ../clib/angel/kernel.s                   0x00000000   Number         0  rtexit.o ABSOLUTE
    ../clib/angel/kernel.s                   0x00000000   Number         0  rtexit2.o ABSOLUTE
    ../clib/angel/kernel.s                   0x00000000   Number         0  __rtentry4.o ABSOLUTE
    ../clib/angel/kernel.s                   0x00000000   Number         0  __rtentry2.o ABSOLUTE
    ../clib/angel/kernel.s                   0x00000000   Number         0  __rtentry.o ABSOLUTE
    ../clib/angel/rt.s                       0x00000000   Number         0  rt_raise.o ABSOLUTE
    ../clib/angel/scatter.s                  0x00000000   Number         0  __scatter.o ABSOLUTE
    ../clib/angel/startup.s                  0x00000000   Number         0  __main.o ABSOLUTE
    ../clib/angel/sys.s                      0x00000000   Number         0  libspace.o ABSOLUTE
    ../clib/angel/sys.s                      0x00000000   Number         0  sys_stackheap_outer.o ABSOLUTE
    ../clib/angel/sys.s                      0x00000000   Number         0  use_no_semi.o ABSOLUTE
    ../clib/angel/sys.s                      0x00000000   Number         0  indicate_semi.o ABSOLUTE
    ../clib/angel/sysapp.c                   0x00000000   Number         0  sys_command.o ABSOLUTE
    ../clib/angel/sysapp.c                   0x00000000   Number         0  sys_wrch.o ABSOLUTE
    ../clib/angel/sysapp.c                   0x00000000   Number         0  sys_exit.o ABSOLUTE
    ../clib/armsys.c                         0x00000000   Number         0  argv_veneer.o ABSOLUTE
    ../clib/armsys.c                         0x00000000   Number         0  argv_veneer.o ABSOLUTE
    ../clib/armsys.c                         0x00000000   Number         0  _get_argv_nomalloc.o ABSOLUTE
    ../clib/armsys.c                         0x00000000   Number         0  no_argv.o ABSOLUTE
    ../clib/heapalloc.c                      0x00000000   Number         0  hrguard.o ABSOLUTE
    ../clib/heapaux.c                        0x00000000   Number         0  heapauxi.o ABSOLUTE
    ../clib/libinit.s                        0x00000000   Number         0  libinit2.o ABSOLUTE
    ../clib/libinit.s                        0x00000000   Number         0  libshutdown.o ABSOLUTE
    ../clib/libinit.s                        0x00000000   Number         0  libshutdown2.o ABSOLUTE
    ../clib/libinit.s                        0x00000000   Number         0  libinit.o ABSOLUTE
    ../clib/memcpset.s                       0x00000000   Number         0  rt_memcpy_v6.o ABSOLUTE
    ../clib/memcpset.s                       0x00000000   Number         0  rt_memcpy_w.o ABSOLUTE
    ../clib/memcpset.s                       0x00000000   Number         0  rt_memclr_w.o ABSOLUTE
    ../clib/memcpset.s                       0x00000000   Number         0  aeabi_memset.o ABSOLUTE
    ../clib/memcpset.s                       0x00000000   Number         0  rt_memclr.o ABSOLUTE
    ../clib/signal.c                         0x00000000   Number         0  defsig_general.o ABSOLUTE
    ../clib/signal.c                         0x00000000   Number         0  defsig_segv_inner.o ABSOLUTE
    ../clib/signal.c                         0x00000000   Number         0  defsig_rtmem_inner.o ABSOLUTE
    ../clib/signal.c                         0x00000000   Number         0  defsig_cppl_inner.o ABSOLUTE
    ../clib/signal.c                         0x00000000   Number         0  defsig_fpe_inner.o ABSOLUTE
    ../clib/signal.c                         0x00000000   Number         0  defsig_pvfn_inner.o ABSOLUTE
    ../clib/signal.c                         0x00000000   Number         0  defsig_rtmem_formal.o ABSOLUTE
    ../clib/signal.c                         0x00000000   Number         0  __raise.o ABSOLUTE
    ../clib/signal.c                         0x00000000   Number         0  defsig_stak_inner.o ABSOLUTE
    ../clib/signal.c                         0x00000000   Number         0  defsig_exit.o ABSOLUTE
    ../clib/signal.c                         0x00000000   Number         0  defsig_rtred_inner.o ABSOLUTE
    ../clib/signal.c                         0x00000000   Number         0  defsig_abrt_inner.o ABSOLUTE
    ../clib/signal.c                         0x00000000   Number         0  defsig_rtmem_outer.o ABSOLUTE
    ../clib/signal.c                         0x00000000   Number         0  defsig_other.o ABSOLUTE
    ../clib/signal.s                         0x00000000   Number         0  defsig.o ABSOLUTE
    ../clib/stdlib.c                         0x00000000   Number         0  exit.o ABSOLUTE
    ../fplib/fpinit.s                        0x00000000   Number         0  fpinit.o ABSOLUTE
    ..\\code\\bai4.c                         0x00000000   Number         0  bai4.o ABSOLUTE
    ..\code\bai4.c                           0x00000000   Number         0  bai4.o ABSOLUTE
    C:\Users\Hi\AppData\Local\Arm\Packs\ARM\CMSIS-FreeRTOS\10.2.0\CMSIS\RTOS2\FreeRTOS\Source\ARM\clib_arm.c 0x00000000   Number         0  clib_arm.o ABSOLUTE
    C:\Users\Hi\AppData\Local\Arm\Packs\ARM\CMSIS-FreeRTOS\10.2.0\CMSIS\RTOS2\FreeRTOS\Source\cmsis_os1.c 0x00000000   Number         0  cmsis_os1.o ABSOLUTE
    C:\Users\Hi\AppData\Local\Arm\Packs\ARM\CMSIS-FreeRTOS\10.2.0\CMSIS\RTOS2\FreeRTOS\Source\cmsis_os2.c 0x00000000   Number         0  cmsis_os2.o ABSOLUTE
    C:\Users\Hi\AppData\Local\Arm\Packs\ARM\CMSIS-FreeRTOS\10.2.0\CMSIS\RTOS2\FreeRTOS\Source\freertos_evr.c 0x00000000   Number         0  freertos_evr.o ABSOLUTE
    C:\Users\Hi\AppData\Local\Arm\Packs\ARM\CMSIS-FreeRTOS\10.2.0\CMSIS\RTOS2\FreeRTOS\Source\os_systick.c 0x00000000   Number         0  os_systick.o ABSOLUTE
    C:\Users\Hi\AppData\Local\Arm\Packs\ARM\CMSIS-FreeRTOS\10.2.0\Source\event_groups.c 0x00000000   Number         0  event_groups.o ABSOLUTE
    C:\Users\Hi\AppData\Local\Arm\Packs\ARM\CMSIS-FreeRTOS\10.2.0\Source\list.c 0x00000000   Number         0  list.o ABSOLUTE
    C:\Users\Hi\AppData\Local\Arm\Packs\ARM\CMSIS-FreeRTOS\10.2.0\Source\portable\MemMang\heap_4.c 0x00000000   Number         0  heap_4.o ABSOLUTE
    C:\Users\Hi\AppData\Local\Arm\Packs\ARM\CMSIS-FreeRTOS\10.2.0\Source\portable\RVDS\ARM_CM3\port.c 0x00000000   Number         0  port.o ABSOLUTE
    C:\Users\Hi\AppData\Local\Arm\Packs\ARM\CMSIS-FreeRTOS\10.2.0\Source\queue.c 0x00000000   Number         0  queue.o ABSOLUTE
    C:\Users\Hi\AppData\Local\Arm\Packs\ARM\CMSIS-FreeRTOS\10.2.0\Source\tasks.c 0x00000000   Number         0  tasks.o ABSOLUTE
    C:\Users\Hi\AppData\Local\Arm\Packs\ARM\CMSIS-FreeRTOS\10.2.0\Source\timers.c 0x00000000   Number         0  timers.o ABSOLUTE
    C:\Users\Hi\AppData\Local\Arm\Packs\Keil\STM32F1xx_DFP\2.4.1\Device\StdPeriph_Driver\src\misc.c 0x00000000   Number         0  misc.o ABSOLUTE
    C:\Users\Hi\AppData\Local\Arm\Packs\Keil\STM32F1xx_DFP\2.4.1\Device\StdPeriph_Driver\src\stm32f10x_gpio.c 0x00000000   Number         0  stm32f10x_gpio.o ABSOLUTE
    C:\Users\Hi\AppData\Local\Arm\Packs\Keil\STM32F1xx_DFP\2.4.1\Device\StdPeriph_Driver\src\stm32f10x_rcc.c 0x00000000   Number         0  stm32f10x_rcc.o ABSOLUTE
    C:\Users\Hi\AppData\Local\Arm\Packs\Keil\STM32F1xx_DFP\2.4.1\Device\StdPeriph_Driver\src\stm32f10x_usart.c 0x00000000   Number         0  stm32f10x_usart.o ABSOLUTE
    C:\Users\Hi\AppData\Local\Arm\Packs\Keil\STM32F1xx_DFP\2.4.1\RTE_Driver\GPIO_STM32F10x.c 0x00000000   Number         0  gpio_stm32f10x.o ABSOLUTE
    C:\\Users\\Hi\\AppData\\Local\\Arm\\Packs\\ARM\\CMSIS-FreeRTOS\\10.2.0\\CMSIS\\RTOS2\\FreeRTOS\\Source\\ARM\\clib_arm.c 0x00000000   Number         0  clib_arm.o ABSOLUTE
    C:\\Users\\Hi\\AppData\\Local\\Arm\\Packs\\ARM\\CMSIS-FreeRTOS\\10.2.0\\CMSIS\\RTOS2\\FreeRTOS\\Source\\cmsis_os1.c 0x00000000   Number         0  cmsis_os1.o ABSOLUTE
    C:\\Users\\Hi\\AppData\\Local\\Arm\\Packs\\ARM\\CMSIS-FreeRTOS\\10.2.0\\CMSIS\\RTOS2\\FreeRTOS\\Source\\cmsis_os2.c 0x00000000   Number         0  cmsis_os2.o ABSOLUTE
    C:\\Users\\Hi\\AppData\\Local\\Arm\\Packs\\ARM\\CMSIS-FreeRTOS\\10.2.0\\CMSIS\\RTOS2\\FreeRTOS\\Source\\freertos_evr.c 0x00000000   Number         0  freertos_evr.o ABSOLUTE
    C:\\Users\\Hi\\AppData\\Local\\Arm\\Packs\\ARM\\CMSIS-FreeRTOS\\10.2.0\\CMSIS\\RTOS2\\FreeRTOS\\Source\\os_systick.c 0x00000000   Number         0  os_systick.o ABSOLUTE
    C:\\Users\\Hi\\AppData\\Local\\Arm\\Packs\\ARM\\CMSIS-FreeRTOS\\10.2.0\\Source\\event_groups.c 0x00000000   Number         0  event_groups.o ABSOLUTE
    C:\\Users\\Hi\\AppData\\Local\\Arm\\Packs\\ARM\\CMSIS-FreeRTOS\\10.2.0\\Source\\list.c 0x00000000   Number         0  list.o ABSOLUTE
    C:\\Users\\Hi\\AppData\\Local\\Arm\\Packs\\ARM\\CMSIS-FreeRTOS\\10.2.0\\Source\\portable\\MemMang\\heap_4.c 0x00000000   Number         0  heap_4.o ABSOLUTE
    C:\\Users\\Hi\\AppData\\Local\\Arm\\Packs\\ARM\\CMSIS-FreeRTOS\\10.2.0\\Source\\portable\\RVDS\\ARM_CM3\\port.c 0x00000000   Number         0  port.o ABSOLUTE
    C:\\Users\\Hi\\AppData\\Local\\Arm\\Packs\\ARM\\CMSIS-FreeRTOS\\10.2.0\\Source\\queue.c 0x00000000   Number         0  queue.o ABSOLUTE
    C:\\Users\\Hi\\AppData\\Local\\Arm\\Packs\\ARM\\CMSIS-FreeRTOS\\10.2.0\\Source\\tasks.c 0x00000000   Number         0  tasks.o ABSOLUTE
    C:\\Users\\Hi\\AppData\\Local\\Arm\\Packs\\ARM\\CMSIS-FreeRTOS\\10.2.0\\Source\\timers.c 0x00000000   Number         0  timers.o ABSOLUTE
    C:\\Users\\Hi\\AppData\\Local\\Arm\\Packs\\Keil\\STM32F1xx_DFP\\2.4.1\\Device\\StdPeriph_Driver\\src\\misc.c 0x00000000   Number         0  misc.o ABSOLUTE
    C:\\Users\\Hi\\AppData\\Local\\Arm\\Packs\\Keil\\STM32F1xx_DFP\\2.4.1\\Device\\StdPeriph_Driver\\src\\stm32f10x_gpio.c 0x00000000   Number         0  stm32f10x_gpio.o ABSOLUTE
    C:\\Users\\Hi\\AppData\\Local\\Arm\\Packs\\Keil\\STM32F1xx_DFP\\2.4.1\\Device\\StdPeriph_Driver\\src\\stm32f10x_rcc.c 0x00000000   Number         0  stm32f10x_rcc.o ABSOLUTE
    C:\\Users\\Hi\\AppData\\Local\\Arm\\Packs\\Keil\\STM32F1xx_DFP\\2.4.1\\Device\\StdPeriph_Driver\\src\\stm32f10x_usart.c 0x00000000   Number         0  stm32f10x_usart.o ABSOLUTE
    C:\\Users\\Hi\\AppData\\Local\\Arm\\Packs\\Keil\\STM32F1xx_DFP\\2.4.1\\RTE_Driver\\GPIO_STM32F10x.c 0x00000000   Number         0  gpio_stm32f10x.o ABSOLUTE
    RTE\Device\STM32F103C6\startup_stm32f10x_ld.s 0x00000000   Number         0  startup_stm32f10x_ld.o ABSOLUTE
    RTE\Device\STM32F103C6\system_stm32f10x.c 0x00000000   Number         0  system_stm32f10x.o ABSOLUTE
    RTE\\Device\\STM32F103C6\\system_stm32f10x.c 0x00000000   Number         0  system_stm32f10x.o ABSOLUTE
    dc.s                                     0x00000000   Number         0  dc.o ABSOLUTE
    RESET                                    0x08000000   Section      236  startup_stm32f10x_ld.o(RESET)
    !!!main                                  0x080000ec   Section        8  __main.o(!!!main)
    !!!scatter                               0x080000f4   Section       52  __scatter.o(!!!scatter)
    !!handler_copy                           0x08000128   Section       26  __scatter_copy.o(!!handler_copy)
    !!handler_zi                             0x08000144   Section       28  __scatter_zi.o(!!handler_zi)
    .ARM.Collect$$libinit$$00000000          0x08000160   Section        2  libinit.o(.ARM.Collect$$libinit$$00000000)
    .ARM.Collect$$libinit$$00000002          0x08000162   Section        0  libinit2.o(.ARM.Collect$$libinit$$00000002)
    .ARM.Collect$$libinit$$00000004          0x08000162   Section        0  libinit2.o(.ARM.Collect$$libinit$$00000004)
    .ARM.Collect$$libinit$$0000000A          0x08000162   Section        0  libinit2.o(.ARM.Collect$$libinit$$0000000A)
    .ARM.Collect$$libinit$$0000000C          0x08000162   Section        0  libinit2.o(.ARM.Collect$$libinit$$0000000C)
    .ARM.Collect$$libinit$$0000000E          0x08000162   Section        0  libinit2.o(.ARM.Collect$$libinit$$0000000E)
    .ARM.Collect$$libinit$$00000011          0x08000162   Section        0  libinit2.o(.ARM.Collect$$libinit$$00000011)
    .ARM.Collect$$libinit$$00000013          0x08000162   Section        0  libinit2.o(.ARM.Collect$$libinit$$00000013)
    .ARM.Collect$$libinit$$00000015          0x08000162   Section        0  libinit2.o(.ARM.Collect$$libinit$$00000015)
    .ARM.Collect$$libinit$$00000017          0x08000162   Section        0  libinit2.o(.ARM.Collect$$libinit$$00000017)
    .ARM.Collect$$libinit$$00000019          0x08000162   Section        0  libinit2.o(.ARM.Collect$$libinit$$00000019)
    .ARM.Collect$$libinit$$0000001B          0x08000162   Section        0  libinit2.o(.ARM.Collect$$libinit$$0000001B)
    .ARM.Collect$$libinit$$0000001D          0x08000162   Section        0  libinit2.o(.ARM.Collect$$libinit$$0000001D)
    .ARM.Collect$$libinit$$0000001F          0x08000162   Section        0  libinit2.o(.ARM.Collect$$libinit$$0000001F)
    .ARM.Collect$$libinit$$00000021          0x08000162   Section        0  libinit2.o(.ARM.Collect$$libinit$$00000021)
    .ARM.Collect$$libinit$$00000023          0x08000162   Section        0  libinit2.o(.ARM.Collect$$libinit$$00000023)
    .ARM.Collect$$libinit$$00000025          0x08000162   Section        0  libinit2.o(.ARM.Collect$$libinit$$00000025)
    .ARM.Collect$$libinit$$0000002C          0x08000162   Section        0  libinit2.o(.ARM.Collect$$libinit$$0000002C)
    .ARM.Collect$$libinit$$0000002E          0x08000162   Section        0  libinit2.o(.ARM.Collect$$libinit$$0000002E)
    .ARM.Collect$$libinit$$00000030          0x08000162   Section        0  libinit2.o(.ARM.Collect$$libinit$$00000030)
    .ARM.Collect$$libinit$$00000032          0x08000162   Section        0  libinit2.o(.ARM.Collect$$libinit$$00000032)
    .ARM.Collect$$libinit$$00000033          0x08000162   Section        2  libinit2.o(.ARM.Collect$$libinit$$00000033)
    .ARM.Collect$$libshutdown$$00000000      0x08000164   Section        2  libshutdown.o(.ARM.Collect$$libshutdown$$00000000)
    .ARM.Collect$$libshutdown$$00000002      0x08000166   Section        0  libshutdown2.o(.ARM.Collect$$libshutdown$$00000002)
    .ARM.Collect$$libshutdown$$00000004      0x08000166   Section        0  libshutdown2.o(.ARM.Collect$$libshutdown$$00000004)
    .ARM.Collect$$libshutdown$$00000007      0x08000166   Section        0  libshutdown2.o(.ARM.Collect$$libshutdown$$00000007)
    .ARM.Collect$$libshutdown$$0000000A      0x08000166   Section        0  libshutdown2.o(.ARM.Collect$$libshutdown$$0000000A)
    .ARM.Collect$$libshutdown$$0000000C      0x08000166   Section        0  libshutdown2.o(.ARM.Collect$$libshutdown$$0000000C)
    .ARM.Collect$$libshutdown$$0000000F      0x08000166   Section        0  libshutdown2.o(.ARM.Collect$$libshutdown$$0000000F)
    .ARM.Collect$$libshutdown$$00000010      0x08000166   Section        2  libshutdown2.o(.ARM.Collect$$libshutdown$$00000010)
    .ARM.Collect$$rtentry$$00000000          0x08000168   Section        0  __rtentry.o(.ARM.Collect$$rtentry$$00000000)
    .ARM.Collect$$rtentry$$00000002          0x08000168   Section        0  __rtentry2.o(.ARM.Collect$$rtentry$$00000002)
    .ARM.Collect$$rtentry$$00000004          0x08000168   Section        6  __rtentry4.o(.ARM.Collect$$rtentry$$00000004)
    .ARM.Collect$$rtentry$$00000008          0x0800016e   Section        8  __rtentry2.o(.ARM.Collect$$rtentry$$00000008)
    .ARM.Collect$$rtentry$$0000000A          0x08000176   Section        4  __rtentry2.o(.ARM.Collect$$rtentry$$0000000A)
    .ARM.Collect$$rtentry$$0000000C          0x0800017a   Section        0  __rtentry2.o(.ARM.Collect$$rtentry$$0000000C)
    .ARM.Collect$$rtentry$$0000000D          0x0800017a   Section        8  __rtentry2.o(.ARM.Collect$$rtentry$$0000000D)
    .ARM.Collect$$rtexit$$00000000           0x08000182   Section        2  rtexit.o(.ARM.Collect$$rtexit$$00000000)
    .ARM.Collect$$rtexit$$00000002           0x08000184   Section        0  rtexit2.o(.ARM.Collect$$rtexit$$00000002)
    .ARM.Collect$$rtexit$$00000003           0x08000184   Section        4  rtexit2.o(.ARM.Collect$$rtexit$$00000003)
    .ARM.Collect$$rtexit$$00000004           0x08000188   Section        6  rtexit2.o(.ARM.Collect$$rtexit$$00000004)
    .emb_text                                0x08000190   Section      150  port.o(.emb_text)
    .text                                    0x08000228   Section       64  startup_stm32f10x_ld.o(.text)
    .text                                    0x08000268   Section      138  rt_memcpy_v6.o(.text)
    .text                                    0x080002f2   Section       16  aeabi_memset.o(.text)
    .text                                    0x08000302   Section        0  heapauxi.o(.text)
    .text                                    0x08000308   Section      100  rt_memcpy_w.o(.text)
    .text                                    0x0800036c   Section       68  rt_memclr.o(.text)
    .text                                    0x080003b0   Section       78  rt_memclr_w.o(.text)
    .text                                    0x080003fe   Section       74  sys_stackheap_outer.o(.text)
    .text                                    0x08000448   Section        0  exit.o(.text)
    .text                                    0x0800045c   Section        8  libspace.o(.text)
    .text                                    0x08000464   Section        0  sys_exit.o(.text)
    .text                                    0x08000470   Section        2  use_no_semi.o(.text)
    .text                                    0x08000472   Section        0  indicate_semi.o(.text)
    i.Button_Read                            0x08000474   Section        0  bai4.o(i.Button_Read)
    i.GPIO_Config                            0x08000484   Section        0  bai4.o(i.GPIO_Config)
    i.GPIO_Init                              0x080004c4   Section        0  stm32f10x_gpio.o(i.GPIO_Init)
    i.GPIO_ReadInputDataBit                  0x080005da   Section        0  stm32f10x_gpio.o(i.GPIO_ReadInputDataBit)
    i.RCC_APB2PeriphClockCmd                 0x080005ec   Section        0  stm32f10x_rcc.o(i.RCC_APB2PeriphClockCmd)
    i.SetSysClock                            0x0800060c   Section        0  system_stm32f10x.o(i.SetSysClock)
    SetSysClock                              0x0800060d   Thumb Code     8  system_stm32f10x.o(i.SetSysClock)
    i.SetSysClockTo72                        0x08000614   Section        0  system_stm32f10x.o(i.SetSysClockTo72)
    SetSysClockTo72                          0x08000615   Thumb Code   214  system_stm32f10x.o(i.SetSysClockTo72)
    i.SysTick_Handler                        0x080006f4   Section        0  cmsis_os2.o(i.SysTick_Handler)
    i.SystemInit                             0x0800070c   Section        0  system_stm32f10x.o(i.SystemInit)
    i.Task1                                  0x0800076c   Section        0  bai4.o(i.Task1)
    i.Task2                                  0x080007a0   Section        0  bai4.o(i.Task2)
    i.Task3                                  0x080007d8   Section        0  bai4.o(i.Task3)
    i.Task_Control                           0x08000810   Section        0  bai4.o(i.Task_Control)
    i._mutex_acquire                         0x0800088c   Section        0  clib_arm.o(i._mutex_acquire)
    __tagsym$$used                           0x0800088d   Number         0  clib_arm.o(i._mutex_acquire)
    i._mutex_free                            0x080008a4   Section        0  clib_arm.o(i._mutex_free)
    __tagsym$$used                           0x080008a5   Number         0  clib_arm.o(i._mutex_free)
    i._mutex_initialize                      0x080008d8   Section        0  clib_arm.o(i._mutex_initialize)
    __tagsym$$used                           0x080008d9   Number         0  clib_arm.o(i._mutex_initialize)
    i._mutex_release                         0x08000938   Section        0  clib_arm.o(i._mutex_release)
    __tagsym$$used                           0x08000939   Number         0  clib_arm.o(i._mutex_release)
    i._platform_post_stackheap_init          0x08000950   Section        0  clib_arm.o(i._platform_post_stackheap_init)
    i.main                                   0x08000954   Section        0  bai4.o(i.main)
    i.os_kernel_is_active                    0x080009e8   Section        0  clib_arm.o(i.os_kernel_is_active)
    os_kernel_is_active                      0x080009e9   Thumb Code    32  clib_arm.o(i.os_kernel_is_active)
    i.prvAddCurrentTaskToDelayedList         0x08000a0c   Section        0  tasks.o(i.prvAddCurrentTaskToDelayedList)
    prvAddCurrentTaskToDelayedList           0x08000a0d   Thumb Code   100  tasks.o(i.prvAddCurrentTaskToDelayedList)
    i.prvAddNewTaskToReadyList               0x08000a88   Section        0  tasks.o(i.prvAddNewTaskToReadyList)
    prvAddNewTaskToReadyList                 0x08000a89   Thumb Code   154  tasks.o(i.prvAddNewTaskToReadyList)
    i.prvCheckForValidListAndQueue           0x08000b40   Section        0  timers.o(i.prvCheckForValidListAndQueue)
    prvCheckForValidListAndQueue             0x08000b41   Thumb Code    62  timers.o(i.prvCheckForValidListAndQueue)
    i.prvCheckTasksWaitingTermination        0x08000b9c   Section        0  tasks.o(i.prvCheckTasksWaitingTermination)
    prvCheckTasksWaitingTermination          0x08000b9d   Thumb Code    60  tasks.o(i.prvCheckTasksWaitingTermination)
    i.prvCopyDataFromQueue                   0x08000be4   Section        0  queue.o(i.prvCopyDataFromQueue)
    prvCopyDataFromQueue                     0x08000be5   Thumb Code    42  queue.o(i.prvCopyDataFromQueue)
    i.prvCopyDataToQueue                     0x08000c0e   Section        0  queue.o(i.prvCopyDataToQueue)
    prvCopyDataToQueue                       0x08000c0f   Thumb Code   126  queue.o(i.prvCopyDataToQueue)
    i.prvDeleteTCB                           0x08000c8c   Section        0  tasks.o(i.prvDeleteTCB)
    prvDeleteTCB                             0x08000c8d   Thumb Code    40  tasks.o(i.prvDeleteTCB)
    i.prvGetDisinheritPriorityAfterTimeout   0x08000cb4   Section        0  queue.o(i.prvGetDisinheritPriorityAfterTimeout)
    prvGetDisinheritPriorityAfterTimeout     0x08000cb5   Thumb Code    20  queue.o(i.prvGetDisinheritPriorityAfterTimeout)
    i.prvGetNextExpireTime                   0x08000cc8   Section        0  timers.o(i.prvGetNextExpireTime)
    prvGetNextExpireTime                     0x08000cc9   Thumb Code    36  timers.o(i.prvGetNextExpireTime)
    i.prvHeapInit                            0x08000cf0   Section        0  heap_4.o(i.prvHeapInit)
    prvHeapInit                              0x08000cf1   Thumb Code    98  heap_4.o(i.prvHeapInit)
    i.prvIdleTask                            0x08000d6c   Section        0  tasks.o(i.prvIdleTask)
    prvIdleTask                              0x08000d6d   Thumb Code    32  tasks.o(i.prvIdleTask)
    i.prvInitialiseMutex                     0x08000d94   Section        0  queue.o(i.prvInitialiseMutex)
    prvInitialiseMutex                       0x08000d95   Thumb Code    30  queue.o(i.prvInitialiseMutex)
    i.prvInitialiseNewQueue                  0x08000db2   Section        0  queue.o(i.prvInitialiseNewQueue)
    prvInitialiseNewQueue                    0x08000db3   Thumb Code    42  queue.o(i.prvInitialiseNewQueue)
    i.prvInitialiseNewTask                   0x08000ddc   Section        0  tasks.o(i.prvInitialiseNewTask)
    prvInitialiseNewTask                     0x08000ddd   Thumb Code   154  tasks.o(i.prvInitialiseNewTask)
    i.prvInitialiseTaskLists                 0x08000e78   Section        0  tasks.o(i.prvInitialiseTaskLists)
    prvInitialiseTaskLists                   0x08000e79   Thumb Code    70  tasks.o(i.prvInitialiseTaskLists)
    i.prvInsertBlockIntoFreeList             0x08000ee0   Section        0  heap_4.o(i.prvInsertBlockIntoFreeList)
    prvInsertBlockIntoFreeList               0x08000ee1   Thumb Code    96  heap_4.o(i.prvInsertBlockIntoFreeList)
    i.prvInsertTimerInActiveList             0x08000f48   Section        0  timers.o(i.prvInsertTimerInActiveList)
    prvInsertTimerInActiveList               0x08000f49   Thumb Code    80  timers.o(i.prvInsertTimerInActiveList)
    i.prvIsQueueEmpty                        0x08000fa0   Section        0  queue.o(i.prvIsQueueEmpty)
    prvIsQueueEmpty                          0x08000fa1   Thumb Code    26  queue.o(i.prvIsQueueEmpty)
    i.prvIsQueueFull                         0x08000fba   Section        0  queue.o(i.prvIsQueueFull)
    prvIsQueueFull                           0x08000fbb   Thumb Code    30  queue.o(i.prvIsQueueFull)
    i.prvProcessExpiredTimer                 0x08000fd8   Section        0  timers.o(i.prvProcessExpiredTimer)
    prvProcessExpiredTimer                   0x08000fd9   Thumb Code    86  timers.o(i.prvProcessExpiredTimer)
    i.prvProcessReceivedCommands             0x08001034   Section        0  timers.o(i.prvProcessReceivedCommands)
    prvProcessReceivedCommands               0x08001035   Thumb Code   264  timers.o(i.prvProcessReceivedCommands)
    i.prvProcessTimerOrBlockTask             0x08001140   Section        0  timers.o(i.prvProcessTimerOrBlockTask)
    prvProcessTimerOrBlockTask               0x08001141   Thumb Code   102  timers.o(i.prvProcessTimerOrBlockTask)
    i.prvResetNextTaskUnblockTime            0x080011b4   Section        0  tasks.o(i.prvResetNextTaskUnblockTime)
    prvResetNextTaskUnblockTime              0x080011b5   Thumb Code    42  tasks.o(i.prvResetNextTaskUnblockTime)
    i.prvSampleTimeNow                       0x080011e8   Section        0  timers.o(i.prvSampleTimeNow)
    prvSampleTimeNow                         0x080011e9   Thumb Code    40  timers.o(i.prvSampleTimeNow)
    i.prvSwitchTimerLists                    0x08001214   Section        0  timers.o(i.prvSwitchTimerLists)
    prvSwitchTimerLists                      0x08001215   Thumb Code   126  timers.o(i.prvSwitchTimerLists)
    i.prvTaskExitError                       0x0800129c   Section        0  port.o(i.prvTaskExitError)
    prvTaskExitError                         0x0800129d   Thumb Code    22  port.o(i.prvTaskExitError)
    i.prvTestWaitCondition                   0x080012b2   Section        0  event_groups.o(i.prvTestWaitCondition)
    prvTestWaitCondition                     0x080012b3   Thumb Code    30  event_groups.o(i.prvTestWaitCondition)
    i.prvTimerTask                           0x080012d0   Section        0  timers.o(i.prvTimerTask)
    prvTimerTask                             0x080012d1   Thumb Code    26  timers.o(i.prvTimerTask)
    i.prvUnlockQueue                         0x080012ea   Section        0  queue.o(i.prvUnlockQueue)
    prvUnlockQueue                           0x080012eb   Thumb Code   126  queue.o(i.prvUnlockQueue)
    i.pvPortMalloc                           0x08001368   Section        0  heap_4.o(i.pvPortMalloc)
    i.pvTaskIncrementMutexHeldCount          0x08001438   Section        0  tasks.o(i.pvTaskIncrementMutexHeldCount)
    i.pxPortInitialiseStack                  0x08001458   Section        0  port.o(i.pxPortInitialiseStack)
    i.uxListRemove                           0x0800147c   Section        0  list.o(i.uxListRemove)
    i.uxTaskResetEventItemValue              0x080014a4   Section        0  tasks.o(i.uxTaskResetEventItemValue)
    i.vApplicationGetIdleTaskMemory          0x080014c0   Section        0  cmsis_os2.o(i.vApplicationGetIdleTaskMemory)
    i.vApplicationGetTimerTaskMemory         0x080014d8   Section        0  cmsis_os2.o(i.vApplicationGetTimerTaskMemory)
    i.vApplicationStackOverflowHook          0x080014f0   Section        0  cmsis_os2.o(i.vApplicationStackOverflowHook)
    i.vListInitialise                        0x080014f2   Section        0  list.o(i.vListInitialise)
    i.vListInitialiseItem                    0x0800150c   Section        0  list.o(i.vListInitialiseItem)
    i.vListInsert                            0x08001512   Section        0  list.o(i.vListInsert)
    i.vListInsertEnd                         0x08001546   Section        0  list.o(i.vListInsertEnd)
    i.vPortEnterCritical                     0x08001560   Section        0  port.o(i.vPortEnterCritical)
    i.vPortExitCritical                      0x08001584   Section        0  port.o(i.vPortExitCritical)
    i.vPortFree                              0x080015a4   Section        0  heap_4.o(i.vPortFree)
    i.vPortSetupTimerInterrupt               0x080015ec   Section        0  port.o(i.vPortSetupTimerInterrupt)
    i.vQueueDelete                           0x08001614   Section        0  queue.o(i.vQueueDelete)
    i.vQueueWaitForMessageRestricted         0x08001628   Section        0  queue.o(i.vQueueWaitForMessageRestricted)
    i.vTaskDelay                             0x08001674   Section        0  tasks.o(i.vTaskDelay)
    i.vTaskInternalSetTimeOutState           0x080016a8   Section        0  tasks.o(i.vTaskInternalSetTimeOutState)
    i.vTaskMissedYield                       0x080016c0   Section        0  tasks.o(i.vTaskMissedYield)
    i.vTaskPlaceOnEventList                  0x080016cc   Section        0  tasks.o(i.vTaskPlaceOnEventList)
    i.vTaskPlaceOnEventListRestricted        0x080016ec   Section        0  tasks.o(i.vTaskPlaceOnEventListRestricted)
    i.vTaskPlaceOnUnorderedEventList         0x08001714   Section        0  tasks.o(i.vTaskPlaceOnUnorderedEventList)
    i.vTaskPriorityDisinheritAfterTimeout    0x08001740   Section        0  tasks.o(i.vTaskPriorityDisinheritAfterTimeout)
    i.vTaskRemoveFromUnorderedEventList      0x080017cc   Section        0  tasks.o(i.vTaskRemoveFromUnorderedEventList)
    i.vTaskStartScheduler                    0x0800182c   Section        0  tasks.o(i.vTaskStartScheduler)
    i.vTaskSuspendAll                        0x080018c0   Section        0  tasks.o(i.vTaskSuspendAll)
    i.vTaskSwitchContext                     0x080018d0   Section        0  tasks.o(i.vTaskSwitchContext)
    i.xEventGroupClearBits                   0x08001980   Section        0  event_groups.o(i.xEventGroupClearBits)
    i.xEventGroupCreate                      0x080019a0   Section        0  event_groups.o(i.xEventGroupCreate)
    i.xEventGroupSetBits                     0x080019be   Section        0  event_groups.o(i.xEventGroupSetBits)
    i.xEventGroupWaitBits                    0x08001a50   Section        0  event_groups.o(i.xEventGroupWaitBits)
    i.xPortStartScheduler                    0x08001b1c   Section        0  port.o(i.xPortStartScheduler)
    i.xPortSysTickHandler                    0x08001b50   Section        0  port.o(i.xPortSysTickHandler)
    i.xQueueCreateMutex                      0x08001b84   Section        0  queue.o(i.xQueueCreateMutex)
    i.xQueueCreateMutexStatic                0x08001ba6   Section        0  queue.o(i.xQueueCreateMutexStatic)
    i.xQueueGenericCreate                    0x08001bd0   Section        0  queue.o(i.xQueueGenericCreate)
    i.xQueueGenericCreateStatic              0x08001c10   Section        0  queue.o(i.xQueueGenericCreateStatic)
    i.xQueueGenericReset                     0x08001c40   Section        0  queue.o(i.xQueueGenericReset)
    i.xQueueGenericSend                      0x08001cc0   Section        0  queue.o(i.xQueueGenericSend)
    i.xQueueGenericSendFromISR               0x08001dd8   Section        0  queue.o(i.xQueueGenericSendFromISR)
    i.xQueueReceive                          0x08001e60   Section        0  queue.o(i.xQueueReceive)
    i.xQueueSemaphoreTake                    0x08001f64   Section        0  queue.o(i.xQueueSemaphoreTake)
    i.xTaskCheckForTimeOut                   0x08002094   Section        0  tasks.o(i.xTaskCheckForTimeOut)
    i.xTaskCreate                            0x080020f0   Section        0  tasks.o(i.xTaskCreate)
    i.xTaskCreateStatic                      0x08002154   Section        0  tasks.o(i.xTaskCreateStatic)
    i.xTaskGetSchedulerState                 0x080021a4   Section        0  tasks.o(i.xTaskGetSchedulerState)
    i.xTaskGetTickCount                      0x080021c4   Section        0  tasks.o(i.xTaskGetTickCount)
    i.xTaskIncrementTick                     0x080021d0   Section        0  tasks.o(i.xTaskIncrementTick)
    i.xTaskPriorityDisinherit                0x080022e8   Section        0  tasks.o(i.xTaskPriorityDisinherit)
    i.xTaskPriorityInherit                   0x08002348   Section        0  tasks.o(i.xTaskPriorityInherit)
    i.xTaskRemoveFromEventList               0x080023ec   Section        0  tasks.o(i.xTaskRemoveFromEventList)
    i.xTaskResumeAll                         0x0800246c   Section        0  tasks.o(i.xTaskResumeAll)
    i.xTimerCreateTimerTask                  0x08002554   Section        0  timers.o(i.xTimerCreateTimerTask)
    i.xTimerGenericCommand                   0x080025b4   Section        0  timers.o(i.xTimerGenericCommand)
    .data                                    0x20000000   Section        4  bai4.o(.data)
    .data                                    0x20000004   Section        1  clib_arm.o(.data)
    os_kernel_active                         0x20000004   Data           1  clib_arm.o(.data)
    .data                                    0x20000008   Section       20  system_stm32f10x.o(.data)
    .data                                    0x2000001c   Section       24  heap_4.o(.data)
    xStart                                   0x2000001c   Data           8  heap_4.o(.data)
    pxEnd                                    0x20000024   Data           4  heap_4.o(.data)
    xFreeBytesRemaining                      0x20000028   Data           4  heap_4.o(.data)
    xMinimumEverFreeBytesRemaining           0x2000002c   Data           4  heap_4.o(.data)
    xBlockAllocatedBit                       0x20000030   Data           4  heap_4.o(.data)
    .data                                    0x20000034   Section        4  port.o(.data)
    uxCriticalNesting                        0x20000034   Data           4  port.o(.data)
    .data                                    0x20000038   Section       60  tasks.o(.data)
    pxDelayedTaskList                        0x2000003c   Data           4  tasks.o(.data)
    pxOverflowDelayedTaskList                0x20000040   Data           4  tasks.o(.data)
    uxDeletedTasksWaitingCleanUp             0x20000044   Data           4  tasks.o(.data)
    uxCurrentNumberOfTasks                   0x20000048   Data           4  tasks.o(.data)
    xTickCount                               0x2000004c   Data           4  tasks.o(.data)
    uxTopReadyPriority                       0x20000050   Data           4  tasks.o(.data)
    xSchedulerRunning                        0x20000054   Data           4  tasks.o(.data)
    uxPendedTicks                            0x20000058   Data           4  tasks.o(.data)
    xYieldPending                            0x2000005c   Data           4  tasks.o(.data)
    xNumOfOverflows                          0x20000060   Data           4  tasks.o(.data)
    uxTaskNumber                             0x20000064   Data           4  tasks.o(.data)
    xNextTaskUnblockTime                     0x20000068   Data           4  tasks.o(.data)
    xIdleTaskHandle                          0x2000006c   Data           4  tasks.o(.data)
    uxSchedulerSuspended                     0x20000070   Data           4  tasks.o(.data)
    .data                                    0x20000074   Section       20  timers.o(.data)
    pxCurrentTimerList                       0x20000074   Data           4  timers.o(.data)
    pxOverflowTimerList                      0x20000078   Data           4  timers.o(.data)
    xTimerQueue                              0x2000007c   Data           4  timers.o(.data)
    xTimerTaskHandle                         0x20000080   Data           4  timers.o(.data)
    xLastTime                                0x20000084   Data           4  timers.o(.data)
    .bss                                     0x20000088   Section      916  clib_arm.o(.bss)
    os_libspace                              0x20000088   Data         480  clib_arm.o(.bss)
    os_libspace_id                           0x20000268   Data          16  clib_arm.o(.bss)
    clib_mutex_cb                            0x20000278   Data         400  clib_arm.o(.bss)
    clib_mutex_id                            0x20000408   Data          20  clib_arm.o(.bss)
    .bss                                     0x2000041c   Section     1016  cmsis_os2.o(.bss)
    Idle_TCB                                 0x2000041c   Data          92  cmsis_os2.o(.bss)
    Idle_Stack                               0x20000478   Data         512  cmsis_os2.o(.bss)
    Timer_TCB                                0x20000678   Data          92  cmsis_os2.o(.bss)
    Timer_Stack                              0x200006d4   Data         320  cmsis_os2.o(.bss)
    .bss                                     0x20000814   Section     8192  heap_4.o(.bss)
    ucHeap                                   0x20000814   Data        8192  heap_4.o(.bss)
    .bss                                     0x20002814   Section     1220  tasks.o(.bss)
    pxReadyTasksLists                        0x20002814   Data        1120  tasks.o(.bss)
    xDelayedTaskList1                        0x20002c74   Data          20  tasks.o(.bss)
    xDelayedTaskList2                        0x20002c88   Data          20  tasks.o(.bss)
    xPendingReadyList                        0x20002c9c   Data          20  tasks.o(.bss)
    xTasksWaitingTermination                 0x20002cb0   Data          20  tasks.o(.bss)
    xSuspendedTaskList                       0x20002cc4   Data          20  tasks.o(.bss)
    .bss                                     0x20002cd8   Section      200  timers.o(.bss)
    xActiveTimerList1                        0x20002cd8   Data          20  timers.o(.bss)
    xActiveTimerList2                        0x20002cec   Data          20  timers.o(.bss)
    xStaticTimerQueue                        0x20002d00   Data          80  timers.o(.bss)
    ucStaticTimerQueueStorage                0x20002d50   Data          80  timers.o(.bss)
    .bss                                     0x20002da0   Section       96  libspace.o(.bss)
    HEAP                                     0x20002e00   Section      512  startup_stm32f10x_ld.o(HEAP)
    Heap_Mem                                 0x20002e00   Data         512  startup_stm32f10x_ld.o(HEAP)
    STACK                                    0x20003000   Section     1024  startup_stm32f10x_ld.o(STACK)
    Stack_Mem                                0x20003000   Data        1024  startup_stm32f10x_ld.o(STACK)
    __initial_sp                             0x20003400   Data           0  startup_stm32f10x_ld.o(STACK)

    Global Symbols

    Symbol Name                              Value     Ov Type        Size  Object(Section)

    BuildAttributes$$THM_ISAv4$P$D$K$B$S$PE$A:L22UL41UL21$X:L11$S22US41US21$IEEE1$IW$USESV6$~STKCKD$USESV7$~SHL$OSPACE$ROPI$EBA8$UX$STANDARDLIB$REQ8$PRES8$EABIv2 0x00000000   Number         0  anon$$obj.o ABSOLUTE
    __ARM_use_no_argv                        0x00000000   Number         0  bai4.o ABSOLUTE
    __ARM_exceptions_init                     - Undefined Weak Reference
    __alloca_initialize                       - Undefined Weak Reference
    __arm_preinit_                            - Undefined Weak Reference
    __cpp_initialize__aeabi_                  - Undefined Weak Reference
    __cxa_finalize                            - Undefined Weak Reference
    __rt_locale                               - Undefined Weak Reference
    __sigvec_lookup                           - Undefined Weak Reference
    _atexit_init                              - Undefined Weak Reference
    _call_atexit_fns                          - Undefined Weak Reference
    _clock_init                               - Undefined Weak Reference
    _fp_trap_init                             - Undefined Weak Reference
    _fp_trap_shutdown                         - Undefined Weak Reference
    _get_lc_collate                           - Undefined Weak Reference
    _get_lc_ctype                             - Undefined Weak Reference
    _get_lc_monetary                          - Undefined Weak Reference
    _get_lc_numeric                           - Undefined Weak Reference
    _get_lc_time                              - Undefined Weak Reference
    _getenv_init                              - Undefined Weak Reference
    _handle_redirection                       - Undefined Weak Reference
    _init_alloc                               - Undefined Weak Reference
    _init_user_alloc                          - Undefined Weak Reference
    _initio                                   - Undefined Weak Reference
    _rand_init                                - Undefined Weak Reference
    _signal_finish                            - Undefined Weak Reference
    _signal_init                              - Undefined Weak Reference
    _terminate_alloc                          - Undefined Weak Reference
    _terminate_user_alloc                     - Undefined Weak Reference
    _terminateio                              - Undefined Weak Reference
    __Vectors_Size                           0x000000ec   Number         0  startup_stm32f10x_ld.o ABSOLUTE
    __Vectors                                0x08000000   Data           4  startup_stm32f10x_ld.o(RESET)
    __Vectors_End                            0x080000ec   Data           0  startup_stm32f10x_ld.o(RESET)
    __main                                   0x080000ed   Thumb Code     8  __main.o(!!!main)
    __scatterload                            0x080000f5   Thumb Code     0  __scatter.o(!!!scatter)
    __scatterload_rt2                        0x080000f5   Thumb Code    44  __scatter.o(!!!scatter)
    __scatterload_rt2_thumb_only             0x080000f5   Thumb Code     0  __scatter.o(!!!scatter)
    __scatterload_null                       0x08000103   Thumb Code     0  __scatter.o(!!!scatter)
    __scatterload_copy                       0x08000129   Thumb Code    26  __scatter_copy.o(!!handler_copy)
    __scatterload_zeroinit                   0x08000145   Thumb Code    28  __scatter_zi.o(!!handler_zi)
    __rt_lib_init                            0x08000161   Thumb Code     0  libinit.o(.ARM.Collect$$libinit$$00000000)
    __rt_lib_init_alloca_1                   0x08000163   Thumb Code     0  libinit2.o(.ARM.Collect$$libinit$$0000002E)
    __rt_lib_init_argv_1                     0x08000163   Thumb Code     0  libinit2.o(.ARM.Collect$$libinit$$0000002C)
    __rt_lib_init_atexit_1                   0x08000163   Thumb Code     0  libinit2.o(.ARM.Collect$$libinit$$0000001B)
    __rt_lib_init_clock_1                    0x08000163   Thumb Code     0  libinit2.o(.ARM.Collect$$libinit$$00000021)
    __rt_lib_init_cpp_1                      0x08000163   Thumb Code     0  libinit2.o(.ARM.Collect$$libinit$$00000032)
    __rt_lib_init_exceptions_1               0x08000163   Thumb Code     0  libinit2.o(.ARM.Collect$$libinit$$00000030)
    __rt_lib_init_fp_1                       0x08000163   Thumb Code     0  libinit2.o(.ARM.Collect$$libinit$$00000002)
    __rt_lib_init_fp_trap_1                  0x08000163   Thumb Code     0  libinit2.o(.ARM.Collect$$libinit$$0000001F)
    __rt_lib_init_getenv_1                   0x08000163   Thumb Code     0  libinit2.o(.ARM.Collect$$libinit$$00000023)
    __rt_lib_init_heap_1                     0x08000163   Thumb Code     0  libinit2.o(.ARM.Collect$$libinit$$0000000A)
    __rt_lib_init_lc_collate_1               0x08000163   Thumb Code     0  libinit2.o(.ARM.Collect$$libinit$$00000011)
    __rt_lib_init_lc_ctype_1                 0x08000163   Thumb Code     0  libinit2.o(.ARM.Collect$$libinit$$00000013)
    __rt_lib_init_lc_monetary_1              0x08000163   Thumb Code     0  libinit2.o(.ARM.Collect$$libinit$$00000015)
    __rt_lib_init_lc_numeric_1               0x08000163   Thumb Code     0  libinit2.o(.ARM.Collect$$libinit$$00000017)
    __rt_lib_init_lc_time_1                  0x08000163   Thumb Code     0  libinit2.o(.ARM.Collect$$libinit$$00000019)
    __rt_lib_init_preinit_1                  0x08000163   Thumb Code     0  libinit2.o(.ARM.Collect$$libinit$$00000004)
    __rt_lib_init_rand_1                     0x08000163   Thumb Code     0  libinit2.o(.ARM.Collect$$libinit$$0000000E)
    __rt_lib_init_return                     0x08000163   Thumb Code     0  libinit2.o(.ARM.Collect$$libinit$$00000033)
    __rt_lib_init_signal_1                   0x08000163   Thumb Code     0  libinit2.o(.ARM.Collect$$libinit$$0000001D)
    __rt_lib_init_stdio_1                    0x08000163   Thumb Code     0  libinit2.o(.ARM.Collect$$libinit$$00000025)
    __rt_lib_init_user_alloc_1               0x08000163   Thumb Code     0  libinit2.o(.ARM.Collect$$libinit$$0000000C)
    __rt_lib_shutdown                        0x08000165   Thumb Code     0  libshutdown.o(.ARM.Collect$$libshutdown$$00000000)
    __rt_lib_shutdown_cpp_1                  0x08000167   Thumb Code     0  libshutdown2.o(.ARM.Collect$$libshutdown$$00000002)
    __rt_lib_shutdown_fp_trap_1              0x08000167   Thumb Code     0  libshutdown2.o(.ARM.Collect$$libshutdown$$00000007)
    __rt_lib_shutdown_heap_1                 0x08000167   Thumb Code     0  libshutdown2.o(.ARM.Collect$$libshutdown$$0000000F)
    __rt_lib_shutdown_return                 0x08000167   Thumb Code     0  libshutdown2.o(.ARM.Collect$$libshutdown$$00000010)
    __rt_lib_shutdown_signal_1               0x08000167   Thumb Code     0  libshutdown2.o(.ARM.Collect$$libshutdown$$0000000A)
    __rt_lib_shutdown_stdio_1                0x08000167   Thumb Code     0  libshutdown2.o(.ARM.Collect$$libshutdown$$00000004)
    __rt_lib_shutdown_user_alloc_1           0x08000167   Thumb Code     0  libshutdown2.o(.ARM.Collect$$libshutdown$$0000000C)
    __rt_entry                               0x08000169   Thumb Code     0  __rtentry.o(.ARM.Collect$$rtentry$$00000000)
    __rt_entry_presh_1                       0x08000169   Thumb Code     0  __rtentry2.o(.ARM.Collect$$rtentry$$00000002)
    __rt_entry_sh                            0x08000169   Thumb Code     0  __rtentry4.o(.ARM.Collect$$rtentry$$00000004)
    __rt_entry_postsh_1                      0x0800016f   Thumb Code     0  __rtentry2.o(.ARM.Collect$$rtentry$$00000008)
    __rt_entry_li                            0x08000177   Thumb Code     0  __rtentry2.o(.ARM.Collect$$rtentry$$0000000A)
    __rt_entry_main                          0x0800017b   Thumb Code     0  __rtentry2.o(.ARM.Collect$$rtentry$$0000000D)
    __rt_entry_postli_1                      0x0800017b   Thumb Code     0  __rtentry2.o(.ARM.Collect$$rtentry$$0000000C)
    __rt_exit                                0x08000183   Thumb Code     0  rtexit.o(.ARM.Collect$$rtexit$$00000000)
    __rt_exit_ls                             0x08000185   Thumb Code     0  rtexit2.o(.ARM.Collect$$rtexit$$00000003)
    __rt_exit_prels_1                        0x08000185   Thumb Code     0  rtexit2.o(.ARM.Collect$$rtexit$$00000002)
    __rt_exit_exit                           0x08000189   Thumb Code     0  rtexit2.o(.ARM.Collect$$rtexit$$00000004)
    SVC_Handler                              0x08000191   Thumb Code    32  port.o(.emb_text)
    __asm___6_port_c_39a90d8d__prvStartFirstTask 0x080001b5   Thumb Code    28  port.o(.emb_text)
    PendSV_Handler                           0x080001d5   Thumb Code    72  port.o(.emb_text)
    vPortGetIPSR                             0x08000221   Thumb Code     6  port.o(.emb_text)
    Reset_Handler                            0x08000229   Thumb Code     8  startup_stm32f10x_ld.o(.text)
    NMI_Handler                              0x08000231   Thumb Code     2  startup_stm32f10x_ld.o(.text)
    HardFault_Handler                        0x08000233   Thumb Code     2  startup_stm32f10x_ld.o(.text)
    MemManage_Handler                        0x08000235   Thumb Code     2  startup_stm32f10x_ld.o(.text)
    BusFault_Handler                         0x08000237   Thumb Code     2  startup_stm32f10x_ld.o(.text)
    UsageFault_Handler                       0x08000239   Thumb Code     2  startup_stm32f10x_ld.o(.text)
    DebugMon_Handler                         0x0800023d   Thumb Code     2  startup_stm32f10x_ld.o(.text)
    ADC1_2_IRQHandler                        0x08000243   Thumb Code     0  startup_stm32f10x_ld.o(.text)
    CAN1_RX1_IRQHandler                      0x08000243   Thumb Code     0  startup_stm32f10x_ld.o(.text)
    CAN1_SCE_IRQHandler                      0x08000243   Thumb Code     0  startup_stm32f10x_ld.o(.text)
    DMA1_Channel1_IRQHandler                 0x08000243   Thumb Code     0  startup_stm32f10x_ld.o(.text)
    DMA1_Channel2_IRQHandler                 0x08000243   Thumb Code     0  startup_stm32f10x_ld.o(.text)
    DMA1_Channel3_IRQHandler                 0x08000243   Thumb Code     0  startup_stm32f10x_ld.o(.text)
    DMA1_Channel4_IRQHandler                 0x08000243   Thumb Code     0  startup_stm32f10x_ld.o(.text)
    DMA1_Channel5_IRQHandler                 0x08000243   Thumb Code     0  startup_stm32f10x_ld.o(.text)
    DMA1_Channel6_IRQHandler                 0x08000243   Thumb Code     0  startup_stm32f10x_ld.o(.text)
    DMA1_Channel7_IRQHandler                 0x08000243   Thumb Code     0  startup_stm32f10x_ld.o(.text)
    EXTI0_IRQHandler                         0x08000243   Thumb Code     0  startup_stm32f10x_ld.o(.text)
    EXTI15_10_IRQHandler                     0x08000243   Thumb Code     0  startup_stm32f10x_ld.o(.text)
    EXTI1_IRQHandler                         0x08000243   Thumb Code     0  startup_stm32f10x_ld.o(.text)
    EXTI2_IRQHandler                         0x08000243   Thumb Code     0  startup_stm32f10x_ld.o(.text)
    EXTI3_IRQHandler                         0x08000243   Thumb Code     0  startup_stm32f10x_ld.o(.text)
    EXTI4_IRQHandler                         0x08000243   Thumb Code     0  startup_stm32f10x_ld.o(.text)
    EXTI9_5_IRQHandler                       0x08000243   Thumb Code     0  startup_stm32f10x_ld.o(.text)
    FLASH_IRQHandler                         0x08000243   Thumb Code     0  startup_stm32f10x_ld.o(.text)
    I2C1_ER_IRQHandler                       0x08000243   Thumb Code     0  startup_stm32f10x_ld.o(.text)
    I2C1_EV_IRQHandler                       0x08000243   Thumb Code     0  startup_stm32f10x_ld.o(.text)
    PVD_IRQHandler                           0x08000243   Thumb Code     0  startup_stm32f10x_ld.o(.text)
    RCC_IRQHandler                           0x08000243   Thumb Code     0  startup_stm32f10x_ld.o(.text)
    RTCAlarm_IRQHandler                      0x08000243   Thumb Code     0  startup_stm32f10x_ld.o(.text)
    RTC_IRQHandler                           0x08000243   Thumb Code     0  startup_stm32f10x_ld.o(.text)
    SPI1_IRQHandler                          0x08000243   Thumb Code     0  startup_stm32f10x_ld.o(.text)
    TAMPER_IRQHandler                        0x08000243   Thumb Code     0  startup_stm32f10x_ld.o(.text)
    TIM1_BRK_IRQHandler                      0x08000243   Thumb Code     0  startup_stm32f10x_ld.o(.text)
    TIM1_CC_IRQHandler                       0x08000243   Thumb Code     0  startup_stm32f10x_ld.o(.text)
    TIM1_TRG_COM_IRQHandler                  0x08000243   Thumb Code     0  startup_stm32f10x_ld.o(.text)
    TIM1_UP_IRQHandler                       0x08000243   Thumb Code     0  startup_stm32f10x_ld.o(.text)
    TIM2_IRQHandler                          0x08000243   Thumb Code     0  startup_stm32f10x_ld.o(.text)
    TIM3_IRQHandler                          0x08000243   Thumb Code     0  startup_stm32f10x_ld.o(.text)
    USART1_IRQHandler                        0x08000243   Thumb Code     0  startup_stm32f10x_ld.o(.text)
    USART2_IRQHandler                        0x08000243   Thumb Code     0  startup_stm32f10x_ld.o(.text)
    USBWakeUp_IRQHandler                     0x08000243   Thumb Code     0  startup_stm32f10x_ld.o(.text)
    USB_HP_CAN1_TX_IRQHandler                0x08000243   Thumb Code     0  startup_stm32f10x_ld.o(.text)
    USB_LP_CAN1_RX0_IRQHandler               0x08000243   Thumb Code     0  startup_stm32f10x_ld.o(.text)
    WWDG_IRQHandler                          0x08000243   Thumb Code     0  startup_stm32f10x_ld.o(.text)
    __user_initial_stackheap                 0x08000245   Thumb Code     0  startup_stm32f10x_ld.o(.text)
    __aeabi_memcpy                           0x08000269   Thumb Code     0  rt_memcpy_v6.o(.text)
    __rt_memcpy                              0x08000269   Thumb Code   138  rt_memcpy_v6.o(.text)
    _memcpy_lastbytes                        0x080002cf   Thumb Code     0  rt_memcpy_v6.o(.text)
    __aeabi_memset                           0x080002f3   Thumb Code    16  aeabi_memset.o(.text)
    __use_two_region_memory                  0x08000303   Thumb Code     2  heapauxi.o(.text)
    __rt_heap_escrow$2region                 0x08000305   Thumb Code     2  heapauxi.o(.text)
    __rt_heap_expand$2region                 0x08000307   Thumb Code     2  heapauxi.o(.text)
    __aeabi_memcpy4                          0x08000309   Thumb Code     0  rt_memcpy_w.o(.text)
    __aeabi_memcpy8                          0x08000309   Thumb Code     0  rt_memcpy_w.o(.text)
    __rt_memcpy_w                            0x08000309   Thumb Code   100  rt_memcpy_w.o(.text)
    _memcpy_lastbytes_aligned                0x08000351   Thumb Code     0  rt_memcpy_w.o(.text)
    __aeabi_memclr                           0x0800036d   Thumb Code     0  rt_memclr.o(.text)
    __rt_memclr                              0x0800036d   Thumb Code    68  rt_memclr.o(.text)
    _memset                                  0x08000371   Thumb Code     0  rt_memclr.o(.text)
    __aeabi_memclr4                          0x080003b1   Thumb Code     0  rt_memclr_w.o(.text)
    __aeabi_memclr8                          0x080003b1   Thumb Code     0  rt_memclr_w.o(.text)
    __rt_memclr_w                            0x080003b1   Thumb Code    78  rt_memclr_w.o(.text)
    _memset_w                                0x080003b5   Thumb Code     0  rt_memclr_w.o(.text)
    __user_setup_stackheap                   0x080003ff   Thumb Code    74  sys_stackheap_outer.o(.text)
    exit                                     0x08000449   Thumb Code    18  exit.o(.text)
    __user_libspace                          0x0800045d   Thumb Code     8  libspace.o(.text)
    __user_perproc_libspace                  0x0800045d   Thumb Code     0  libspace.o(.text)
    _sys_exit                                0x08000465   Thumb Code     8  sys_exit.o(.text)
    __I$use$semihosting                      0x08000471   Thumb Code     0  use_no_semi.o(.text)
    __use_no_semihosting_swi                 0x08000471   Thumb Code     2  use_no_semi.o(.text)
    __semihosting_library_function           0x08000473   Thumb Code     0  indicate_semi.o(.text)
    Button_Read                              0x08000475   Thumb Code    12  bai4.o(i.Button_Read)
    GPIO_Config                              0x08000485   Thumb Code    58  bai4.o(i.GPIO_Config)
    GPIO_Init                                0x080004c5   Thumb Code   278  stm32f10x_gpio.o(i.GPIO_Init)
    GPIO_ReadInputDataBit                    0x080005db   Thumb Code    18  stm32f10x_gpio.o(i.GPIO_ReadInputDataBit)
    RCC_APB2PeriphClockCmd                   0x080005ed   Thumb Code    26  stm32f10x_rcc.o(i.RCC_APB2PeriphClockCmd)
    SysTick_Handler                          0x080006f5   Thumb Code    22  cmsis_os2.o(i.SysTick_Handler)
    SystemInit                               0x0800070d   Thumb Code    78  system_stm32f10x.o(i.SystemInit)
    Task1                                    0x0800076d   Thumb Code    44  bai4.o(i.Task1)
    Task2                                    0x080007a1   Thumb Code    46  bai4.o(i.Task2)
    Task3                                    0x080007d9   Thumb Code    46  bai4.o(i.Task3)
    Task_Control                             0x08000811   Thumb Code   118  bai4.o(i.Task_Control)
    _mutex_acquire                           0x0800088d   Thumb Code    22  clib_arm.o(i._mutex_acquire)
    _mutex_free                              0x080008a5   Thumb Code    46  clib_arm.o(i._mutex_free)
    _mutex_initialize                        0x080008d9   Thumb Code    86  clib_arm.o(i._mutex_initialize)
    _mutex_release                           0x08000939   Thumb Code    24  clib_arm.o(i._mutex_release)
    _platform_post_stackheap_init            0x08000951   Thumb Code     2  clib_arm.o(i._platform_post_stackheap_init)
    main                                     0x08000955   Thumb Code   106  bai4.o(i.main)
    pvPortMalloc                             0x08001369   Thumb Code   188  heap_4.o(i.pvPortMalloc)
    pvTaskIncrementMutexHeldCount            0x08001439   Thumb Code    26  tasks.o(i.pvTaskIncrementMutexHeldCount)
    pxPortInitialiseStack                    0x08001459   Thumb Code    30  port.o(i.pxPortInitialiseStack)
    uxListRemove                             0x0800147d   Thumb Code    40  list.o(i.uxListRemove)
    uxTaskResetEventItemValue                0x080014a5   Thumb Code    24  tasks.o(i.uxTaskResetEventItemValue)
    vApplicationGetIdleTaskMemory            0x080014c1   Thumb Code    14  cmsis_os2.o(i.vApplicationGetIdleTaskMemory)
    vApplicationGetTimerTaskMemory           0x080014d9   Thumb Code    14  cmsis_os2.o(i.vApplicationGetTimerTaskMemory)
    vApplicationStackOverflowHook            0x080014f1   Thumb Code     2  cmsis_os2.o(i.vApplicationStackOverflowHook)
    vListInitialise                          0x080014f3   Thumb Code    26  list.o(i.vListInitialise)
    vListInitialiseItem                      0x0800150d   Thumb Code     6  list.o(i.vListInitialiseItem)
    vListInsert                              0x08001513   Thumb Code    52  list.o(i.vListInsert)
    vListInsertEnd                           0x08001547   Thumb Code    24  list.o(i.vListInsertEnd)
    vPortEnterCritical                       0x08001561   Thumb Code    30  port.o(i.vPortEnterCritical)
    vPortExitCritical                        0x08001585   Thumb Code    28  port.o(i.vPortExitCritical)
    vPortFree                                0x080015a5   Thumb Code    64  heap_4.o(i.vPortFree)
    vPortSetupTimerInterrupt                 0x080015ed   Thumb Code    36  port.o(i.vPortSetupTimerInterrupt)
    vQueueDelete                             0x08001615   Thumb Code    20  queue.o(i.vQueueDelete)
    vQueueWaitForMessageRestricted           0x08001629   Thumb Code    74  queue.o(i.vQueueWaitForMessageRestricted)
    vTaskDelay                               0x08001675   Thumb Code    46  tasks.o(i.vTaskDelay)
    vTaskInternalSetTimeOutState             0x080016a9   Thumb Code    14  tasks.o(i.vTaskInternalSetTimeOutState)
    vTaskMissedYield                         0x080016c1   Thumb Code     8  tasks.o(i.vTaskMissedYield)
    vTaskPlaceOnEventList                    0x080016cd   Thumb Code    28  tasks.o(i.vTaskPlaceOnEventList)
    vTaskPlaceOnEventListRestricted          0x080016ed   Thumb Code    36  tasks.o(i.vTaskPlaceOnEventListRestricted)
    vTaskPlaceOnUnorderedEventList           0x08001715   Thumb Code    40  tasks.o(i.vTaskPlaceOnUnorderedEventList)
    vTaskPriorityDisinheritAfterTimeout      0x08001741   Thumb Code   130  tasks.o(i.vTaskPriorityDisinheritAfterTimeout)
    vTaskRemoveFromUnorderedEventList        0x080017cd   Thumb Code    80  tasks.o(i.vTaskRemoveFromUnorderedEventList)
    vTaskStartScheduler                      0x0800182d   Thumb Code   120  tasks.o(i.vTaskStartScheduler)
    vTaskSuspendAll                          0x080018c1   Thumb Code    12  tasks.o(i.vTaskSuspendAll)
    vTaskSwitchContext                       0x080018d1   Thumb Code   154  tasks.o(i.vTaskSwitchContext)
    xEventGroupClearBits                     0x08001981   Thumb Code    32  event_groups.o(i.xEventGroupClearBits)
    xEventGroupCreate                        0x080019a1   Thumb Code    30  event_groups.o(i.xEventGroupCreate)
    xEventGroupSetBits                       0x080019bf   Thumb Code   146  event_groups.o(i.xEventGroupSetBits)
    xEventGroupWaitBits                      0x08001a51   Thumb Code   198  event_groups.o(i.xEventGroupWaitBits)
    xPortStartScheduler                      0x08001b1d   Thumb Code    42  port.o(i.xPortStartScheduler)
    xPortSysTickHandler                      0x08001b51   Thumb Code    46  port.o(i.xPortSysTickHandler)
    xQueueCreateMutex                        0x08001b85   Thumb Code    34  queue.o(i.xQueueCreateMutex)
    xQueueCreateMutexStatic                  0x08001ba7   Thumb Code    42  queue.o(i.xQueueCreateMutexStatic)
    xQueueGenericCreate                      0x08001bd1   Thumb Code    64  queue.o(i.xQueueGenericCreate)
    xQueueGenericCreateStatic                0x08001c11   Thumb Code    46  queue.o(i.xQueueGenericCreateStatic)
    xQueueGenericReset                       0x08001c41   Thumb Code   122  queue.o(i.xQueueGenericReset)
    xQueueGenericSend                        0x08001cc1   Thumb Code   276  queue.o(i.xQueueGenericSend)
    xQueueGenericSendFromISR                 0x08001dd9   Thumb Code   134  queue.o(i.xQueueGenericSendFromISR)
    xQueueReceive                            0x08001e61   Thumb Code   256  queue.o(i.xQueueReceive)
    xQueueSemaphoreTake                      0x08001f65   Thumb Code   300  queue.o(i.xQueueSemaphoreTake)
    xTaskCheckForTimeOut                     0x08002095   Thumb Code    84  tasks.o(i.xTaskCheckForTimeOut)
    xTaskCreate                              0x080020f1   Thumb Code   100  tasks.o(i.xTaskCreate)
    xTaskCreateStatic                        0x08002155   Thumb Code    78  tasks.o(i.xTaskCreateStatic)
    xTaskGetSchedulerState                   0x080021a5   Thumb Code    24  tasks.o(i.xTaskGetSchedulerState)
    xTaskGetTickCount                        0x080021c5   Thumb Code     6  tasks.o(i.xTaskGetTickCount)
    xTaskIncrementTick                       0x080021d1   Thumb Code   236  tasks.o(i.xTaskIncrementTick)
    xTaskPriorityDisinherit                  0x080022e9   Thumb Code    86  tasks.o(i.xTaskPriorityDisinherit)
    xTaskPriorityInherit                     0x08002349   Thumb Code   150  tasks.o(i.xTaskPriorityInherit)
    xTaskRemoveFromEventList                 0x080023ed   Thumb Code   102  tasks.o(i.xTaskRemoveFromEventList)
    xTaskResumeAll                           0x0800246d   Thumb Code   194  tasks.o(i.xTaskResumeAll)
    xTimerCreateTimerTask                    0x08002555   Thumb Code    76  timers.o(i.xTimerCreateTimerTask)
    xTimerGenericCommand                     0x080025b5   Thumb Code   104  timers.o(i.xTimerGenericCommand)
    Region$$Table$$Base                      0x08002620   Number         0  anon$$obj.o(Region$$Table)
    Region$$Table$$Limit                     0x08002640   Number         0  anon$$obj.o(Region$$Table)
    xEventGroup                              0x20000000   Data           4  bai4.o(.data)
    SystemCoreClock                          0x20000008   Data           4  system_stm32f10x.o(.data)
    AHBPrescTable                            0x2000000c   Data          16  system_stm32f10x.o(.data)
    pxCurrentTCB                             0x20000038   Data           4  tasks.o(.data)
    __libspace_start                         0x20002da0   Data          96  libspace.o(.bss)
    __temporary_stack_top$libspace           0x20002e00   Data           0  libspace.o(.bss)



==============================================================================

Memory Map of the image

  Image Entry point : 0x08000229

  Load Region LR_1 (Base: 0x08000000, Size: 0x000026c8, Max: 0xffffffff, ABSOLUTE)

    Execution Region ER_RO (Exec base: 0x08000000, Load base: 0x08000000, Size: 0x00002640, Max: 0xffffffff, ABSOLUTE)

    Exec Addr    Load Addr    Size         Type   Attr      Idx    E Section Name        Object

    0x08000000   0x08000000   0x000000ec   Data   RO         1487    RESET               startup_stm32f10x_ld.o
    0x080000ec   0x080000ec   0x00000008   Code   RO         2678  * !!!main             c_w.l(__main.o)
    0x080000f4   0x080000f4   0x00000034   Code   RO         2839    !!!scatter          c_w.l(__scatter.o)
    0x08000128   0x08000128   0x0000001a   Code   RO         2841    !!handler_copy      c_w.l(__scatter_copy.o)
    0x08000142   0x08000142   0x00000002   PAD
    0x08000144   0x08000144   0x0000001c   Code   RO         2843    !!handler_zi        c_w.l(__scatter_zi.o)
    0x08000160   0x08000160   0x00000002   Code   RO         2709    .ARM.Collect$$libinit$$00000000  c_w.l(libinit.o)
    0x08000162   0x08000162   0x00000000   Code   RO         2716    .ARM.Collect$$libinit$$00000002  c_w.l(libinit2.o)
    0x08000162   0x08000162   0x00000000   Code   RO         2718    .ARM.Collect$$libinit$$00000004  c_w.l(libinit2.o)
    0x08000162   0x08000162   0x00000000   Code   RO         2721    .ARM.Collect$$libinit$$0000000A  c_w.l(libinit2.o)
    0x08000162   0x08000162   0x00000000   Code   RO         2723    .ARM.Collect$$libinit$$0000000C  c_w.l(libinit2.o)
    0x08000162   0x08000162   0x00000000   Code   RO         2725    .ARM.Collect$$libinit$$0000000E  c_w.l(libinit2.o)
    0x08000162   0x08000162   0x00000000   Code   RO         2728    .ARM.Collect$$libinit$$00000011  c_w.l(libinit2.o)
    0x08000162   0x08000162   0x00000000   Code   RO         2730    .ARM.Collect$$libinit$$00000013  c_w.l(libinit2.o)
    0x08000162   0x08000162   0x00000000   Code   RO         2732    .ARM.Collect$$libinit$$00000015  c_w.l(libinit2.o)
    0x08000162   0x08000162   0x00000000   Code   RO         2734    .ARM.Collect$$libinit$$00000017  c_w.l(libinit2.o)
    0x08000162   0x08000162   0x00000000   Code   RO         2736    .ARM.Collect$$libinit$$00000019  c_w.l(libinit2.o)
    0x08000162   0x08000162   0x00000000   Code   RO         2738    .ARM.Collect$$libinit$$0000001B  c_w.l(libinit2.o)
    0x08000162   0x08000162   0x00000000   Code   RO         2740    .ARM.Collect$$libinit$$0000001D  c_w.l(libinit2.o)
    0x08000162   0x08000162   0x00000000   Code   RO         2742    .ARM.Collect$$libinit$$0000001F  c_w.l(libinit2.o)
    0x08000162   0x08000162   0x00000000   Code   RO         2744    .ARM.Collect$$libinit$$00000021  c_w.l(libinit2.o)
    0x08000162   0x08000162   0x00000000   Code   RO         2746    .ARM.Collect$$libinit$$00000023  c_w.l(libinit2.o)
    0x08000162   0x08000162   0x00000000   Code   RO         2748    .ARM.Collect$$libinit$$00000025  c_w.l(libinit2.o)
    0x08000162   0x08000162   0x00000000   Code   RO         2752    .ARM.Collect$$libinit$$0000002C  c_w.l(libinit2.o)
    0x08000162   0x08000162   0x00000000   Code   RO         2754    .ARM.Collect$$libinit$$0000002E  c_w.l(libinit2.o)
    0x08000162   0x08000162   0x00000000   Code   RO         2756    .ARM.Collect$$libinit$$00000030  c_w.l(libinit2.o)
    0x08000162   0x08000162   0x00000000   Code   RO         2758    .ARM.Collect$$libinit$$00000032  c_w.l(libinit2.o)
    0x08000162   0x08000162   0x00000002   Code   RO         2759    .ARM.Collect$$libinit$$00000033  c_w.l(libinit2.o)
    0x08000164   0x08000164   0x00000002   Code   RO         2779    .ARM.Collect$$libshutdown$$00000000  c_w.l(libshutdown.o)
    0x08000166   0x08000166   0x00000000   Code   RO         2792    .ARM.Collect$$libshutdown$$00000002  c_w.l(libshutdown2.o)
    0x08000166   0x08000166   0x00000000   Code   RO         2794    .ARM.Collect$$libshutdown$$00000004  c_w.l(libshutdown2.o)
    0x08000166   0x08000166   0x00000000   Code   RO         2797    .ARM.Collect$$libshutdown$$00000007  c_w.l(libshutdown2.o)
    0x08000166   0x08000166   0x00000000   Code   RO         2800    .ARM.Collect$$libshutdown$$0000000A  c_w.l(libshutdown2.o)
    0x08000166   0x08000166   0x00000000   Code   RO         2802    .ARM.Collect$$libshutdown$$0000000C  c_w.l(libshutdown2.o)
    0x08000166   0x08000166   0x00000000   Code   RO         2805    .ARM.Collect$$libshutdown$$0000000F  c_w.l(libshutdown2.o)
    0x08000166   0x08000166   0x00000002   Code   RO         2806    .ARM.Collect$$libshutdown$$00000010  c_w.l(libshutdown2.o)
    0x08000168   0x08000168   0x00000000   Code   RO         2680    .ARM.Collect$$rtentry$$00000000  c_w.l(__rtentry.o)
    0x08000168   0x08000168   0x00000000   Code   RO         2686    .ARM.Collect$$rtentry$$00000002  c_w.l(__rtentry2.o)
    0x08000168   0x08000168   0x00000006   Code   RO         2698    .ARM.Collect$$rtentry$$00000004  c_w.l(__rtentry4.o)
    0x0800016e   0x0800016e   0x00000008   Code   RO         2687    .ARM.Collect$$rtentry$$00000008  c_w.l(__rtentry2.o)
    0x08000176   0x08000176   0x00000004   Code   RO         2689    .ARM.Collect$$rtentry$$0000000A  c_w.l(__rtentry2.o)
    0x0800017a   0x0800017a   0x00000000   Code   RO         2691    .ARM.Collect$$rtentry$$0000000C  c_w.l(__rtentry2.o)
    0x0800017a   0x0800017a   0x00000008   Code   RO         2692    .ARM.Collect$$rtentry$$0000000D  c_w.l(__rtentry2.o)
    0x08000182   0x08000182   0x00000002   Code   RO         2713    .ARM.Collect$$rtexit$$00000000  c_w.l(rtexit.o)
    0x08000184   0x08000184   0x00000000   Code   RO         2761    .ARM.Collect$$rtexit$$00000002  c_w.l(rtexit2.o)
    0x08000184   0x08000184   0x00000004   Code   RO         2762    .ARM.Collect$$rtexit$$00000003  c_w.l(rtexit2.o)
    0x08000188   0x08000188   0x00000006   Code   RO         2763    .ARM.Collect$$rtexit$$00000004  c_w.l(rtexit2.o)
    0x0800018e   0x0800018e   0x00000002   PAD
    0x08000190   0x08000190   0x00000096   Code   RO         1799    .emb_text           port.o
    0x08000226   0x08000226   0x00000002   PAD
    0x08000228   0x08000228   0x00000040   Code   RO         1488  * .text               startup_stm32f10x_ld.o
    0x08000268   0x08000268   0x0000008a   Code   RO         2672    .text               c_w.l(rt_memcpy_v6.o)
    0x080002f2   0x080002f2   0x00000010   Code   RO         2674    .text               c_w.l(aeabi_memset.o)
    0x08000302   0x08000302   0x00000006   Code   RO         2676    .text               c_w.l(heapauxi.o)
    0x08000308   0x08000308   0x00000064   Code   RO         2681    .text               c_w.l(rt_memcpy_w.o)
    0x0800036c   0x0800036c   0x00000044   Code   RO         2683    .text               c_w.l(rt_memclr.o)
    0x080003b0   0x080003b0   0x0000004e   Code   RO         2700    .text               c_w.l(rt_memclr_w.o)
    0x080003fe   0x080003fe   0x0000004a   Code   RO         2702    .text               c_w.l(sys_stackheap_outer.o)
    0x08000448   0x08000448   0x00000012   Code   RO         2704    .text               c_w.l(exit.o)
    0x0800045a   0x0800045a   0x00000002   PAD
    0x0800045c   0x0800045c   0x00000008   Code   RO         2710    .text               c_w.l(libspace.o)
    0x08000464   0x08000464   0x0000000c   Code   RO         2771    .text               c_w.l(sys_exit.o)
    0x08000470   0x08000470   0x00000002   Code   RO         2782    .text               c_w.l(use_no_semi.o)
    0x08000472   0x08000472   0x00000000   Code   RO         2784    .text               c_w.l(indicate_semi.o)
    0x08000472   0x08000472   0x00000002   PAD
    0x08000474   0x08000474   0x00000010   Code   RO            4    i.Button_Read       bai4.o
    0x08000484   0x08000484   0x00000040   Code   RO            5    i.GPIO_Config       bai4.o
    0x080004c4   0x080004c4   0x00000116   Code   RO          916    i.GPIO_Init         stm32f10x_gpio.o
    0x080005da   0x080005da   0x00000012   Code   RO          920    i.GPIO_ReadInputDataBit  stm32f10x_gpio.o
    0x080005ec   0x080005ec   0x00000020   Code   RO         1040    i.RCC_APB2PeriphClockCmd  stm32f10x_rcc.o
    0x0800060c   0x0800060c   0x00000008   Code   RO         1495    i.SetSysClock       system_stm32f10x.o
    0x08000614   0x08000614   0x000000e0   Code   RO         1496    i.SetSysClockTo72   system_stm32f10x.o
    0x080006f4   0x080006f4   0x00000016   Code   RO          323    i.SysTick_Handler   cmsis_os2.o
    0x0800070a   0x0800070a   0x00000002   PAD
    0x0800070c   0x0800070c   0x00000060   Code   RO         1498    i.SystemInit        system_stm32f10x.o
    0x0800076c   0x0800076c   0x00000034   Code   RO            6    i.Task1             bai4.o
    0x080007a0   0x080007a0   0x00000038   Code   RO            7    i.Task2             bai4.o
    0x080007d8   0x080007d8   0x00000038   Code   RO            8    i.Task3             bai4.o
    0x08000810   0x08000810   0x0000007c   Code   RO            9    i.Task_Control      bai4.o
    0x0800088c   0x0800088c   0x00000016   Code   RO          154    i._mutex_acquire    clib_arm.o
    0x080008a2   0x080008a2   0x00000002   PAD
    0x080008a4   0x080008a4   0x00000034   Code   RO          155    i._mutex_free       clib_arm.o
    0x080008d8   0x080008d8   0x00000060   Code   RO          156    i._mutex_initialize  clib_arm.o
    0x08000938   0x08000938   0x00000018   Code   RO          157    i._mutex_release    clib_arm.o
    0x08000950   0x08000950   0x00000002   Code   RO          158    i._platform_post_stackheap_init  clib_arm.o
    0x08000952   0x08000952   0x00000002   PAD
    0x08000954   0x08000954   0x00000094   Code   RO           10    i.main              bai4.o
    0x080009e8   0x080009e8   0x00000024   Code   RO          159    i.os_kernel_is_active  clib_arm.o
    0x08000a0c   0x08000a0c   0x0000007c   Code   RO         2119    i.prvAddCurrentTaskToDelayedList  tasks.o
    0x08000a88   0x08000a88   0x000000b8   Code   RO         2120    i.prvAddNewTaskToReadyList  tasks.o
    0x08000b40   0x08000b40   0x0000005c   Code   RO         2504    i.prvCheckForValidListAndQueue  timers.o
    0x08000b9c   0x08000b9c   0x00000048   Code   RO         2121    i.prvCheckTasksWaitingTermination  tasks.o
    0x08000be4   0x08000be4   0x0000002a   Code   RO         1882    i.prvCopyDataFromQueue  queue.o
    0x08000c0e   0x08000c0e   0x0000007e   Code   RO         1883    i.prvCopyDataToQueue  queue.o
    0x08000c8c   0x08000c8c   0x00000028   Code   RO         2122    i.prvDeleteTCB      tasks.o
    0x08000cb4   0x08000cb4   0x00000014   Code   RO         1884    i.prvGetDisinheritPriorityAfterTimeout  queue.o
    0x08000cc8   0x08000cc8   0x00000028   Code   RO         2505    i.prvGetNextExpireTime  timers.o
    0x08000cf0   0x08000cf0   0x0000007c   Code   RO         1738    i.prvHeapInit       heap_4.o
    0x08000d6c   0x08000d6c   0x00000028   Code   RO         2123    i.prvIdleTask       tasks.o
    0x08000d94   0x08000d94   0x0000001e   Code   RO         1885    i.prvInitialiseMutex  queue.o
    0x08000db2   0x08000db2   0x0000002a   Code   RO         1886    i.prvInitialiseNewQueue  queue.o
    0x08000ddc   0x08000ddc   0x0000009a   Code   RO         2124    i.prvInitialiseNewTask  tasks.o
    0x08000e76   0x08000e76   0x00000002   PAD
    0x08000e78   0x08000e78   0x00000068   Code   RO         2125    i.prvInitialiseTaskLists  tasks.o
    0x08000ee0   0x08000ee0   0x00000068   Code   RO         1739    i.prvInsertBlockIntoFreeList  heap_4.o
    0x08000f48   0x08000f48   0x00000058   Code   RO         2507    i.prvInsertTimerInActiveList  timers.o
    0x08000fa0   0x08000fa0   0x0000001a   Code   RO         1887    i.prvIsQueueEmpty   queue.o
    0x08000fba   0x08000fba   0x0000001e   Code   RO         1888    i.prvIsQueueFull    queue.o
    0x08000fd8   0x08000fd8   0x0000005c   Code   RO         2508    i.prvProcessExpiredTimer  timers.o
    0x08001034   0x08001034   0x0000010c   Code   RO         2509    i.prvProcessReceivedCommands  timers.o
    0x08001140   0x08001140   0x00000074   Code   RO         2510    i.prvProcessTimerOrBlockTask  timers.o
    0x080011b4   0x080011b4   0x00000034   Code   RO         2127    i.prvResetNextTaskUnblockTime  tasks.o
    0x080011e8   0x080011e8   0x0000002c   Code   RO         2511    i.prvSampleTimeNow  timers.o
    0x08001214   0x08001214   0x00000088   Code   RO         2512    i.prvSwitchTimerLists  timers.o
    0x0800129c   0x0800129c   0x00000016   Code   RO         1800    i.prvTaskExitError  port.o
    0x080012b2   0x080012b2   0x0000001e   Code   RO         1562    i.prvTestWaitCondition  event_groups.o
    0x080012d0   0x080012d0   0x0000001a   Code   RO         2513    i.prvTimerTask      timers.o
    0x080012ea   0x080012ea   0x0000007e   Code   RO         1889    i.prvUnlockQueue    queue.o
    0x08001368   0x08001368   0x000000d0   Code   RO         1740    i.pvPortMalloc      heap_4.o
    0x08001438   0x08001438   0x00000020   Code   RO         2130    i.pvTaskIncrementMutexHeldCount  tasks.o
    0x08001458   0x08001458   0x00000024   Code   RO         1801    i.pxPortInitialiseStack  port.o
    0x0800147c   0x0800147c   0x00000028   Code   RO         1687    i.uxListRemove      list.o
    0x080014a4   0x080014a4   0x0000001c   Code   RO         2138    i.uxTaskResetEventItemValue  tasks.o
    0x080014c0   0x080014c0   0x00000018   Code   RO          390    i.vApplicationGetIdleTaskMemory  cmsis_os2.o
    0x080014d8   0x080014d8   0x00000018   Code   RO          391    i.vApplicationGetTimerTaskMemory  cmsis_os2.o
    0x080014f0   0x080014f0   0x00000002   Code   RO          392    i.vApplicationStackOverflowHook  cmsis_os2.o
    0x080014f2   0x080014f2   0x0000001a   Code   RO         1688    i.vListInitialise   list.o
    0x0800150c   0x0800150c   0x00000006   Code   RO         1689    i.vListInitialiseItem  list.o
    0x08001512   0x08001512   0x00000034   Code   RO         1690    i.vListInsert       list.o
    0x08001546   0x08001546   0x00000018   Code   RO         1691    i.vListInsertEnd    list.o
    0x0800155e   0x0800155e   0x00000002   PAD
    0x08001560   0x08001560   0x00000024   Code   RO         1803    i.vPortEnterCritical  port.o
    0x08001584   0x08001584   0x00000020   Code   RO         1804    i.vPortExitCritical  port.o
    0x080015a4   0x080015a4   0x00000048   Code   RO         1741    i.vPortFree         heap_4.o
    0x080015ec   0x080015ec   0x00000028   Code   RO         1805    i.vPortSetupTimerInterrupt  port.o
    0x08001614   0x08001614   0x00000014   Code   RO         1895    i.vQueueDelete      queue.o
    0x08001628   0x08001628   0x0000004a   Code   RO         1897    i.vQueueWaitForMessageRestricted  queue.o
    0x08001672   0x08001672   0x00000002   PAD
    0x08001674   0x08001674   0x00000034   Code   RO         2139    i.vTaskDelay        tasks.o
    0x080016a8   0x080016a8   0x00000018   Code   RO         2144    i.vTaskInternalSetTimeOutState  tasks.o
    0x080016c0   0x080016c0   0x0000000c   Code   RO         2145    i.vTaskMissedYield  tasks.o
    0x080016cc   0x080016cc   0x00000020   Code   RO         2147    i.vTaskPlaceOnEventList  tasks.o
    0x080016ec   0x080016ec   0x00000028   Code   RO         2148    i.vTaskPlaceOnEventListRestricted  tasks.o
    0x08001714   0x08001714   0x0000002c   Code   RO         2149    i.vTaskPlaceOnUnorderedEventList  tasks.o
    0x08001740   0x08001740   0x0000008c   Code   RO         2150    i.vTaskPriorityDisinheritAfterTimeout  tasks.o
    0x080017cc   0x080017cc   0x00000060   Code   RO         2152    i.vTaskRemoveFromUnorderedEventList  tasks.o
    0x0800182c   0x0800182c   0x00000094   Code   RO         2156    i.vTaskStartScheduler  tasks.o
    0x080018c0   0x080018c0   0x00000010   Code   RO         2158    i.vTaskSuspendAll   tasks.o
    0x080018d0   0x080018d0   0x000000b0   Code   RO         2159    i.vTaskSwitchContext  tasks.o
    0x08001980   0x08001980   0x00000020   Code   RO         1568    i.xEventGroupClearBits  event_groups.o
    0x080019a0   0x080019a0   0x0000001e   Code   RO         1570    i.xEventGroupCreate  event_groups.o
    0x080019be   0x080019be   0x00000092   Code   RO         1573    i.xEventGroupSetBits  event_groups.o
    0x08001a50   0x08001a50   0x000000cc   Code   RO         1576    i.xEventGroupWaitBits  event_groups.o
    0x08001b1c   0x08001b1c   0x00000034   Code   RO         1806    i.xPortStartScheduler  port.o
    0x08001b50   0x08001b50   0x00000034   Code   RO         1807    i.xPortSysTickHandler  port.o
    0x08001b84   0x08001b84   0x00000022   Code   RO         1900    i.xQueueCreateMutex  queue.o
    0x08001ba6   0x08001ba6   0x0000002a   Code   RO         1901    i.xQueueCreateMutexStatic  queue.o
    0x08001bd0   0x08001bd0   0x00000040   Code   RO         1902    i.xQueueGenericCreate  queue.o
    0x08001c10   0x08001c10   0x0000002e   Code   RO         1903    i.xQueueGenericCreateStatic  queue.o
    0x08001c3e   0x08001c3e   0x00000002   PAD
    0x08001c40   0x08001c40   0x00000080   Code   RO         1904    i.xQueueGenericReset  queue.o
    0x08001cc0   0x08001cc0   0x00000118   Code   RO         1905    i.xQueueGenericSend  queue.o
    0x08001dd8   0x08001dd8   0x00000086   Code   RO         1906    i.xQueueGenericSendFromISR  queue.o
    0x08001e5e   0x08001e5e   0x00000002   PAD
    0x08001e60   0x08001e60   0x00000104   Code   RO         1915    i.xQueueReceive     queue.o
    0x08001f64   0x08001f64   0x00000130   Code   RO         1917    i.xQueueSemaphoreTake  queue.o
    0x08002094   0x08002094   0x0000005c   Code   RO         2160    i.xTaskCheckForTimeOut  tasks.o
    0x080020f0   0x080020f0   0x00000064   Code   RO         2161    i.xTaskCreate       tasks.o
    0x08002154   0x08002154   0x0000004e   Code   RO         2162    i.xTaskCreateStatic  tasks.o
    0x080021a2   0x080021a2   0x00000002   PAD
    0x080021a4   0x080021a4   0x00000020   Code   RO         2166    i.xTaskGetSchedulerState  tasks.o
    0x080021c4   0x080021c4   0x0000000c   Code   RO         2167    i.xTaskGetTickCount  tasks.o
    0x080021d0   0x080021d0   0x00000118   Code   RO         2169    i.xTaskIncrementTick  tasks.o
    0x080022e8   0x080022e8   0x00000060   Code   RO         2172    i.xTaskPriorityDisinherit  tasks.o
    0x08002348   0x08002348   0x000000a4   Code   RO         2173    i.xTaskPriorityInherit  tasks.o
    0x080023ec   0x080023ec   0x00000080   Code   RO         2174    i.xTaskRemoveFromEventList  tasks.o
    0x0800246c   0x0800246c   0x000000e8   Code   RO         2175    i.xTaskResumeAll    tasks.o
    0x08002554   0x08002554   0x00000060   Code   RO         2521    i.xTimerCreateTimerTask  timers.o
    0x080025b4   0x080025b4   0x0000006c   Code   RO         2522    i.xTimerGenericCommand  timers.o
    0x08002620   0x08002620   0x00000020   Data   RO         2837    Region$$Table       anon$$obj.o


    Execution Region ER_RW (Exec base: 0x20000000, Load base: 0x08002640, Size: 0x00000088, Max: 0xffffffff, ABSOLUTE)

    Exec Addr    Load Addr    Size         Type   Attr      Idx    E Section Name        Object

    0x20000000   0x08002640   0x00000004   Data   RW           11    .data               bai4.o
    0x20000004   0x08002644   0x00000001   Data   RW          161    .data               clib_arm.o
    0x20000005   0x08002645   0x00000003   PAD
    0x20000008   0x08002648   0x00000014   Data   RW         1499    .data               system_stm32f10x.o
    0x2000001c   0x0800265c   0x00000018   Data   RW         1746    .data               heap_4.o
    0x20000034   0x08002674   0x00000004   Data   RW         1808    .data               port.o
    0x20000038   0x08002678   0x0000003c   Data   RW         2178    .data               tasks.o
    0x20000074   0x080026b4   0x00000014   Data   RW         2530    .data               timers.o


    Execution Region ER_ZI (Exec base: 0x20000088, Load base: 0x080026c8, Size: 0x00003378, Max: 0xffffffff, ABSOLUTE)

    Exec Addr    Load Addr    Size         Type   Attr      Idx    E Section Name        Object

    0x20000088        -       0x00000394   Zero   RW          160    .bss                clib_arm.o
    0x2000041c        -       0x000003f8   Zero   RW          393    .bss                cmsis_os2.o
    0x20000814        -       0x00002000   Zero   RW         1745    .bss                heap_4.o
    0x20002814        -       0x000004c4   Zero   RW         2177    .bss                tasks.o
    0x20002cd8        -       0x000000c8   Zero   RW         2529    .bss                timers.o
    0x20002da0        -       0x00000060   Zero   RW         2711    .bss                c_w.l(libspace.o)
    0x20002e00        -       0x00000200   Zero   RW         1486    HEAP                startup_stm32f10x_ld.o
    0x20003000        -       0x00000400   Zero   RW         1485    STACK               startup_stm32f10x_ld.o


==============================================================================

Image component sizes


      Code (inc. data)   RO Data    RW Data    ZI Data      Debug   Object Name

       516         86          0          4          0     239292   bai4.o
       232         20          0          1        916      10224   clib_arm.o
         0          0          0          0          0        392   cmsis_os1.o
        72         20          0          0       1016      25279   cmsis_os2.o
       442          6          0          0          0      16174   event_groups.o
       508         62          0         24       8192       4207   heap_4.o
       148          0          0          0          0      12394   list.o
       420         48          0          4          0       9312   port.o
      1828         18          0          0          0      19574   queue.o
        64         26        236          0       1536        780   startup_stm32f10x_ld.o
       296          0          0          0          0       2972   stm32f10x_gpio.o
        32          6          0          0          0        637   stm32f10x_rcc.o
       328         28          0         20          0       2221   system_stm32f10x.o
      2824        394          0         60       1220      42260   tasks.o
      1106        114          0         20        200      12135   timers.o

    ----------------------------------------------------------------------
      8836        828        268        136      13080     397853   Object Totals
         0          0         32          0          0          0   (incl. Generated)
        20          0          0          3          0          0   (incl. Padding)

    ----------------------------------------------------------------------

      Code (inc. data)   RO Data    RW Data    ZI Data      Debug   Library Member Name

         8          0          0          0          0         68   __main.o
         0          0          0          0          0          0   __rtentry.o
        20          0          0          0          0          0   __rtentry2.o
         6          0          0          0          0          0   __rtentry4.o
        52          8          0          0          0          0   __scatter.o
        26          0          0          0          0          0   __scatter_copy.o
        28          0          0          0          0          0   __scatter_zi.o
        16          0          0          0          0         68   aeabi_memset.o
        18          0          0          0          0         80   exit.o
         6          0          0          0          0        152   heapauxi.o
         0          0          0          0          0          0   indicate_semi.o
         2          0          0          0          0          0   libinit.o
         2          0          0          0          0          0   libinit2.o
         2          0          0          0          0          0   libshutdown.o
         2          0          0          0          0          0   libshutdown2.o
         8          4          0          0         96         68   libspace.o
        68          0          0          0          0         68   rt_memclr.o
        78          0          0          0          0         80   rt_memclr_w.o
       138          0          0          0          0         68   rt_memcpy_v6.o
       100          0          0          0          0         80   rt_memcpy_w.o
         2          0          0          0          0          0   rtexit.o
        10          0          0          0          0          0   rtexit2.o
        12          4          0          0          0         68   sys_exit.o
        74          0          0          0          0         80   sys_stackheap_outer.o
         2          0          0          0          0         68   use_no_semi.o

    ----------------------------------------------------------------------
       688         16          0          0         96        948   Library Totals
         8          0          0          0          0          0   (incl. Padding)

    ----------------------------------------------------------------------

      Code (inc. data)   RO Data    RW Data    ZI Data      Debug   Library Name

       680         16          0          0         96        948   c_w.l

    ----------------------------------------------------------------------
       688         16          0          0         96        948   Library Totals

    ----------------------------------------------------------------------

==============================================================================


      Code (inc. data)   RO Data    RW Data    ZI Data      Debug   

      9524        844        268        136      13176     393025   Grand Totals
      9524        844        268        136      13176     393025   ELF Image Totals
      9524        844        268        136          0          0   ROM Totals

==============================================================================

    Total RO  Size (Code + RO Data)                 9792 (   9.56kB)
    Total RW  Size (RW Data + ZI Data)             13312 (  13.00kB)
    Total ROM Size (Code + RO Data + RW Data)       9928 (   9.70kB)

==============================================================================

